###############################################################################
#
# IAR ELF Linker V8.50.4.261/W32 for ARM                  24/Jun/2020  09:05:51
# Copyright 2007-2020 IAR Systems AB.
#
#    Output file  =
#        C:\Users\PKNU\Desktop\IOT\StudyARM\USART_LCD\EWARM\USART_LCD\Exe\USART_LCD.out
#    Map file     =
#        C:\Users\PKNU\Desktop\IOT\StudyARM\USART_LCD\EWARM\USART_LCD\List\USART_LCD.map
#    Command line =
#        -f C:\Users\PKNU\AppData\Local\Temp\EWFABE.tmp
#        (C:\Users\PKNU\Desktop\IOT\StudyARM\USART_LCD\EWARM\USART_LCD\Obj\gpio.o
#        C:\Users\PKNU\Desktop\IOT\StudyARM\USART_LCD\EWARM\USART_LCD\Obj\lcd.o
#        C:\Users\PKNU\Desktop\IOT\StudyARM\USART_LCD\EWARM\USART_LCD\Obj\main.o
#        C:\Users\PKNU\Desktop\IOT\StudyARM\USART_LCD\EWARM\USART_LCD\Obj\startup_stm32f405xx.o
#        C:\Users\PKNU\Desktop\IOT\StudyARM\USART_LCD\EWARM\USART_LCD\Obj\stm32f4xx_hal.o
#        C:\Users\PKNU\Desktop\IOT\StudyARM\USART_LCD\EWARM\USART_LCD\Obj\stm32f4xx_hal_cortex.o
#        C:\Users\PKNU\Desktop\IOT\StudyARM\USART_LCD\EWARM\USART_LCD\Obj\stm32f4xx_hal_dma.o
#        C:\Users\PKNU\Desktop\IOT\StudyARM\USART_LCD\EWARM\USART_LCD\Obj\stm32f4xx_hal_dma_ex.o
#        C:\Users\PKNU\Desktop\IOT\StudyARM\USART_LCD\EWARM\USART_LCD\Obj\stm32f4xx_hal_exti.o
#        C:\Users\PKNU\Desktop\IOT\StudyARM\USART_LCD\EWARM\USART_LCD\Obj\stm32f4xx_hal_flash.o
#        C:\Users\PKNU\Desktop\IOT\StudyARM\USART_LCD\EWARM\USART_LCD\Obj\stm32f4xx_hal_flash_ex.o
#        C:\Users\PKNU\Desktop\IOT\StudyARM\USART_LCD\EWARM\USART_LCD\Obj\stm32f4xx_hal_flash_ramfunc.o
#        C:\Users\PKNU\Desktop\IOT\StudyARM\USART_LCD\EWARM\USART_LCD\Obj\stm32f4xx_hal_gpio.o
#        C:\Users\PKNU\Desktop\IOT\StudyARM\USART_LCD\EWARM\USART_LCD\Obj\stm32f4xx_hal_msp.o
#        C:\Users\PKNU\Desktop\IOT\StudyARM\USART_LCD\EWARM\USART_LCD\Obj\stm32f4xx_hal_pwr.o
#        C:\Users\PKNU\Desktop\IOT\StudyARM\USART_LCD\EWARM\USART_LCD\Obj\stm32f4xx_hal_pwr_ex.o
#        C:\Users\PKNU\Desktop\IOT\StudyARM\USART_LCD\EWARM\USART_LCD\Obj\stm32f4xx_hal_rcc.o
#        C:\Users\PKNU\Desktop\IOT\StudyARM\USART_LCD\EWARM\USART_LCD\Obj\stm32f4xx_hal_rcc_ex.o
#        C:\Users\PKNU\Desktop\IOT\StudyARM\USART_LCD\EWARM\USART_LCD\Obj\stm32f4xx_hal_tim.o
#        C:\Users\PKNU\Desktop\IOT\StudyARM\USART_LCD\EWARM\USART_LCD\Obj\stm32f4xx_hal_tim_ex.o
#        C:\Users\PKNU\Desktop\IOT\StudyARM\USART_LCD\EWARM\USART_LCD\Obj\stm32f4xx_hal_uart.o
#        C:\Users\PKNU\Desktop\IOT\StudyARM\USART_LCD\EWARM\USART_LCD\Obj\stm32f4xx_it.o
#        C:\Users\PKNU\Desktop\IOT\StudyARM\USART_LCD\EWARM\USART_LCD\Obj\system_stm32f4xx.o
#        C:\Users\PKNU\Desktop\IOT\StudyARM\USART_LCD\EWARM\USART_LCD\Obj\usart.o
#        --redirect _Printf=_PrintfFull --redirect _Scanf=_ScanfFull
#        --no_out_extension -o
#        C:\Users\PKNU\Desktop\IOT\StudyARM\USART_LCD\EWARM\USART_LCD\Exe\USART_LCD.out
#        --map
#        C:\Users\PKNU\Desktop\IOT\StudyARM\USART_LCD\EWARM\USART_LCD\List\USART_LCD.map
#        --config
#        C:\Users\PKNU\Desktop\IOT\StudyARM\USART_LCD\EWARM/stm32f405xx_flash.icf
#        --semihosting --entry __iar_program_start --vfe --text_out locale)
#
###############################################################################

*******************************************************************************
*** RUNTIME MODEL ATTRIBUTES
***

CppFlavor       = *
__SystemLibrary = DLib
__dlib_version  = 6


*******************************************************************************
*** HEAP SELECTION
***

The basic heap was selected because some modules are built with
size limitations (and not runtime checking), and --advanced_heap
was not specified.


*******************************************************************************
*** PLACEMENT SUMMARY
***

"A0":  place at address 0x800'0000 { ro section .intvec };
"P1":  place in [from 0x800'0000 to 0x80f'ffff] { ro };
define block CSTACK with size = 1K, alignment = 8 { };
define block HEAP with size = 512, alignment = 8 { };
"P2":  place in [from 0x2000'0000 to 0x2001'ffff] {
          rw, block CSTACK, block HEAP };
initialize by copy { rw };

  Section            Kind         Address    Size  Object
  -------            ----         -------    ----  ------
"A0":                                       0x188
  .intvec            ro code   0x800'0000   0x188  startup_stm32f405xx.o [1]
                             - 0x800'0188   0x188

"P1":                                      0x16b3
  .text              ro code   0x800'0188   0x4ec  stm32f4xx_hal_uart.o [1]
  .text              ro code   0x800'0674    0xb4  usart.o [1]
  .text              ro code   0x800'0728     0xc  stm32f4xx_hal.o [1]
  .text              ro code   0x800'0734    0x24  stm32f4xx_hal_dma.o [1]
  .text              ro code   0x800'0758     0x2  stm32f4xx_hal_uart.o [1]
  .text              ro code   0x800'075a     0x2  stm32f4xx_hal_uart.o [1]
  .text              ro code   0x800'075c   0x136  main.o [1]
  .text              ro code   0x800'0894   0x1ac  stm32f4xx_hal_rcc.o [1]
  .text              ro code   0x800'0a40   0x106  I64DivMod_small.o [4]
  .text              ro code   0x800'0b46    0x14  memset.o [4]
  .text              ro code   0x800'0b5c   0x1e4  stm32f4xx_hal_gpio.o [1]
  .text              ro code   0x800'0d40    0xc4  stm32f4xx_hal_cortex.o [1]
  .text              ro code   0x800'0e04    0x34  stm32f4xx_hal.o [1]
  .text              ro code   0x800'0e38    0xb4  gpio.o [1]
  .text              ro code   0x800'0eec   0x2b8  lcd.o [1]
  .text              ro code   0x800'11a4   0x310  stm32f4xx_hal_rcc.o [1]
  .text              ro code   0x800'14b4    0x40  stm32f4xx_hal.o [1]
  .text              ro code   0x800'14f4     0x2  I64DivZer.o [4]
  .text              ro code   0x800'14f8    0x66  ABImemset.o [4]
  .text              ro code   0x800'1560    0x38  stm32f4xx_hal_msp.o [1]
  .text              ro code   0x800'1598    0x38  packbits_init_single.o [4]
  .text              ro code   0x800'15d0    0x2c  system_stm32f4xx.o [1]
  .text              ro code   0x800'15fc    0x28  data_init.o [4]
  .text              ro code   0x800'1624    0x22  fpinit_M.o [3]
  .iar.init_table    const     0x800'1648    0x10  - Linker created -
  .text              ro code   0x800'1658    0x20  stm32f4xx_it.o [1]
  .text              ro code   0x800'1678    0x10  stm32f4xx_hal.o [1]
  .text              ro code   0x800'1688    0x1e  cmain.o [4]
  .text              ro code   0x800'16a6     0x4  low_level_init.o [2]
  .text              ro code   0x800'16aa     0x4  exit.o [2]
  .text              ro code   0x800'16b0     0xa  cexit.o [4]
  .text              ro code   0x800'16bc    0x14  exit.o [5]
  .text              ro code   0x800'16d0    0x10  startup_stm32f405xx.o [1]
  .text              ro code   0x800'16e0     0xc  cstartup_M.o [4]
  .rodata            const     0x800'16ec     0x8  system_stm32f4xx.o [1]
  .text              ro code   0x800'16f4     0x4  startup_stm32f405xx.o [1]
  .text              ro code   0x800'16f8     0x4  startup_stm32f405xx.o [1]
  .text              ro code   0x800'16fc     0x4  startup_stm32f405xx.o [1]
  .text              ro code   0x800'1700     0x4  startup_stm32f405xx.o [1]
  .text              ro code   0x800'1704     0x4  startup_stm32f405xx.o [1]
  .text              ro code   0x800'1708     0x4  startup_stm32f405xx.o [1]
  .text              ro code   0x800'170c     0x4  startup_stm32f405xx.o [1]
  .text              ro code   0x800'1710     0x4  startup_stm32f405xx.o [1]
  .text              ro code   0x800'1714     0x4  startup_stm32f405xx.o [1]
  .text              ro code   0x800'1718     0x4  startup_stm32f405xx.o [1]
  .text              ro code   0x800'171c     0x4  startup_stm32f405xx.o [1]
  .text              ro code   0x800'1720     0x4  startup_stm32f405xx.o [1]
  .text              ro code   0x800'1724     0x4  startup_stm32f405xx.o [1]
  .text              ro code   0x800'1728     0x4  startup_stm32f405xx.o [1]
  .text              ro code   0x800'172c     0x4  startup_stm32f405xx.o [1]
  .text              ro code   0x800'1730     0x4  startup_stm32f405xx.o [1]
  .text              ro code   0x800'1734     0x4  startup_stm32f405xx.o [1]
  .text              ro code   0x800'1738     0x4  startup_stm32f405xx.o [1]
  .text              ro code   0x800'173c     0x4  startup_stm32f405xx.o [1]
  .text              ro code   0x800'1740     0x4  startup_stm32f405xx.o [1]
  .text              ro code   0x800'1744     0x4  startup_stm32f405xx.o [1]
  .text              ro code   0x800'1748     0x4  startup_stm32f405xx.o [1]
  .text              ro code   0x800'174c     0x4  startup_stm32f405xx.o [1]
  .text              ro code   0x800'1750     0x4  startup_stm32f405xx.o [1]
  .text              ro code   0x800'1754     0x4  startup_stm32f405xx.o [1]
  .text              ro code   0x800'1758     0x4  startup_stm32f405xx.o [1]
  .text              ro code   0x800'175c     0x4  startup_stm32f405xx.o [1]
  .text              ro code   0x800'1760     0x4  startup_stm32f405xx.o [1]
  .text              ro code   0x800'1764     0x4  startup_stm32f405xx.o [1]
  .text              ro code   0x800'1768     0x4  startup_stm32f405xx.o [1]
  .text              ro code   0x800'176c     0x4  startup_stm32f405xx.o [1]
  .text              ro code   0x800'1770     0x4  startup_stm32f405xx.o [1]
  .text              ro code   0x800'1774     0x4  startup_stm32f405xx.o [1]
  .text              ro code   0x800'1778     0x4  startup_stm32f405xx.o [1]
  .text              ro code   0x800'177c     0x4  startup_stm32f405xx.o [1]
  .text              ro code   0x800'1780     0x4  startup_stm32f405xx.o [1]
  .text              ro code   0x800'1784     0x4  startup_stm32f405xx.o [1]
  .text              ro code   0x800'1788     0x4  startup_stm32f405xx.o [1]
  .text              ro code   0x800'178c     0x4  startup_stm32f405xx.o [1]
  .text              ro code   0x800'1790     0x4  startup_stm32f405xx.o [1]
  .text              ro code   0x800'1794     0x4  startup_stm32f405xx.o [1]
  .text              ro code   0x800'1798     0x4  startup_stm32f405xx.o [1]
  .text              ro code   0x800'179c     0x4  startup_stm32f405xx.o [1]
  .text              ro code   0x800'17a0     0x4  startup_stm32f405xx.o [1]
  .text              ro code   0x800'17a4     0x4  startup_stm32f405xx.o [1]
  .text              ro code   0x800'17a8     0x4  startup_stm32f405xx.o [1]
  .text              ro code   0x800'17ac     0x4  startup_stm32f405xx.o [1]
  .text              ro code   0x800'17b0     0x4  startup_stm32f405xx.o [1]
  .text              ro code   0x800'17b4     0x4  startup_stm32f405xx.o [1]
  .text              ro code   0x800'17b8     0x4  startup_stm32f405xx.o [1]
  .text              ro code   0x800'17bc     0x4  startup_stm32f405xx.o [1]
  .text              ro code   0x800'17c0     0x4  startup_stm32f405xx.o [1]
  .text              ro code   0x800'17c4     0x4  startup_stm32f405xx.o [1]
  .text              ro code   0x800'17c8     0x4  startup_stm32f405xx.o [1]
  .text              ro code   0x800'17cc     0x4  startup_stm32f405xx.o [1]
  .text              ro code   0x800'17d0     0x4  startup_stm32f405xx.o [1]
  .text              ro code   0x800'17d4     0x4  startup_stm32f405xx.o [1]
  .text              ro code   0x800'17d8     0x4  startup_stm32f405xx.o [1]
  .text              ro code   0x800'17dc     0x4  startup_stm32f405xx.o [1]
  .text              ro code   0x800'17e0     0x4  startup_stm32f405xx.o [1]
  .text              ro code   0x800'17e4     0x4  startup_stm32f405xx.o [1]
  .text              ro code   0x800'17e8     0x4  startup_stm32f405xx.o [1]
  .text              ro code   0x800'17ec     0x4  startup_stm32f405xx.o [1]
  .text              ro code   0x800'17f0     0x4  startup_stm32f405xx.o [1]
  .text              ro code   0x800'17f4     0x4  startup_stm32f405xx.o [1]
  .text              ro code   0x800'17f8     0x4  startup_stm32f405xx.o [1]
  .text              ro code   0x800'17fc     0x4  startup_stm32f405xx.o [1]
  .text              ro code   0x800'1800     0x4  startup_stm32f405xx.o [1]
  .text              ro code   0x800'1804     0x4  startup_stm32f405xx.o [1]
  .text              ro code   0x800'1808     0x4  startup_stm32f405xx.o [1]
  .text              ro code   0x800'180c     0x4  startup_stm32f405xx.o [1]
  .text              ro code   0x800'1810     0x4  startup_stm32f405xx.o [1]
  .text              ro code   0x800'1814     0x4  startup_stm32f405xx.o [1]
  .text              ro code   0x800'1818     0x4  startup_stm32f405xx.o [1]
  .text              ro code   0x800'181c     0x4  startup_stm32f405xx.o [1]
  .text              ro code   0x800'1820     0x4  startup_stm32f405xx.o [1]
  .text              ro code   0x800'1824     0x4  startup_stm32f405xx.o [1]
  .rodata            const     0x800'1828     0x0  packbits_init_single.o [4]
  Initializer bytes  const     0x800'1828    0x13  <for P2-1>
                             - 0x800'183b  0x16b3

"P2", part 1 of 2:                           0x58
  P2-1                        0x2000'0000    0x58  <Init block>
    .data            inited   0x2000'0000     0x8  main.o [1]
    .data            inited   0x2000'0008     0xc  stm32f4xx_hal.o [1]
    .data            inited   0x2000'0014     0x4  system_stm32f4xx.o [1]
    .bss             inited   0x2000'0018    0x40  usart.o [1]
                            - 0x2000'0058    0x58

"P2", part 2 of 2:                          0x400
  CSTACK                      0x2000'0058   0x400  <Block>
    CSTACK           uninit   0x2000'0058   0x400  <Block tail>
                            - 0x2000'0458   0x400

Unused ranges:

         From           To      Size
         ----           --      ----
   0x800'183b   0x80f'ffff  0xf'e7c5
  0x2000'0458  0x2001'ffff  0x1'fba8


*******************************************************************************
*** INIT TABLE
***

          Address      Size
          -------      ----
Copy/packbits (__iar_packbits_init_single3)
    1 source range, total size 0x13 (21% of destination):
           0x800'1828  0x13
    1 destination range, total size 0x58:
          0x2000'0000  0x58



*******************************************************************************
*** MODULE SUMMARY
***

    Module                  ro code  ro data  rw data
    ------                  -------  -------  -------
command line/config:
    -------------------------------------------------
    Total:

C:\Users\PKNU\Desktop\IOT\StudyARM\USART_LCD\EWARM\USART_LCD\Obj: [1]
    gpio.o                      180
    lcd.o                       696
    main.o                      310        1        8
    startup_stm32f405xx.o       716
    stm32f4xx_hal.o             144        3       12
    stm32f4xx_hal_cortex.o      196
    stm32f4xx_hal_dma.o          36
    stm32f4xx_hal_gpio.o        484
    stm32f4xx_hal_msp.o          56
    stm32f4xx_hal_rcc.o       1'212
    stm32f4xx_hal_uart.o      1'264
    stm32f4xx_it.o               32
    system_stm32f4xx.o           44        9        4
    usart.o                     180       14       64
    -------------------------------------------------
    Total:                    5'550       27       88

dl7M_tln.a: [2]
    exit.o                        4
    low_level_init.o              4
    -------------------------------------------------
    Total:                        8

m7M_tls.a: [3]
    fpinit_M.o                   34
    -------------------------------------------------
    Total:                       34

rt7M_tl.a: [4]
    ABImemset.o                 102
    I64DivMod_small.o           262
    I64DivZer.o                   2
    cexit.o                      10
    cmain.o                      30
    cstartup_M.o                 12
    data_init.o                  40
    memset.o                     20
    packbits_init_single.o       56
    -------------------------------------------------
    Total:                      534

shb_l.a: [5]
    exit.o                       20
    -------------------------------------------------
    Total:                       20

    Gaps                         12        2
    Linker created                        16    1'024
-----------------------------------------------------
    Grand Total:              6'158       45    1'112


*******************************************************************************
*** ENTRY LIST
***

Entry                       Address   Size  Type      Object
-----                       -------   ----  ----      ------
.iar.init_table$$Base    0x800'1648          --   Gb  - Linker created -
.iar.init_table$$Limit   0x800'1658          --   Gb  - Linker created -
?main                    0x800'1689         Code  Gb  cmain.o [4]
AHBPrescTable            0x800'15ec   0x10  Data  Gb  system_stm32f4xx.o [1]
APBPrescTable            0x800'16ec    0x8  Data  Gb  system_stm32f4xx.o [1]
BusFault_Handler         0x800'165f    0x2  Code  Gb  stm32f4xx_it.o [1]
CSTACK$$Base            0x2000'0058          --   Gb  - Linker created -
CSTACK$$Limit           0x2000'0458          --   Gb  - Linker created -
DebugMon_Handler         0x800'1665    0x2  Code  Gb  stm32f4xx_it.o [1]
Error_Handler            0x800'0891    0x2  Code  Gb  main.o [1]
HAL_DMA_Abort_IT         0x800'0735   0x24  Code  Gb  stm32f4xx_hal_dma.o [1]
HAL_GPIO_Init            0x800'0b5d  0x1ae  Code  Gb  stm32f4xx_hal_gpio.o [1]
HAL_GPIO_WritePin        0x800'0d0b    0x8  Code  Gb  stm32f4xx_hal_gpio.o [1]
HAL_GetTick              0x800'0729    0xc  Code  Wk  stm32f4xx_hal.o [1]
HAL_IncTick              0x800'1679   0x10  Code  Wk  stm32f4xx_hal.o [1]
HAL_Init                 0x800'0e05   0x30  Code  Gb  stm32f4xx_hal.o [1]
HAL_InitTick             0x800'14b5   0x40  Code  Wk  stm32f4xx_hal.o [1]
HAL_MspInit              0x800'1561   0x38  Code  Gb  stm32f4xx_hal_msp.o [1]
HAL_NVIC_EnableIRQ       0x800'0daf   0x16  Code  Gb  stm32f4xx_hal_cortex.o [1]
HAL_NVIC_SetPriority     0x800'0d75   0x3a  Code  Gb  stm32f4xx_hal_cortex.o [1]
HAL_NVIC_SetPriorityGrouping
                         0x800'0d5b   0x1a  Code  Gb  stm32f4xx_hal_cortex.o [1]
HAL_RCC_ClockConfig      0x800'0895  0x100  Code  Gb  stm32f4xx_hal_rcc.o [1]
HAL_RCC_GetPCLK1Freq     0x800'09a1   0x10  Code  Gb  stm32f4xx_hal_rcc.o [1]
HAL_RCC_GetPCLK2Freq     0x800'09b1    0xe  Code  Gb  stm32f4xx_hal_rcc.o [1]
HAL_RCC_OscConfig        0x800'11a5  0x310  Code  Wk  stm32f4xx_hal_rcc.o [1]
HAL_SYSTICK_Config       0x800'0dc5   0x28  Code  Gb  stm32f4xx_hal_cortex.o [1]
HAL_UART_IRQHandler      0x800'0313  0x15c  Code  Gb  stm32f4xx_hal_uart.o [1]
HAL_UART_Init            0x800'0189   0x1e  Code  Gb  stm32f4xx_hal_uart.o [1]
HAL_UART_MspInit         0x800'06a3   0x76  Code  Gb  usart.o [1]
HAL_UART_Receive_IT      0x800'02b1   0x56  Code  Gb  stm32f4xx_hal_uart.o [1]
HAL_UART_RxCpltCallback
                         0x800'081d   0x5e  Code  Gb  main.o [1]
HAL_UART_Transmit        0x800'01ff   0xaa  Code  Gb  stm32f4xx_hal_uart.o [1]
HardFault_Handler        0x800'165b    0x2  Code  Gb  stm32f4xx_it.o [1]
MX_GPIO_Init             0x800'0e39   0x96  Code  Gb  gpio.o [1]
MX_USART1_UART_Init      0x800'0675   0x2e  Code  Gb  usart.o [1]
MemManage_Handler        0x800'165d    0x2  Code  Gb  stm32f4xx_it.o [1]
NMI_Handler              0x800'1659    0x2  Code  Gb  stm32f4xx_it.o [1]
PendSV_Handler           0x800'1667    0x2  Code  Gb  stm32f4xx_it.o [1]
Region$$Table$$Base      0x800'1648          --   Gb  - Linker created -
Region$$Table$$Limit     0x800'1658          --   Gb  - Linker created -
SVC_Handler              0x800'1663    0x2  Code  Gb  stm32f4xx_it.o [1]
SysTick_Handler          0x800'1669    0x4  Code  Gb  stm32f4xx_it.o [1]
SystemClock_Config       0x800'0787   0x96  Code  Gb  main.o [1]
SystemCoreClock         0x2000'0014    0x4  Data  Gb  system_stm32f4xx.o [1]
SystemInit               0x800'15d1   0x14  Code  Gb  system_stm32f4xx.o [1]
UART_DMAAbortOnError     0x800'04f1    0xc  Code  Lc  stm32f4xx_hal_uart.o [1]
UART_EndRxTransfer       0x800'04d3   0x1c  Code  Lc  stm32f4xx_hal_uart.o [1]
UART_Receive_IT          0x800'04fd   0x92  Code  Lc  stm32f4xx_hal_uart.o [1]
UART_SetConfig           0x800'058f   0xca  Code  Lc  stm32f4xx_hal_uart.o [1]
UART_WaitOnFlagUntilTimeout
                         0x800'046f   0x56  Code  Lc  stm32f4xx_hal_uart.o [1]
USART1_IRQHandler        0x800'166d    0x6  Code  Gb  stm32f4xx_it.o [1]
UsageFault_Handler       0x800'1661    0x2  Code  Gb  stm32f4xx_it.o [1]
__NVIC_SetPriority       0x800'0d41   0x1a  Code  Lc  stm32f4xx_hal_cortex.o [1]
__aeabi_ldiv0            0x800'14f5         Code  Gb  I64DivZer.o [4]
__aeabi_memset           0x800'14f9         Code  Gb  ABImemset.o [4]
__cmain                  0x800'1689         Code  Gb  cmain.o [4]
__exit                   0x800'16bd   0x14  Code  Gb  exit.o [5]
__iar_Memset             0x800'14f9         Code  Gb  ABImemset.o [4]
__iar_Memset_word        0x800'1501         Code  Gb  ABImemset.o [4]
__iar_data_init3         0x800'15fd   0x28  Code  Gb  data_init.o [4]
__iar_init_vfp           0x800'1625         Code  Gb  fpinit_M.o [3]
__iar_packbits_init_single3
                         0x800'1599   0x38  Code  Gb  packbits_init_single.o [4]
__iar_program_start      0x800'16e1         Code  Gb  cstartup_M.o [4]
__iar_small_uldivmod     0x800'0a41         Code  Gb  I64DivMod_small.o [4]
__low_level_init         0x800'16a7    0x4  Code  Gb  low_level_init.o [2]
__vector_table           0x800'0000         Data  Gb  startup_stm32f405xx.o [1]
_call_main               0x800'1695         Code  Gb  cmain.o [4]
_exit                    0x800'16b1         Code  Gb  cexit.o [4]
_main                    0x800'16a3         Code  Gb  cmain.o [4]
cnt                     0x2000'0004    0x4  Data  Gb  main.o [1]
exit                     0x800'16ab    0x4  Code  Gb  exit.o [2]
huart1                  0x2000'0018   0x40  Data  Gb  usart.o [1]
lcdClear                 0x800'1183    0x4  Code  Gb  lcd.o [1]
lcdControlWrite          0x800'10bb    0xc  Code  Gb  lcd.o [1]
lcdDataWrite             0x800'10c7   0x12  Code  Gb  lcd.o [1]
lcdGotoXY                0x800'1187   0x1e  Code  Gb  lcd.o [1]
lcdHome                  0x800'117f    0x4  Code  Gb  lcd.o [1]
lcdInit                  0x800'114d   0x32  Code  Gb  lcd.o [1]
lcdInitHW                0x800'1059   0x62  Code  Gb  lcd.o [1]
lcdmDelay                0x800'103b   0x1e  Code  Lc  lcd.o [1]
lcduDelay                0x800'0eed  0x14e  Code  Lc  lcd.o [1]
main                     0x800'075d   0x2a  Code  Gb  main.o [1]
memset                   0x800'0b47   0x14  Code  Gb  memset.o [4]
rxData                  0x2000'0000    0x1  Data  Gb  main.o [1]
uwTick                  0x2000'000c    0x4  Data  Gb  stm32f4xx_hal.o [1]
uwTickFreq              0x2000'0008    0x1  Data  Gb  stm32f4xx_hal.o [1]
uwTickPrio              0x2000'0010    0x4  Data  Gb  stm32f4xx_hal.o [1]


[1] = C:\Users\PKNU\Desktop\IOT\StudyARM\USART_LCD\EWARM\USART_LCD\Obj
[2] = dl7M_tln.a
[3] = m7M_tls.a
[4] = rt7M_tl.a
[5] = shb_l.a

  6'158 bytes of readonly  code memory
     45 bytes of readonly  data memory
  1'112 bytes of readwrite data memory

Errors: none
Warnings: none
