###############################################################################
#
# IAR ELF Linker V8.50.4.261/W32 for ARM                  22/Jun/2020  14:25:52
# Copyright 2007-2020 IAR Systems AB.
#
#    Output file  =
#        C:\Users\PKNU\Desktop\IOT\StudyARM\FND\EWARM\FND\Exe\FND.out
#    Map file     =
#        C:\Users\PKNU\Desktop\IOT\StudyARM\FND\EWARM\FND\List\FND.map
#    Command line =
#        -f C:\Users\PKNU\AppData\Local\Temp\EW74DA.tmp
#        (C:\Users\PKNU\Desktop\IOT\StudyARM\FND\EWARM\FND\Obj\gpio.o
#        C:\Users\PKNU\Desktop\IOT\StudyARM\FND\EWARM\FND\Obj\main.o
#        C:\Users\PKNU\Desktop\IOT\StudyARM\FND\EWARM\FND\Obj\startup_stm32f405xx.o
#        C:\Users\PKNU\Desktop\IOT\StudyARM\FND\EWARM\FND\Obj\stm32f4xx_hal.o
#        C:\Users\PKNU\Desktop\IOT\StudyARM\FND\EWARM\FND\Obj\stm32f4xx_hal_cortex.o
#        C:\Users\PKNU\Desktop\IOT\StudyARM\FND\EWARM\FND\Obj\stm32f4xx_hal_dma.o
#        C:\Users\PKNU\Desktop\IOT\StudyARM\FND\EWARM\FND\Obj\stm32f4xx_hal_dma_ex.o
#        C:\Users\PKNU\Desktop\IOT\StudyARM\FND\EWARM\FND\Obj\stm32f4xx_hal_exti.o
#        C:\Users\PKNU\Desktop\IOT\StudyARM\FND\EWARM\FND\Obj\stm32f4xx_hal_flash.o
#        C:\Users\PKNU\Desktop\IOT\StudyARM\FND\EWARM\FND\Obj\stm32f4xx_hal_flash_ex.o
#        C:\Users\PKNU\Desktop\IOT\StudyARM\FND\EWARM\FND\Obj\stm32f4xx_hal_flash_ramfunc.o
#        C:\Users\PKNU\Desktop\IOT\StudyARM\FND\EWARM\FND\Obj\stm32f4xx_hal_gpio.o
#        C:\Users\PKNU\Desktop\IOT\StudyARM\FND\EWARM\FND\Obj\stm32f4xx_hal_msp.o
#        C:\Users\PKNU\Desktop\IOT\StudyARM\FND\EWARM\FND\Obj\stm32f4xx_hal_pwr.o
#        C:\Users\PKNU\Desktop\IOT\StudyARM\FND\EWARM\FND\Obj\stm32f4xx_hal_pwr_ex.o
#        C:\Users\PKNU\Desktop\IOT\StudyARM\FND\EWARM\FND\Obj\stm32f4xx_hal_rcc.o
#        C:\Users\PKNU\Desktop\IOT\StudyARM\FND\EWARM\FND\Obj\stm32f4xx_hal_rcc_ex.o
#        C:\Users\PKNU\Desktop\IOT\StudyARM\FND\EWARM\FND\Obj\stm32f4xx_hal_tim.o
#        C:\Users\PKNU\Desktop\IOT\StudyARM\FND\EWARM\FND\Obj\stm32f4xx_hal_tim_ex.o
#        C:\Users\PKNU\Desktop\IOT\StudyARM\FND\EWARM\FND\Obj\stm32f4xx_it.o
#        C:\Users\PKNU\Desktop\IOT\StudyARM\FND\EWARM\FND\Obj\system_stm32f4xx.o
#        --redirect _Printf=_PrintfFull --redirect _Scanf=_ScanfFull
#        --no_out_extension -o
#        C:\Users\PKNU\Desktop\IOT\StudyARM\FND\EWARM\FND\Exe\FND.out --map
#        C:\Users\PKNU\Desktop\IOT\StudyARM\FND\EWARM\FND\List\FND.map --config
#        C:\Users\PKNU\Desktop\IOT\StudyARM\FND\EWARM/stm32f405xx_flash.icf
#        --semihosting --entry __iar_program_start --vfe --text_out locale)
#
###############################################################################

*******************************************************************************
*** RUNTIME MODEL ATTRIBUTES
***

CppFlavor       = *
__SystemLibrary = DLib
__dlib_version  = 6


*******************************************************************************
*** HEAP SELECTION
***

The basic heap was selected because some modules are built with
size limitations (and not runtime checking), and --advanced_heap
was not specified.


*******************************************************************************
*** PLACEMENT SUMMARY
***

"A0":  place at address 0x800'0000 { ro section .intvec };
"P1":  place in [from 0x800'0000 to 0x80f'ffff] { ro };
define block CSTACK with size = 1K, alignment = 8 { };
define block HEAP with size = 512, alignment = 8 { };
"P2":  place in [from 0x2000'0000 to 0x2001'ffff] {
          rw, block CSTACK, block HEAP };
initialize by copy { rw };

  Section            Kind         Address   Size  Object
  -------            ----         -------   ----  ------
"A0":                                      0x188
  .intvec            ro code   0x800'0000  0x188  startup_stm32f405xx.o [1]
                             - 0x800'0188  0x188

"P1":                                      0xf28
  .text              ro code   0x800'0188  0x310  stm32f4xx_hal_rcc.o [1]
  .text              ro code   0x800'0498    0xc  stm32f4xx_hal.o [1]
  .text              ro code   0x800'04a4  0x228  main.o [1]
  .text              ro code   0x800'06cc   0x34  stm32f4xx_hal.o [1]
  .text              ro code   0x800'0700   0x98  gpio.o [1]
  .text              ro code   0x800'0798   0x28  stm32f4xx_hal.o [1]
  .text              ro code   0x800'07c0  0x1f0  stm32f4xx_hal_gpio.o [1]
  .text              ro code   0x800'09b0   0x14  memset.o [4]
  .text              ro code   0x800'09c4  0x180  stm32f4xx_hal_rcc.o [1]
  .text              ro code   0x800'0b44   0xac  stm32f4xx_hal_cortex.o [1]
  .text              ro code   0x800'0bf0   0x40  stm32f4xx_hal.o [1]
  .text              ro code   0x800'0c30   0x38  stm32f4xx_hal_msp.o [1]
  .text              ro code   0x800'0c68   0x66  ABImemset.o [4]
  .text              ro code   0x800'0cce   0x2e  copy_init3.o [4]
  .text              ro code   0x800'0cfc  0x106  I64DivMod_small.o [4]
  .text              ro code   0x800'0e04    0x2  I64DivZer.o [4]
  Initializer bytes  const     0x800'0e08   0x5c  <for P2-1>
  .text              ro code   0x800'0e64   0x2c  system_stm32f4xx.o [1]
  .text              ro code   0x800'0e90   0x28  data_init.o [4]
  .text              ro code   0x800'0eb8   0x22  fpinit_M.o [3]
  .iar.init_table    const     0x800'0edc   0x14  - Linker created -
  .text              ro code   0x800'0ef0   0x1e  cmain.o [4]
  .text              ro code   0x800'0f0e    0x4  low_level_init.o [2]
  .text              ro code   0x800'0f12    0x4  exit.o [2]
  .text              ro code   0x800'0f18    0xa  cexit.o [4]
  .text              ro code   0x800'0f24   0x14  exit.o [5]
  .text              ro code   0x800'0f38   0x14  stm32f4xx_it.o [1]
  .text              ro code   0x800'0f4c   0x10  stm32f4xx_hal.o [1]
  .text              ro code   0x800'0f5c   0x10  startup_stm32f405xx.o [1]
  .text              ro code   0x800'0f6c    0xc  cstartup_M.o [4]
  .text              ro code   0x800'0f78    0x4  startup_stm32f405xx.o [1]
  .text              ro code   0x800'0f7c    0x4  startup_stm32f405xx.o [1]
  .text              ro code   0x800'0f80    0x4  startup_stm32f405xx.o [1]
  .text              ro code   0x800'0f84    0x4  startup_stm32f405xx.o [1]
  .text              ro code   0x800'0f88    0x4  startup_stm32f405xx.o [1]
  .text              ro code   0x800'0f8c    0x4  startup_stm32f405xx.o [1]
  .text              ro code   0x800'0f90    0x4  startup_stm32f405xx.o [1]
  .text              ro code   0x800'0f94    0x4  startup_stm32f405xx.o [1]
  .text              ro code   0x800'0f98    0x4  startup_stm32f405xx.o [1]
  .text              ro code   0x800'0f9c    0x4  startup_stm32f405xx.o [1]
  .text              ro code   0x800'0fa0    0x4  startup_stm32f405xx.o [1]
  .text              ro code   0x800'0fa4    0x4  startup_stm32f405xx.o [1]
  .text              ro code   0x800'0fa8    0x4  startup_stm32f405xx.o [1]
  .text              ro code   0x800'0fac    0x4  startup_stm32f405xx.o [1]
  .text              ro code   0x800'0fb0    0x4  startup_stm32f405xx.o [1]
  .text              ro code   0x800'0fb4    0x4  startup_stm32f405xx.o [1]
  .text              ro code   0x800'0fb8    0x4  startup_stm32f405xx.o [1]
  .text              ro code   0x800'0fbc    0x4  startup_stm32f405xx.o [1]
  .text              ro code   0x800'0fc0    0x4  startup_stm32f405xx.o [1]
  .text              ro code   0x800'0fc4    0x4  startup_stm32f405xx.o [1]
  .text              ro code   0x800'0fc8    0x4  startup_stm32f405xx.o [1]
  .text              ro code   0x800'0fcc    0x4  startup_stm32f405xx.o [1]
  .text              ro code   0x800'0fd0    0x4  startup_stm32f405xx.o [1]
  .text              ro code   0x800'0fd4    0x4  startup_stm32f405xx.o [1]
  .text              ro code   0x800'0fd8    0x4  startup_stm32f405xx.o [1]
  .text              ro code   0x800'0fdc    0x4  startup_stm32f405xx.o [1]
  .text              ro code   0x800'0fe0    0x4  startup_stm32f405xx.o [1]
  .text              ro code   0x800'0fe4    0x4  startup_stm32f405xx.o [1]
  .text              ro code   0x800'0fe8    0x4  startup_stm32f405xx.o [1]
  .text              ro code   0x800'0fec    0x4  startup_stm32f405xx.o [1]
  .text              ro code   0x800'0ff0    0x4  startup_stm32f405xx.o [1]
  .text              ro code   0x800'0ff4    0x4  startup_stm32f405xx.o [1]
  .text              ro code   0x800'0ff8    0x4  startup_stm32f405xx.o [1]
  .text              ro code   0x800'0ffc    0x4  startup_stm32f405xx.o [1]
  .text              ro code   0x800'1000    0x4  startup_stm32f405xx.o [1]
  .text              ro code   0x800'1004    0x4  startup_stm32f405xx.o [1]
  .text              ro code   0x800'1008    0x4  startup_stm32f405xx.o [1]
  .text              ro code   0x800'100c    0x4  startup_stm32f405xx.o [1]
  .text              ro code   0x800'1010    0x4  startup_stm32f405xx.o [1]
  .text              ro code   0x800'1014    0x4  startup_stm32f405xx.o [1]
  .text              ro code   0x800'1018    0x4  startup_stm32f405xx.o [1]
  .text              ro code   0x800'101c    0x4  startup_stm32f405xx.o [1]
  .text              ro code   0x800'1020    0x4  startup_stm32f405xx.o [1]
  .text              ro code   0x800'1024    0x4  startup_stm32f405xx.o [1]
  .text              ro code   0x800'1028    0x4  startup_stm32f405xx.o [1]
  .text              ro code   0x800'102c    0x4  startup_stm32f405xx.o [1]
  .text              ro code   0x800'1030    0x4  startup_stm32f405xx.o [1]
  .text              ro code   0x800'1034    0x4  startup_stm32f405xx.o [1]
  .text              ro code   0x800'1038    0x4  startup_stm32f405xx.o [1]
  .text              ro code   0x800'103c    0x4  startup_stm32f405xx.o [1]
  .text              ro code   0x800'1040    0x4  startup_stm32f405xx.o [1]
  .text              ro code   0x800'1044    0x4  startup_stm32f405xx.o [1]
  .text              ro code   0x800'1048    0x4  startup_stm32f405xx.o [1]
  .text              ro code   0x800'104c    0x4  startup_stm32f405xx.o [1]
  .text              ro code   0x800'1050    0x4  startup_stm32f405xx.o [1]
  .text              ro code   0x800'1054    0x4  startup_stm32f405xx.o [1]
  .text              ro code   0x800'1058    0x4  startup_stm32f405xx.o [1]
  .text              ro code   0x800'105c    0x4  startup_stm32f405xx.o [1]
  .text              ro code   0x800'1060    0x4  startup_stm32f405xx.o [1]
  .text              ro code   0x800'1064    0x4  startup_stm32f405xx.o [1]
  .text              ro code   0x800'1068    0x4  startup_stm32f405xx.o [1]
  .text              ro code   0x800'106c    0x4  startup_stm32f405xx.o [1]
  .text              ro code   0x800'1070    0x4  startup_stm32f405xx.o [1]
  .text              ro code   0x800'1074    0x4  startup_stm32f405xx.o [1]
  .text              ro code   0x800'1078    0x4  startup_stm32f405xx.o [1]
  .text              ro code   0x800'107c    0x4  startup_stm32f405xx.o [1]
  .text              ro code   0x800'1080    0x4  startup_stm32f405xx.o [1]
  .text              ro code   0x800'1084    0x4  startup_stm32f405xx.o [1]
  .text              ro code   0x800'1088    0x4  startup_stm32f405xx.o [1]
  .text              ro code   0x800'108c    0x4  startup_stm32f405xx.o [1]
  .text              ro code   0x800'1090    0x4  startup_stm32f405xx.o [1]
  .text              ro code   0x800'1094    0x4  startup_stm32f405xx.o [1]
  .text              ro code   0x800'1098    0x4  startup_stm32f405xx.o [1]
  .text              ro code   0x800'109c    0x4  startup_stm32f405xx.o [1]
  .text              ro code   0x800'10a0    0x4  startup_stm32f405xx.o [1]
  .text              ro code   0x800'10a4    0x4  startup_stm32f405xx.o [1]
  .text              ro code   0x800'10a8    0x4  startup_stm32f405xx.o [1]
  .text              ro code   0x800'10ac    0x4  startup_stm32f405xx.o [1]
  .rodata            const     0x800'10b0    0x0  copy_init3.o [4]
                             - 0x800'10b0  0xf28

"P2", part 1 of 2:                          0x5c
  P2-1                        0x2000'0000   0x5c  <Init block>
    .data            inited   0x2000'0000   0x4c  main.o [1]
    .data            inited   0x2000'004c    0xc  stm32f4xx_hal.o [1]
    .data            inited   0x2000'0058    0x4  system_stm32f4xx.o [1]
                            - 0x2000'005c   0x5c

"P2", part 2 of 2:                         0x400
  CSTACK                      0x2000'0060  0x400  <Block>
    CSTACK           uninit   0x2000'0060  0x400  <Block tail>
                            - 0x2000'0460  0x400

Unused ranges:

         From           To      Size
         ----           --      ----
   0x800'10b0   0x80f'ffff  0xf'ef50
  0x2000'005c  0x2000'005f       0x4
  0x2000'0460  0x2001'ffff  0x1'fba0


*******************************************************************************
*** INIT TABLE
***

          Address      Size
          -------      ----
Copy (__iar_copy_init3)
    1 source range, total size 0x5c:
           0x800'0e08  0x5c
    1 destination range, total size 0x5c:
          0x2000'0000  0x5c



*******************************************************************************
*** MODULE SUMMARY
***

    Module                  ro code  ro data  rw data
    ------                  -------  -------  -------
command line/config:
    -------------------------------------------------
    Total:

C:\Users\PKNU\Desktop\IOT\StudyARM\FND\EWARM\FND\Obj: [1]
    gpio.o                      152
    main.o                      552       76       76
    startup_stm32f405xx.o       720
    stm32f4xx_hal.o             184       12       12
    stm32f4xx_hal_cortex.o      172
    stm32f4xx_hal_gpio.o        496
    stm32f4xx_hal_msp.o          56
    stm32f4xx_hal_rcc.o       1'168
    stm32f4xx_it.o               20
    system_stm32f4xx.o           44        4        4
    -------------------------------------------------
    Total:                    3'564       92       92

dl7M_tln.a: [2]
    exit.o                        4
    low_level_init.o              4
    -------------------------------------------------
    Total:                        8

m7M_tls.a: [3]
    fpinit_M.o                   34
    -------------------------------------------------
    Total:                       34

rt7M_tl.a: [4]
    ABImemset.o                 102
    I64DivMod_small.o           262
    I64DivZer.o                   2
    cexit.o                      10
    cmain.o                      30
    copy_init3.o                 46
    cstartup_M.o                 12
    data_init.o                  40
    memset.o                     20
    -------------------------------------------------
    Total:                      524

shb_l.a: [5]
    exit.o                       20
    -------------------------------------------------
    Total:                       20

    Gaps                          6        2
    Linker created                        22    1'024
-----------------------------------------------------
    Grand Total:              4'156      116    1'116


*******************************************************************************
*** ENTRY LIST
***

Entry                       Address   Size  Type      Object
-----                       -------   ----  ----      ------
.iar.init_table$$Base    0x800'0edc          --   Gb  - Linker created -
.iar.init_table$$Limit   0x800'0ef0          --   Gb  - Linker created -
?main                    0x800'0ef1         Code  Gb  cmain.o [4]
AHBPrescTable            0x800'0e80   0x10  Data  Gb  system_stm32f4xx.o [1]
BusFault_Handler         0x800'0f3f    0x2  Code  Gb  stm32f4xx_it.o [1]
CSTACK$$Base            0x2000'0060          --   Gb  - Linker created -
CSTACK$$Limit           0x2000'0460          --   Gb  - Linker created -
DebugMon_Handler         0x800'0f45    0x2  Code  Gb  stm32f4xx_it.o [1]
FND_DATA_TBL            0x2000'0000   0x48  Data  Gb  main.o [1]
HAL_Delay                0x800'0799   0x28  Code  Wk  stm32f4xx_hal.o [1]
HAL_GPIO_Init            0x800'07c1  0x1ae  Code  Gb  stm32f4xx_hal_gpio.o [1]
HAL_GPIO_ReadPin         0x800'096f    0xc  Code  Gb  stm32f4xx_hal_gpio.o [1]
HAL_GPIO_WritePin        0x800'097b    0x8  Code  Gb  stm32f4xx_hal_gpio.o [1]
HAL_GetTick              0x800'0499    0xc  Code  Wk  stm32f4xx_hal.o [1]
HAL_IncTick              0x800'0f4d   0x10  Code  Wk  stm32f4xx_hal.o [1]
HAL_Init                 0x800'06cd   0x30  Code  Gb  stm32f4xx_hal.o [1]
HAL_InitTick             0x800'0bf1   0x40  Code  Wk  stm32f4xx_hal.o [1]
HAL_MspInit              0x800'0c31   0x38  Code  Gb  stm32f4xx_hal_msp.o [1]
HAL_NVIC_SetPriority     0x800'0b79   0x3a  Code  Gb  stm32f4xx_hal_cortex.o [1]
HAL_NVIC_SetPriorityGrouping
                         0x800'0b5f   0x1a  Code  Gb  stm32f4xx_hal_cortex.o [1]
HAL_RCC_ClockConfig      0x800'09c5  0x100  Code  Gb  stm32f4xx_hal_rcc.o [1]
HAL_RCC_OscConfig        0x800'0189  0x310  Code  Wk  stm32f4xx_hal_rcc.o [1]
HAL_SYSTICK_Config       0x800'0bb3   0x28  Code  Gb  stm32f4xx_hal_cortex.o [1]
HardFault_Handler        0x800'0f3b    0x2  Code  Gb  stm32f4xx_it.o [1]
MX_GPIO_Init             0x800'0701   0x98  Code  Gb  gpio.o [1]
MemManage_Handler        0x800'0f3d    0x2  Code  Gb  stm32f4xx_it.o [1]
NMI_Handler              0x800'0f39    0x2  Code  Gb  stm32f4xx_it.o [1]
PendSV_Handler           0x800'0f47    0x2  Code  Gb  stm32f4xx_it.o [1]
Region$$Table$$Base      0x800'0edc          --   Gb  - Linker created -
Region$$Table$$Limit     0x800'0ef0          --   Gb  - Linker created -
SVC_Handler              0x800'0f43    0x2  Code  Gb  stm32f4xx_it.o [1]
SysTick_Handler          0x800'0f49    0x4  Code  Gb  stm32f4xx_it.o [1]
SystemClock_Config       0x800'0623   0x96  Code  Gb  main.o [1]
SystemCoreClock         0x2000'0058    0x4  Data  Gb  system_stm32f4xx.o [1]
SystemInit               0x800'0e65   0x14  Code  Gb  system_stm32f4xx.o [1]
UsageFault_Handler       0x800'0f41    0x2  Code  Gb  stm32f4xx_it.o [1]
__NVIC_SetPriority       0x800'0b45   0x1a  Code  Lc  stm32f4xx_hal_cortex.o [1]
__aeabi_ldiv0            0x800'0e05         Code  Gb  I64DivZer.o [4]
__aeabi_memset           0x800'0c69         Code  Gb  ABImemset.o [4]
__cmain                  0x800'0ef1         Code  Gb  cmain.o [4]
__exit                   0x800'0f25   0x14  Code  Gb  exit.o [5]
__iar_Memset             0x800'0c69         Code  Gb  ABImemset.o [4]
__iar_Memset_word        0x800'0c71         Code  Gb  ABImemset.o [4]
__iar_copy_init3         0x800'0ccf   0x2e  Code  Gb  copy_init3.o [4]
__iar_data_init3         0x800'0e91   0x28  Code  Gb  data_init.o [4]
__iar_init_vfp           0x800'0eb9         Code  Gb  fpinit_M.o [3]
__iar_program_start      0x800'0f6d         Code  Gb  cstartup_M.o [4]
__iar_small_uldivmod     0x800'0cfd         Code  Gb  I64DivMod_small.o [4]
__low_level_init         0x800'0f0f    0x4  Code  Gb  low_level_init.o [2]
__vector_table           0x800'0000         Data  Gb  startup_stm32f405xx.o [1]
_call_main               0x800'0efd         Code  Gb  cmain.o [4]
_exit                    0x800'0f19         Code  Gb  cexit.o [4]
_main                    0x800'0f0b         Code  Gb  cmain.o [4]
cnt                     0x2000'0048    0x4  Data  Gb  main.o [1]
exit                     0x800'0f13    0x4  Code  Gb  exit.o [2]
main                     0x800'04a5   0xfe  Code  Gb  main.o [1]
memset                   0x800'09b1   0x14  Code  Gb  memset.o [4]
select                   0x800'05a9   0x6a  Code  Gb  main.o [1]
uwTick                  0x2000'0050    0x4  Data  Gb  stm32f4xx_hal.o [1]
uwTickFreq              0x2000'004c    0x1  Data  Gb  stm32f4xx_hal.o [1]
uwTickPrio              0x2000'0054    0x4  Data  Gb  stm32f4xx_hal.o [1]


[1] = C:\Users\PKNU\Desktop\IOT\StudyARM\FND\EWARM\FND\Obj
[2] = dl7M_tln.a
[3] = m7M_tls.a
[4] = rt7M_tl.a
[5] = shb_l.a

  4'156 bytes of readonly  code memory
    116 bytes of readonly  data memory
  1'116 bytes of readwrite data memory

Errors: none
Warnings: none
