###############################################################################
#
# IAR ELF Linker V8.50.4.261/W32 for ARM                  23/Jun/2020  11:49:20
# Copyright 2007-2020 IAR Systems AB.
#
#    Output file  =
#        C:\Users\PKNU\Desktop\IOT\StudyARM\USART_INTERRUPT\EWARM\USART_INTERRUPT\Exe\USART_INTERRUPT.out
#    Map file     =
#        C:\Users\PKNU\Desktop\IOT\StudyARM\USART_INTERRUPT\EWARM\USART_INTERRUPT\List\USART_INTERRUPT.map
#    Command line =
#        -f C:\Users\PKNU\AppData\Local\Temp\EWA175.tmp
#        (C:\Users\PKNU\Desktop\IOT\StudyARM\USART_INTERRUPT\EWARM\USART_INTERRUPT\Obj\gpio.o
#        C:\Users\PKNU\Desktop\IOT\StudyARM\USART_INTERRUPT\EWARM\USART_INTERRUPT\Obj\main.o
#        C:\Users\PKNU\Desktop\IOT\StudyARM\USART_INTERRUPT\EWARM\USART_INTERRUPT\Obj\startup_stm32f405xx.o
#        C:\Users\PKNU\Desktop\IOT\StudyARM\USART_INTERRUPT\EWARM\USART_INTERRUPT\Obj\stm32f4xx_hal.o
#        C:\Users\PKNU\Desktop\IOT\StudyARM\USART_INTERRUPT\EWARM\USART_INTERRUPT\Obj\stm32f4xx_hal_cortex.o
#        C:\Users\PKNU\Desktop\IOT\StudyARM\USART_INTERRUPT\EWARM\USART_INTERRUPT\Obj\stm32f4xx_hal_dma.o
#        C:\Users\PKNU\Desktop\IOT\StudyARM\USART_INTERRUPT\EWARM\USART_INTERRUPT\Obj\stm32f4xx_hal_dma_ex.o
#        C:\Users\PKNU\Desktop\IOT\StudyARM\USART_INTERRUPT\EWARM\USART_INTERRUPT\Obj\stm32f4xx_hal_exti.o
#        C:\Users\PKNU\Desktop\IOT\StudyARM\USART_INTERRUPT\EWARM\USART_INTERRUPT\Obj\stm32f4xx_hal_flash.o
#        C:\Users\PKNU\Desktop\IOT\StudyARM\USART_INTERRUPT\EWARM\USART_INTERRUPT\Obj\stm32f4xx_hal_flash_ex.o
#        C:\Users\PKNU\Desktop\IOT\StudyARM\USART_INTERRUPT\EWARM\USART_INTERRUPT\Obj\stm32f4xx_hal_flash_ramfunc.o
#        C:\Users\PKNU\Desktop\IOT\StudyARM\USART_INTERRUPT\EWARM\USART_INTERRUPT\Obj\stm32f4xx_hal_gpio.o
#        C:\Users\PKNU\Desktop\IOT\StudyARM\USART_INTERRUPT\EWARM\USART_INTERRUPT\Obj\stm32f4xx_hal_msp.o
#        C:\Users\PKNU\Desktop\IOT\StudyARM\USART_INTERRUPT\EWARM\USART_INTERRUPT\Obj\stm32f4xx_hal_pwr.o
#        C:\Users\PKNU\Desktop\IOT\StudyARM\USART_INTERRUPT\EWARM\USART_INTERRUPT\Obj\stm32f4xx_hal_pwr_ex.o
#        C:\Users\PKNU\Desktop\IOT\StudyARM\USART_INTERRUPT\EWARM\USART_INTERRUPT\Obj\stm32f4xx_hal_rcc.o
#        C:\Users\PKNU\Desktop\IOT\StudyARM\USART_INTERRUPT\EWARM\USART_INTERRUPT\Obj\stm32f4xx_hal_rcc_ex.o
#        C:\Users\PKNU\Desktop\IOT\StudyARM\USART_INTERRUPT\EWARM\USART_INTERRUPT\Obj\stm32f4xx_hal_tim.o
#        C:\Users\PKNU\Desktop\IOT\StudyARM\USART_INTERRUPT\EWARM\USART_INTERRUPT\Obj\stm32f4xx_hal_tim_ex.o
#        C:\Users\PKNU\Desktop\IOT\StudyARM\USART_INTERRUPT\EWARM\USART_INTERRUPT\Obj\stm32f4xx_hal_uart.o
#        C:\Users\PKNU\Desktop\IOT\StudyARM\USART_INTERRUPT\EWARM\USART_INTERRUPT\Obj\stm32f4xx_it.o
#        C:\Users\PKNU\Desktop\IOT\StudyARM\USART_INTERRUPT\EWARM\USART_INTERRUPT\Obj\system_stm32f4xx.o
#        C:\Users\PKNU\Desktop\IOT\StudyARM\USART_INTERRUPT\EWARM\USART_INTERRUPT\Obj\usart.o
#        --redirect _Printf=_PrintfFull --redirect _Scanf=_ScanfFull
#        --no_out_extension -o
#        C:\Users\PKNU\Desktop\IOT\StudyARM\USART_INTERRUPT\EWARM\USART_INTERRUPT\Exe\USART_INTERRUPT.out
#        --map
#        C:\Users\PKNU\Desktop\IOT\StudyARM\USART_INTERRUPT\EWARM\USART_INTERRUPT\List\USART_INTERRUPT.map
#        --config
#        C:\Users\PKNU\Desktop\IOT\StudyARM\USART_INTERRUPT\EWARM/stm32f405xx_flash.icf
#        --semihosting --entry __iar_program_start --vfe --text_out locale)
#
###############################################################################

*******************************************************************************
*** RUNTIME MODEL ATTRIBUTES
***

CppFlavor       = *
__SystemLibrary = DLib
__dlib_version  = 6


*******************************************************************************
*** HEAP SELECTION
***

The basic heap was selected because some modules are built with
size limitations (and not runtime checking), and --advanced_heap
was not specified.


*******************************************************************************
*** PLACEMENT SUMMARY
***

"A0":  place at address 0x800'0000 { ro section .intvec };
"P1":  place in [from 0x800'0000 to 0x80f'ffff] { ro };
define block CSTACK with size = 1K, alignment = 8 { };
define block HEAP with size = 512, alignment = 8 { };
"P2":  place in [from 0x2000'0000 to 0x2001'ffff] {
          rw, block CSTACK, block HEAP };
initialize by copy { rw };

  Section            Kind         Address    Size  Object
  -------            ----         -------    ----  ------
"A0":                                       0x188
  .intvec            ro code   0x800'0000   0x188  startup_stm32f405xx.o [1]
                             - 0x800'0188   0x188

"P1":                                      0x315e
  .text              ro code   0x800'0188  0x10c6  xprintffull.o [2]
  .text              ro code   0x800'124e    0x3a  zero_init3.o [4]
  .text              ro code   0x800'1288    0x7c  xlocale_c.o [2]
  .text              ro code   0x800'1304    0x16  strchr.o [4]
  .text              ro code   0x800'131a    0x1e  xencoding_8859_1.o [2]
  .text              ro code   0x800'1338    0x40  xfail_s.o [2]
  .text              ro code   0x800'1378    0x36  strlen.o [4]
  .rodata            const     0x800'13ae     0x2  xlocale_c.o [2]
  .text              ro code   0x800'13b0    0x58  memchr.o [4]
  .text              ro code   0x800'1408    0x18  ABImemcpy_small.o [4]
  .text              ro code   0x800'1420    0x70  frexp.o [3]
  .text              ro code   0x800'1490    0x2e  DblCmpLe.o [3]
  .rodata            const     0x800'14be     0x2  xlocale_c.o [2]
  .text              ro code   0x800'14c0    0x2e  DblCmpGe.o [3]
  .rodata            const     0x800'14ee     0x1  xlocale_c.o [2]
  .text              ro code   0x800'14f0   0x13a  ldexp.o [3]
  .text              ro code   0x800'162c    0x3a  DblToS32.o [3]
  .text              ro code   0x800'1668    0x22  S32ToDbl.o [3]
  .text              ro code   0x800'168c    0xe2  DblSub.o [3]
  .text              ro code   0x800'1770   0x246  DblDiv.o [3]
  .text              ro code   0x800'19b8    0x28  DblToU32.o [3]
  .text              ro code   0x800'19e0    0x1a  U32ToDbl.o [3]
  .text              ro code   0x800'19fc   0x1a2  DblMul.o [3]
  .text              ro code   0x800'1b9e     0xa  xmbcurmax.o [2]
  .text              ro code   0x800'1ba8   0x106  I64DivMod_small.o [4]
  .text              ro code   0x800'1cae     0x6  abort.o [2]
  .text              ro code   0x800'1cb4   0x16a  DblAdd.o [3]
  .text              ro code   0x800'1e20     0x2  I64DivZer.o [4]
  .text              ro code   0x800'1e24    0x14  exit.o [5]
  .text              ro code   0x800'1e38   0x4ec  stm32f4xx_hal_uart.o [1]
  .text              ro code   0x800'2324    0xb4  usart.o [1]
  .text              ro code   0x800'23d8     0xc  stm32f4xx_hal.o [1]
  .text              ro code   0x800'23e4    0x24  stm32f4xx_hal_dma.o [1]
  .text              ro code   0x800'2408     0x2  stm32f4xx_hal_uart.o [1]
  .text              ro code   0x800'240a     0x2  stm32f4xx_hal_uart.o [1]
  .text              ro code   0x800'240c   0x220  main.o [1]
  .text              ro code   0x800'262c   0x1ac  stm32f4xx_hal_rcc.o [1]
  .text              ro code   0x800'27d8    0x14  memset.o [4]
  .text              ro code   0x800'27ec   0x1e4  stm32f4xx_hal_gpio.o [1]
  .text              ro code   0x800'29d0    0xc4  stm32f4xx_hal_cortex.o [1]
  .text              ro code   0x800'2a94    0x28  stm32f4xx_hal.o [1]
  .text              ro code   0x800'2abc    0x34  stm32f4xx_hal.o [1]
  .text              ro code   0x800'2af0    0x80  gpio.o [1]
  .text              ro code   0x800'2b70    0x28  printf.o [2]
  .text              ro code   0x800'2b98   0x310  stm32f4xx_hal_rcc.o [1]
  .text              ro code   0x800'2ea8    0x40  stm32f4xx_hal.o [1]
  .text              ro code   0x800'2ee8    0x66  ABImemset.o [4]
  .text              ro code   0x800'2f50    0x38  stm32f4xx_hal_msp.o [1]
  .text              ro code   0x800'2f88    0x78  lz77_init_single.o [4]
  .text              ro code   0x800'3000    0x2c  system_stm32f4xx.o [1]
  .text              ro code   0x800'302c    0x28  data_init.o [4]
  .rodata            const     0x800'3054    0x24  main.o [1]
  .text              ro code   0x800'3078    0x22  fpinit_M.o [3]
  .iar.init_table    const     0x800'309c    0x20  - Linker created -
  .text              ro code   0x800'30bc    0x20  stm32f4xx_it.o [1]
  .text              ro code   0x800'30dc    0x10  stm32f4xx_hal.o [1]
  .text              ro code   0x800'30ec    0x1e  cmain.o [4]
  .text              ro code   0x800'310a     0x4  low_level_init.o [2]
  .text              ro code   0x800'310e     0x4  exit.o [2]
  .text              ro code   0x800'3114     0xa  cexit.o [4]
  .text              ro code   0x800'311e    0x16  xprout.o [2]
  .text              ro code   0x800'3134     0xc  putchar.o [2]
  .text              ro code   0x800'3140    0x10  startup_stm32f405xx.o [1]
  .text              ro code   0x800'3150     0xc  cstartup_M.o [4]
  .rodata            const     0x800'315c     0x8  system_stm32f4xx.o [1]
  .text              ro code   0x800'3164     0x4  startup_stm32f405xx.o [1]
  .text              ro code   0x800'3168     0x4  startup_stm32f405xx.o [1]
  .text              ro code   0x800'316c     0x4  startup_stm32f405xx.o [1]
  .text              ro code   0x800'3170     0x4  startup_stm32f405xx.o [1]
  .text              ro code   0x800'3174     0x4  startup_stm32f405xx.o [1]
  .text              ro code   0x800'3178     0x4  startup_stm32f405xx.o [1]
  .text              ro code   0x800'317c     0x4  startup_stm32f405xx.o [1]
  .text              ro code   0x800'3180     0x4  startup_stm32f405xx.o [1]
  .text              ro code   0x800'3184     0x4  startup_stm32f405xx.o [1]
  .text              ro code   0x800'3188     0x4  startup_stm32f405xx.o [1]
  .text              ro code   0x800'318c     0x4  startup_stm32f405xx.o [1]
  .text              ro code   0x800'3190     0x4  startup_stm32f405xx.o [1]
  .text              ro code   0x800'3194     0x4  startup_stm32f405xx.o [1]
  .text              ro code   0x800'3198     0x4  startup_stm32f405xx.o [1]
  .text              ro code   0x800'319c     0x4  startup_stm32f405xx.o [1]
  .text              ro code   0x800'31a0     0x4  startup_stm32f405xx.o [1]
  .text              ro code   0x800'31a4     0x4  startup_stm32f405xx.o [1]
  .text              ro code   0x800'31a8     0x4  startup_stm32f405xx.o [1]
  .text              ro code   0x800'31ac     0x4  startup_stm32f405xx.o [1]
  .text              ro code   0x800'31b0     0x4  startup_stm32f405xx.o [1]
  .text              ro code   0x800'31b4     0x4  startup_stm32f405xx.o [1]
  .text              ro code   0x800'31b8     0x4  startup_stm32f405xx.o [1]
  .text              ro code   0x800'31bc     0x4  startup_stm32f405xx.o [1]
  .text              ro code   0x800'31c0     0x4  startup_stm32f405xx.o [1]
  .text              ro code   0x800'31c4     0x4  startup_stm32f405xx.o [1]
  .text              ro code   0x800'31c8     0x4  startup_stm32f405xx.o [1]
  .text              ro code   0x800'31cc     0x4  startup_stm32f405xx.o [1]
  .text              ro code   0x800'31d0     0x4  startup_stm32f405xx.o [1]
  .text              ro code   0x800'31d4     0x4  startup_stm32f405xx.o [1]
  .text              ro code   0x800'31d8     0x4  startup_stm32f405xx.o [1]
  .text              ro code   0x800'31dc     0x4  startup_stm32f405xx.o [1]
  .text              ro code   0x800'31e0     0x4  startup_stm32f405xx.o [1]
  .text              ro code   0x800'31e4     0x4  startup_stm32f405xx.o [1]
  .text              ro code   0x800'31e8     0x4  startup_stm32f405xx.o [1]
  .text              ro code   0x800'31ec     0x4  startup_stm32f405xx.o [1]
  .text              ro code   0x800'31f0     0x4  startup_stm32f405xx.o [1]
  .text              ro code   0x800'31f4     0x4  startup_stm32f405xx.o [1]
  .text              ro code   0x800'31f8     0x4  startup_stm32f405xx.o [1]
  .text              ro code   0x800'31fc     0x4  startup_stm32f405xx.o [1]
  .text              ro code   0x800'3200     0x4  startup_stm32f405xx.o [1]
  .text              ro code   0x800'3204     0x4  startup_stm32f405xx.o [1]
  .text              ro code   0x800'3208     0x4  startup_stm32f405xx.o [1]
  .text              ro code   0x800'320c     0x4  startup_stm32f405xx.o [1]
  .text              ro code   0x800'3210     0x4  startup_stm32f405xx.o [1]
  .text              ro code   0x800'3214     0x4  startup_stm32f405xx.o [1]
  .text              ro code   0x800'3218     0x4  startup_stm32f405xx.o [1]
  .text              ro code   0x800'321c     0x4  startup_stm32f405xx.o [1]
  .text              ro code   0x800'3220     0x4  startup_stm32f405xx.o [1]
  .text              ro code   0x800'3224     0x4  startup_stm32f405xx.o [1]
  .text              ro code   0x800'3228     0x4  startup_stm32f405xx.o [1]
  .text              ro code   0x800'322c     0x4  startup_stm32f405xx.o [1]
  .text              ro code   0x800'3230     0x4  startup_stm32f405xx.o [1]
  .text              ro code   0x800'3234     0x4  startup_stm32f405xx.o [1]
  .text              ro code   0x800'3238     0x4  startup_stm32f405xx.o [1]
  .text              ro code   0x800'323c     0x4  startup_stm32f405xx.o [1]
  .text              ro code   0x800'3240     0x4  startup_stm32f405xx.o [1]
  .text              ro code   0x800'3244     0x4  startup_stm32f405xx.o [1]
  .text              ro code   0x800'3248     0x4  startup_stm32f405xx.o [1]
  .text              ro code   0x800'324c     0x4  startup_stm32f405xx.o [1]
  .text              ro code   0x800'3250     0x4  startup_stm32f405xx.o [1]
  .text              ro code   0x800'3254     0x4  startup_stm32f405xx.o [1]
  .text              ro code   0x800'3258     0x4  startup_stm32f405xx.o [1]
  .text              ro code   0x800'325c     0x4  startup_stm32f405xx.o [1]
  .text              ro code   0x800'3260     0x4  startup_stm32f405xx.o [1]
  .text              ro code   0x800'3264     0x4  startup_stm32f405xx.o [1]
  .text              ro code   0x800'3268     0x4  startup_stm32f405xx.o [1]
  .text              ro code   0x800'326c     0x4  startup_stm32f405xx.o [1]
  .text              ro code   0x800'3270     0x4  startup_stm32f405xx.o [1]
  .text              ro code   0x800'3274     0x4  startup_stm32f405xx.o [1]
  .text              ro code   0x800'3278     0x4  startup_stm32f405xx.o [1]
  .text              ro code   0x800'327c     0x4  startup_stm32f405xx.o [1]
  .text              ro code   0x800'3280     0x4  startup_stm32f405xx.o [1]
  .text              ro code   0x800'3284     0x4  startup_stm32f405xx.o [1]
  .text              ro code   0x800'3288     0x4  startup_stm32f405xx.o [1]
  .text              ro code   0x800'328c     0x4  startup_stm32f405xx.o [1]
  .text              ro code   0x800'3290     0x4  startup_stm32f405xx.o [1]
  .text              ro code   0x800'3294     0x4  startup_stm32f405xx.o [1]
  .rodata            const     0x800'3298     0x0  zero_init3.o [4]
  .rodata            const     0x800'3298     0x0  lz77_init_single.o [4]
  Initializer bytes  const     0x800'3298    0x4e  <for P2-1>
                             - 0x800'32e6  0x315e

"P2", part 1 of 3:                           0xd8
  P2-1                        0x2000'0000    0xd8  <Init block>
    .data            inited   0x2000'0000     0xc  stm32f4xx_hal.o [1]
    .data            inited   0x2000'000c     0x4  system_stm32f4xx.o [1]
    .data            inited   0x2000'0010    0x38  xlocale_c.o [2]
    .data            inited   0x2000'0048    0x48  xlocale_c.o [2]
    .data            inited   0x2000'0090    0x48  xfiles.o [2]
                            - 0x2000'00d8    0xd8

"P2", part 2 of 3:                           0x98
  .bss               zero     0x2000'00d8    0x50  xfiles.o [2]
  .bss               zero     0x2000'0128    0x40  usart.o [1]
  .bss               zero     0x2000'0168     0x4  xfail_s.o [2]
  .bss               zero     0x2000'016c     0x2  main.o [1]
                            - 0x2000'016e    0x96

"P2", part 3 of 3:                          0x400
  CSTACK                      0x2000'0170   0x400  <Block>
    CSTACK           uninit   0x2000'0170   0x400  <Block tail>
                            - 0x2000'0570   0x400

Unused ranges:

         From           To      Size
         ----           --      ----
   0x800'32e6   0x80f'ffff  0xf'cd1a
  0x2000'0570  0x2001'ffff  0x1'fa90


*******************************************************************************
*** INIT TABLE
***

          Address      Size
          -------      ----
Zero (__iar_zero_init3)
    1 destination range, total size 0x96:
          0x2000'00d8  0x96

Copy/lz77 (__iar_lz77_init_single3)
    1 source range, total size 0x4e (36% of destination):
           0x800'3298  0x4e
    1 destination range, total size 0xd8:
          0x2000'0000  0xd8



*******************************************************************************
*** MODULE SUMMARY
***

    Module                  ro code  ro data  rw data
    ------                  -------  -------  -------
command line/config:
    -------------------------------------------------
    Total:

C:\Users\PKNU\Desktop\IOT\StudyARM\USART_INTERRUPT\EWARM\USART_INTERRUPT\Obj: [1]
    gpio.o                      128
    main.o                      544       36        2
    startup_stm32f405xx.o       716
    stm32f4xx_hal.o             184        4       12
    stm32f4xx_hal_cortex.o      196
    stm32f4xx_hal_dma.o          36
    stm32f4xx_hal_gpio.o        484
    stm32f4xx_hal_msp.o          56
    stm32f4xx_hal_rcc.o       1'212
    stm32f4xx_hal_uart.o      1'264
    stm32f4xx_it.o               32
    system_stm32f4xx.o           44        9        4
    usart.o                     180                64
    -------------------------------------------------
    Total:                    5'076       49       82

dl7M_tlf.a: [2]
    abort.o                       6
    exit.o                        4
    low_level_init.o              4
    printf.o                     40
    putchar.o                    12
    xencoding_8859_1.o           30
    xfail_s.o                    64                 4
    xfiles.o                              26      152
    xlocale_c.o                 124       52      128
    xmbcurmax.o                  10
    xprintffull.o             4'294
    xprout.o                     22
    -------------------------------------------------
    Total:                    4'610       78      284

m7M_tls.a: [3]
    DblAdd.o                    362
    DblCmpGe.o                   46
    DblCmpLe.o                   46
    DblDiv.o                    582
    DblMul.o                    418
    DblSub.o                    226
    DblToS32.o                   58
    DblToU32.o                   40
    S32ToDbl.o                   34
    U32ToDbl.o                   26
    fpinit_M.o                   34
    frexp.o                     112
    ldexp.o                     314
    -------------------------------------------------
    Total:                    2'298

rt7M_tl.a: [4]
    ABImemcpy_small.o            24
    ABImemset.o                 102
    I64DivMod_small.o           262
    I64DivZer.o                   2
    cexit.o                      10
    cmain.o                      30
    cstartup_M.o                 12
    data_init.o                  40
    lz77_init_single.o          120
    memchr.o                     88
    memset.o                     20
    strchr.o                     22
    strlen.o                     54
    zero_init3.o                 58
    -------------------------------------------------
    Total:                      844

shb_l.a: [5]
    exit.o                       20
    -------------------------------------------------
    Total:                       20

    Gaps                         21        2
    Linker created                        32    1'024
-----------------------------------------------------
    Grand Total:             12'869      161    1'390


*******************************************************************************
*** ENTRY LIST
***

Entry                       Address   Size  Type      Object
-----                       -------   ----  ----      ------
.iar.init_table$$Base    0x800'309c          --   Gb  - Linker created -
.iar.init_table$$Limit   0x800'30bc          --   Gb  - Linker created -
?main                    0x800'30ed         Code  Gb  cmain.o [4]
AHBPrescTable            0x800'301c   0x10  Data  Gb  system_stm32f4xx.o [1]
APBPrescTable            0x800'315c    0x8  Data  Gb  system_stm32f4xx.o [1]
BusFault_Handler         0x800'30c3    0x2  Code  Gb  stm32f4xx_it.o [1]
CSTACK$$Base            0x2000'0170          --   Gb  - Linker created -
CSTACK$$Limit           0x2000'0570          --   Gb  - Linker created -
CacheMore                0x800'128d   0x28  Code  Lc  xlocale_c.o [2]
DebugMon_Handler         0x800'30c9    0x2  Code  Gb  stm32f4xx_it.o [1]
Error_Handler            0x800'25e9    0x2  Code  Gb  main.o [1]
HAL_DMA_Abort_IT         0x800'23e5   0x24  Code  Gb  stm32f4xx_hal_dma.o [1]
HAL_Delay                0x800'2a95   0x28  Code  Wk  stm32f4xx_hal.o [1]
HAL_GPIO_Init            0x800'27ed  0x1ae  Code  Gb  stm32f4xx_hal_gpio.o [1]
HAL_GPIO_WritePin        0x800'299b    0x8  Code  Gb  stm32f4xx_hal_gpio.o [1]
HAL_GetTick              0x800'23d9    0xc  Code  Wk  stm32f4xx_hal.o [1]
HAL_IncTick              0x800'30dd   0x10  Code  Wk  stm32f4xx_hal.o [1]
HAL_Init                 0x800'2abd   0x30  Code  Gb  stm32f4xx_hal.o [1]
HAL_InitTick             0x800'2ea9   0x40  Code  Wk  stm32f4xx_hal.o [1]
HAL_MspInit              0x800'2f51   0x38  Code  Gb  stm32f4xx_hal_msp.o [1]
HAL_NVIC_EnableIRQ       0x800'2a3f   0x16  Code  Gb  stm32f4xx_hal_cortex.o [1]
HAL_NVIC_SetPriority     0x800'2a05   0x3a  Code  Gb  stm32f4xx_hal_cortex.o [1]
HAL_NVIC_SetPriorityGrouping
                         0x800'29eb   0x1a  Code  Gb  stm32f4xx_hal_cortex.o [1]
HAL_RCC_ClockConfig      0x800'262d  0x100  Code  Gb  stm32f4xx_hal_rcc.o [1]
HAL_RCC_GetPCLK1Freq     0x800'2739   0x10  Code  Gb  stm32f4xx_hal_rcc.o [1]
HAL_RCC_GetPCLK2Freq     0x800'2749    0xe  Code  Gb  stm32f4xx_hal_rcc.o [1]
HAL_RCC_OscConfig        0x800'2b99  0x310  Code  Wk  stm32f4xx_hal_rcc.o [1]
HAL_SYSTICK_Config       0x800'2a55   0x28  Code  Gb  stm32f4xx_hal_cortex.o [1]
HAL_UART_IRQHandler      0x800'1fc3  0x15c  Code  Gb  stm32f4xx_hal_uart.o [1]
HAL_UART_Init            0x800'1e39   0x1e  Code  Gb  stm32f4xx_hal_uart.o [1]
HAL_UART_MspInit         0x800'2353   0x76  Code  Gb  usart.o [1]
HAL_UART_Receive_IT      0x800'1f61   0x56  Code  Gb  stm32f4xx_hal_uart.o [1]
HAL_UART_RxCpltCallback
                         0x800'259b   0x30  Code  Gb  main.o [1]
HAL_UART_Transmit        0x800'1eaf   0xaa  Code  Gb  stm32f4xx_hal_uart.o [1]
HardFault_Handler        0x800'30bf    0x2  Code  Gb  stm32f4xx_it.o [1]
MX_GPIO_Init             0x800'2af1   0x80  Code  Gb  gpio.o [1]
MX_USART1_UART_Init      0x800'2325   0x2e  Code  Gb  usart.o [1]
MemManage_Handler        0x800'30c1    0x2  Code  Gb  stm32f4xx_it.o [1]
NMI_Handler              0x800'30bd    0x2  Code  Gb  stm32f4xx_it.o [1]
PendSV_Handler           0x800'30cb    0x2  Code  Gb  stm32f4xx_it.o [1]
Region$$Table$$Base      0x800'309c          --   Gb  - Linker created -
Region$$Table$$Limit     0x800'30bc          --   Gb  - Linker created -
SVC_Handler              0x800'30c7    0x2  Code  Gb  stm32f4xx_it.o [1]
SysTick_Handler          0x800'30cd    0x4  Code  Gb  stm32f4xx_it.o [1]
SystemClock_Config       0x800'2505   0x96  Code  Gb  main.o [1]
SystemCoreClock         0x2000'000c    0x4  Data  Gb  system_stm32f4xx.o [1]
SystemInit               0x800'3001   0x14  Code  Gb  system_stm32f4xx.o [1]
UART_DMAAbortOnError     0x800'21a1    0xc  Code  Lc  stm32f4xx_hal_uart.o [1]
UART_EndRxTransfer       0x800'2183   0x1c  Code  Lc  stm32f4xx_hal_uart.o [1]
UART_Receive_IT          0x800'21ad   0x92  Code  Lc  stm32f4xx_hal_uart.o [1]
UART_SetConfig           0x800'223f   0xca  Code  Lc  stm32f4xx_hal_uart.o [1]
UART_WaitOnFlagUntilTimeout
                         0x800'211f   0x56  Code  Lc  stm32f4xx_hal_uart.o [1]
USART1_IRQHandler        0x800'30d1    0x6  Code  Gb  stm32f4xx_it.o [1]
UsageFault_Handler       0x800'30c5    0x2  Code  Gb  stm32f4xx_it.o [1]
_Encoding_8859_1_Mbrlen
                         0x800'132d    0x2  Code  Gb  xencoding_8859_1.o [2]
_Encoding_8859_1_Wctomb
                         0x800'131b   0x12  Code  Gb  xencoding_8859_1.o [2]
_LitobFull               0x800'109b  0x10a  Code  Lc  xprintffull.o [2]
_Locale_lconv           0x2000'0010   0x38  Data  Lc  xlocale_c.o [2]
_PrintfFull              0x800'0189  0xcc2  Code  Gb  xprintffull.o [2]
_Prout                   0x800'311f   0x16  Code  Gb  xprout.o [2]
_PutcharsFull            0x800'120d   0x2e  Code  Lc  xprintffull.o [2]
_PutstrFull              0x800'0fdb   0xc0  Code  Lc  xprintffull.o [2]
_PuttxtFull              0x800'0ecf  0x10c  Code  Lc  xprintffull.o [2]
__NVIC_SetPriority       0x800'29d1   0x1a  Code  Lc  stm32f4xx_hal_cortex.o [1]
__aeabi_cdcmple          0x800'1491         Code  Gb  DblCmpLe.o [3]
__aeabi_cdrcmple         0x800'14c1         Code  Gb  DblCmpGe.o [3]
__aeabi_d2iz             0x800'162d         Code  Gb  DblToS32.o [3]
__aeabi_d2uiz            0x800'19b9         Code  Gb  DblToU32.o [3]
__aeabi_ddiv             0x800'1771         Code  Gb  DblDiv.o [3]
__aeabi_dmul             0x800'19fd         Code  Gb  DblMul.o [3]
__aeabi_dsub             0x800'168d         Code  Gb  DblSub.o [3]
__aeabi_i2d              0x800'1669         Code  Gb  S32ToDbl.o [3]
__aeabi_ldiv0            0x800'1e21         Code  Gb  I64DivZer.o [4]
__aeabi_memset           0x800'2ee9         Code  Gb  ABImemset.o [4]
__aeabi_ui2d             0x800'19e1         Code  Gb  U32ToDbl.o [3]
__cmain                  0x800'30ed         Code  Gb  cmain.o [4]
__exit                   0x800'1e25   0x14  Code  Gb  exit.o [5]
__iar_Fail_s             0x800'1339   0x1c  Code  Gb  xfail_s.o [2]
__iar_Mbcurmax           0x800'1b9f    0xa  Code  Gb  xmbcurmax.o [2]
__iar_Memchr             0x800'13b1         Code  Gb  memchr.o [4]
__iar_Memset             0x800'2ee9         Code  Gb  ABImemset.o [4]
__iar_Memset_word        0x800'2ef1         Code  Gb  ABImemset.o [4]
__iar_Stdout            0x2000'0090   0x48  Data  Gb  xfiles.o [2]
__iar_Strchr             0x800'1305         Code  Gb  strchr.o [4]
__iar_dadd               0x800'169d         Code  Gb  DblSub.o [3]
__iar_data_init3         0x800'302d   0x28  Code  Gb  data_init.o [4]
__iar_dsub               0x800'1cb5         Code  Gb  DblAdd.o [3]
__iar_dsubStart          0x800'1cc7         Code  Gb  DblAdd.o [3]
__iar_frexp              0x800'142d         Code  Gb  frexp.o [3]
__iar_frexpl             0x800'142d         Code  Gb  frexp.o [3]
__iar_globLocale        0x2000'0048   0x48  Data  Lc  xlocale_c.o [2]
__iar_global_Locale      0x800'1289    0x4  Code  Gb  xlocale_c.o [2]
__iar_init_vfp           0x800'3079         Code  Gb  fpinit_M.o [3]
__iar_ldexp64            0x800'14f1         Code  Gb  ldexp.o [3]
__iar_lz77_init_single3
                         0x800'2f89   0x78  Code  Gb  lz77_init_single.o [4]
__iar_program_start      0x800'3151         Code  Gb  cstartup_M.o [4]
__iar_scalbln64          0x800'14f1         Code  Gb  ldexp.o [3]
__iar_scalbn64           0x800'14f1         Code  Gb  ldexp.o [3]
__iar_small_Memcpy       0x800'140d         Code  Gb  ABImemcpy_small.o [4]
__iar_small_memcpy       0x800'1409         Code  Gb  ABImemcpy_small.o [4]
__iar_small_memcpy4      0x800'1409         Code  Gb  ABImemcpy_small.o [4]
__iar_small_memcpy8      0x800'1409         Code  Gb  ABImemcpy_small.o [4]
__iar_small_uldivmod     0x800'1ba9         Code  Gb  I64DivMod_small.o [4]
__iar_softfp___iar_frexp64
                         0x800'1421         Code  Gb  frexp.o [3]
__iar_softfp_frexp       0x800'1421         Code  Gb  frexp.o [3]
__iar_softfp_frexpl      0x800'1421         Code  Gb  frexp.o [3]
__iar_zero_init3         0x800'124f   0x3a  Code  Gb  zero_init3.o [4]
__low_level_init         0x800'310b    0x4  Code  Gb  low_level_init.o [2]
__vector_table           0x800'0000         Data  Gb  startup_stm32f405xx.o [1]
_call_main               0x800'30f9         Code  Gb  cmain.o [4]
_exit                    0x800'3115         Code  Gb  cexit.o [4]
_gLocale_mblen           0x800'12f1    0x4  Code  Gb  xlocale_c.o [2]
_gLocale_mblenInt        0x800'12b5   0x2c  Code  Gb  xlocale_c.o [2]
_gLocale_wctomb          0x800'12f5    0x4  Code  Gb  xlocale_c.o [2]
_gLocale_wctombInt       0x800'12ed    0x4  Code  Gb  xlocale_c.o [2]
_main                    0x800'3107         Code  Gb  cmain.o [4]
abort                    0x800'1caf    0x6  Code  Gb  abort.o [2]
exit                     0x800'310f    0x4  Code  Gb  exit.o [2]
fputc                    0x800'2415   0x12  Code  Gb  main.o [1]
huart1                  0x2000'0128   0x40  Data  Gb  usart.o [1]
ldexp                    0x800'14f1         Code  Gb  ldexp.o [3]
ldexpl                   0x800'14f1         Code  Gb  ldexp.o [3]
localeconv               0x800'12f9    0x4  Code  Gb  xlocale_c.o [2]
main                     0x800'2429   0xd4  Code  Gb  main.o [1]
memchr                   0x800'13b1         Code  Gb  memchr.o [4]
memset                   0x800'27d9   0x14  Code  Gb  memset.o [4]
newrxData               0x2000'016c    0x1  Data  Gb  main.o [1]
obuf                    0x2000'00d8   0x50  Data  Lc  xfiles.o [2]
oldrxData               0x2000'016d    0x1  Data  Gb  main.o [1]
printf                   0x800'2b71   0x28  Code  Gb  printf.o [2]
putchar                  0x800'3135    0xc  Code  Gb  putchar.o [2]
scalbln                  0x800'14f1         Code  Gb  ldexp.o [3]
scalblnl                 0x800'14f1         Code  Gb  ldexp.o [3]
scalbn                   0x800'14f1         Code  Gb  ldexp.o [3]
scalbnl                  0x800'14f1         Code  Gb  ldexp.o [3]
scale                    0x800'11a5   0x46  Code  Lc  xprintffull.o [2]
sec_hand                0x2000'0168    0x4  Data  Lc  xfail_s.o [2]
strchr                   0x800'1305         Code  Gb  strchr.o [4]
strlen                   0x800'1379         Code  Gb  strlen.o [4]
uwTick                  0x2000'0004    0x4  Data  Gb  stm32f4xx_hal.o [1]
uwTickFreq              0x2000'0000    0x1  Data  Gb  stm32f4xx_hal.o [1]
uwTickPrio              0x2000'0008    0x4  Data  Gb  stm32f4xx_hal.o [1]


[1] = C:\Users\PKNU\Desktop\IOT\StudyARM\USART_INTERRUPT\EWARM\USART_INTERRUPT\Obj
[2] = dl7M_tlf.a
[3] = m7M_tls.a
[4] = rt7M_tl.a
[5] = shb_l.a

  12'869 bytes of readonly  code memory
     161 bytes of readonly  data memory
   1'390 bytes of readwrite data memory

Errors: none
Warnings: none
