###############################################################################
#
# IAR ELF Linker V8.50.4.261/W32 for ARM                  22/Jun/2020  15:49:13
# Copyright 2007-2020 IAR Systems AB.
#
#    Output file  =
#        C:\Users\PKNU\Desktop\IOT\StudyARM\INTERRUPT\EWARM\INTERRUPT\Exe\INTERRUPT.out
#    Map file     =
#        C:\Users\PKNU\Desktop\IOT\StudyARM\INTERRUPT\EWARM\INTERRUPT\List\INTERRUPT.map
#    Command line =
#        -f C:\Users\PKNU\AppData\Local\Temp\EWC4BC.tmp
#        (C:\Users\PKNU\Desktop\IOT\StudyARM\INTERRUPT\EWARM\INTERRUPT\Obj\gpio.o
#        C:\Users\PKNU\Desktop\IOT\StudyARM\INTERRUPT\EWARM\INTERRUPT\Obj\main.o
#        C:\Users\PKNU\Desktop\IOT\StudyARM\INTERRUPT\EWARM\INTERRUPT\Obj\startup_stm32f405xx.o
#        C:\Users\PKNU\Desktop\IOT\StudyARM\INTERRUPT\EWARM\INTERRUPT\Obj\stm32f4xx_hal.o
#        C:\Users\PKNU\Desktop\IOT\StudyARM\INTERRUPT\EWARM\INTERRUPT\Obj\stm32f4xx_hal_cortex.o
#        C:\Users\PKNU\Desktop\IOT\StudyARM\INTERRUPT\EWARM\INTERRUPT\Obj\stm32f4xx_hal_dma.o
#        C:\Users\PKNU\Desktop\IOT\StudyARM\INTERRUPT\EWARM\INTERRUPT\Obj\stm32f4xx_hal_dma_ex.o
#        C:\Users\PKNU\Desktop\IOT\StudyARM\INTERRUPT\EWARM\INTERRUPT\Obj\stm32f4xx_hal_exti.o
#        C:\Users\PKNU\Desktop\IOT\StudyARM\INTERRUPT\EWARM\INTERRUPT\Obj\stm32f4xx_hal_flash.o
#        C:\Users\PKNU\Desktop\IOT\StudyARM\INTERRUPT\EWARM\INTERRUPT\Obj\stm32f4xx_hal_flash_ex.o
#        C:\Users\PKNU\Desktop\IOT\StudyARM\INTERRUPT\EWARM\INTERRUPT\Obj\stm32f4xx_hal_flash_ramfunc.o
#        C:\Users\PKNU\Desktop\IOT\StudyARM\INTERRUPT\EWARM\INTERRUPT\Obj\stm32f4xx_hal_gpio.o
#        C:\Users\PKNU\Desktop\IOT\StudyARM\INTERRUPT\EWARM\INTERRUPT\Obj\stm32f4xx_hal_msp.o
#        C:\Users\PKNU\Desktop\IOT\StudyARM\INTERRUPT\EWARM\INTERRUPT\Obj\stm32f4xx_hal_pwr.o
#        C:\Users\PKNU\Desktop\IOT\StudyARM\INTERRUPT\EWARM\INTERRUPT\Obj\stm32f4xx_hal_pwr_ex.o
#        C:\Users\PKNU\Desktop\IOT\StudyARM\INTERRUPT\EWARM\INTERRUPT\Obj\stm32f4xx_hal_rcc.o
#        C:\Users\PKNU\Desktop\IOT\StudyARM\INTERRUPT\EWARM\INTERRUPT\Obj\stm32f4xx_hal_rcc_ex.o
#        C:\Users\PKNU\Desktop\IOT\StudyARM\INTERRUPT\EWARM\INTERRUPT\Obj\stm32f4xx_hal_tim.o
#        C:\Users\PKNU\Desktop\IOT\StudyARM\INTERRUPT\EWARM\INTERRUPT\Obj\stm32f4xx_hal_tim_ex.o
#        C:\Users\PKNU\Desktop\IOT\StudyARM\INTERRUPT\EWARM\INTERRUPT\Obj\stm32f4xx_it.o
#        C:\Users\PKNU\Desktop\IOT\StudyARM\INTERRUPT\EWARM\INTERRUPT\Obj\system_stm32f4xx.o
#        --redirect _Printf=_PrintfFull --redirect _Scanf=_ScanfFull
#        --no_out_extension -o
#        C:\Users\PKNU\Desktop\IOT\StudyARM\INTERRUPT\EWARM\INTERRUPT\Exe\INTERRUPT.out
#        --map
#        C:\Users\PKNU\Desktop\IOT\StudyARM\INTERRUPT\EWARM\INTERRUPT\List\INTERRUPT.map
#        --config
#        C:\Users\PKNU\Desktop\IOT\StudyARM\INTERRUPT\EWARM/stm32f405xx_flash.icf
#        --semihosting --entry __iar_program_start --vfe --text_out locale)
#
###############################################################################

*******************************************************************************
*** RUNTIME MODEL ATTRIBUTES
***

CppFlavor       = *
__SystemLibrary = DLib
__dlib_version  = 6


*******************************************************************************
*** HEAP SELECTION
***

The basic heap was selected because some modules are built with
size limitations (and not runtime checking), and --advanced_heap
was not specified.


*******************************************************************************
*** PLACEMENT SUMMARY
***

"A0":  place at address 0x800'0000 { ro section .intvec };
"P1":  place in [from 0x800'0000 to 0x80f'ffff] { ro };
define block CSTACK with size = 1K, alignment = 8 { };
define block HEAP with size = 512, alignment = 8 { };
"P2":  place in [from 0x2000'0000 to 0x2001'ffff] {
          rw, block CSTACK, block HEAP };
initialize by copy { rw };

  Section            Kind         Address   Size  Object
  -------            ----         -------   ----  ------
"A0":                                      0x188
  .intvec            ro code   0x800'0000  0x188  startup_stm32f405xx.o [1]
                             - 0x800'0188  0x188

"P1":                                      0xe08
  .text              ro code   0x800'0188  0x310  stm32f4xx_hal_rcc.o [1]
  .text              ro code   0x800'0498    0xc  stm32f4xx_hal.o [1]
  .text              ro code   0x800'04a4  0x1f8  stm32f4xx_hal_gpio.o [1]
  .text              ro code   0x800'069c  0x104  main.o [1]
  .text              ro code   0x800'07a0   0x34  stm32f4xx_hal.o [1]
  .text              ro code   0x800'07d4   0xc0  gpio.o [1]
  .text              ro code   0x800'0894   0x28  stm32f4xx_hal.o [1]
  .text              ro code   0x800'08bc   0x14  memset.o [4]
  .text              ro code   0x800'08d0  0x180  stm32f4xx_hal_rcc.o [1]
  .text              ro code   0x800'0a50   0xc4  stm32f4xx_hal_cortex.o [1]
  .text              ro code   0x800'0b14   0x40  stm32f4xx_hal.o [1]
  .text              ro code   0x800'0b54   0x38  stm32f4xx_hal_msp.o [1]
  .text              ro code   0x800'0b8c   0x66  ABImemset.o [4]
  .text              ro code   0x800'0bf2   0x2e  copy_init3.o [4]
  .text              ro code   0x800'0c20  0x106  I64DivMod_small.o [4]
  .text              ro code   0x800'0d28    0x2  I64DivZer.o [4]
  .text              ro code   0x800'0d2c   0x2c  system_stm32f4xx.o [1]
  .text              ro code   0x800'0d58   0x28  data_init.o [4]
  .text              ro code   0x800'0d80   0x22  fpinit_M.o [3]
  .iar.init_table    const     0x800'0da4   0x14  - Linker created -
  .text              ro code   0x800'0db8   0x1e  cmain.o [4]
  .text              ro code   0x800'0dd6    0x4  low_level_init.o [2]
  .text              ro code   0x800'0dda    0x4  exit.o [2]
  .text              ro code   0x800'0de0    0xa  cexit.o [4]
  .text              ro code   0x800'0dec   0x14  exit.o [5]
  .text              ro code   0x800'0e00   0x1c  stm32f4xx_it.o [1]
  .text              ro code   0x800'0e1c   0x10  stm32f4xx_hal.o [1]
  Initializer bytes  const     0x800'0e2c   0x14  <for P2-1>
  .text              ro code   0x800'0e40   0x10  startup_stm32f405xx.o [1]
  .text              ro code   0x800'0e50    0xc  cstartup_M.o [4]
  .text              ro code   0x800'0e5c    0x4  startup_stm32f405xx.o [1]
  .text              ro code   0x800'0e60    0x4  startup_stm32f405xx.o [1]
  .text              ro code   0x800'0e64    0x4  startup_stm32f405xx.o [1]
  .text              ro code   0x800'0e68    0x4  startup_stm32f405xx.o [1]
  .text              ro code   0x800'0e6c    0x4  startup_stm32f405xx.o [1]
  .text              ro code   0x800'0e70    0x4  startup_stm32f405xx.o [1]
  .text              ro code   0x800'0e74    0x4  startup_stm32f405xx.o [1]
  .text              ro code   0x800'0e78    0x4  startup_stm32f405xx.o [1]
  .text              ro code   0x800'0e7c    0x4  startup_stm32f405xx.o [1]
  .text              ro code   0x800'0e80    0x4  startup_stm32f405xx.o [1]
  .text              ro code   0x800'0e84    0x4  startup_stm32f405xx.o [1]
  .text              ro code   0x800'0e88    0x4  startup_stm32f405xx.o [1]
  .text              ro code   0x800'0e8c    0x4  startup_stm32f405xx.o [1]
  .text              ro code   0x800'0e90    0x4  startup_stm32f405xx.o [1]
  .text              ro code   0x800'0e94    0x4  startup_stm32f405xx.o [1]
  .text              ro code   0x800'0e98    0x4  startup_stm32f405xx.o [1]
  .text              ro code   0x800'0e9c    0x4  startup_stm32f405xx.o [1]
  .text              ro code   0x800'0ea0    0x4  startup_stm32f405xx.o [1]
  .text              ro code   0x800'0ea4    0x4  startup_stm32f405xx.o [1]
  .text              ro code   0x800'0ea8    0x4  startup_stm32f405xx.o [1]
  .text              ro code   0x800'0eac    0x4  startup_stm32f405xx.o [1]
  .text              ro code   0x800'0eb0    0x4  startup_stm32f405xx.o [1]
  .text              ro code   0x800'0eb4    0x4  startup_stm32f405xx.o [1]
  .text              ro code   0x800'0eb8    0x4  startup_stm32f405xx.o [1]
  .text              ro code   0x800'0ebc    0x4  startup_stm32f405xx.o [1]
  .text              ro code   0x800'0ec0    0x4  startup_stm32f405xx.o [1]
  .text              ro code   0x800'0ec4    0x4  startup_stm32f405xx.o [1]
  .text              ro code   0x800'0ec8    0x4  startup_stm32f405xx.o [1]
  .text              ro code   0x800'0ecc    0x4  startup_stm32f405xx.o [1]
  .text              ro code   0x800'0ed0    0x4  startup_stm32f405xx.o [1]
  .text              ro code   0x800'0ed4    0x4  startup_stm32f405xx.o [1]
  .text              ro code   0x800'0ed8    0x4  startup_stm32f405xx.o [1]
  .text              ro code   0x800'0edc    0x4  startup_stm32f405xx.o [1]
  .text              ro code   0x800'0ee0    0x4  startup_stm32f405xx.o [1]
  .text              ro code   0x800'0ee4    0x4  startup_stm32f405xx.o [1]
  .text              ro code   0x800'0ee8    0x4  startup_stm32f405xx.o [1]
  .text              ro code   0x800'0eec    0x4  startup_stm32f405xx.o [1]
  .text              ro code   0x800'0ef0    0x4  startup_stm32f405xx.o [1]
  .text              ro code   0x800'0ef4    0x4  startup_stm32f405xx.o [1]
  .text              ro code   0x800'0ef8    0x4  startup_stm32f405xx.o [1]
  .text              ro code   0x800'0efc    0x4  startup_stm32f405xx.o [1]
  .text              ro code   0x800'0f00    0x4  startup_stm32f405xx.o [1]
  .text              ro code   0x800'0f04    0x4  startup_stm32f405xx.o [1]
  .text              ro code   0x800'0f08    0x4  startup_stm32f405xx.o [1]
  .text              ro code   0x800'0f0c    0x4  startup_stm32f405xx.o [1]
  .text              ro code   0x800'0f10    0x4  startup_stm32f405xx.o [1]
  .text              ro code   0x800'0f14    0x4  startup_stm32f405xx.o [1]
  .text              ro code   0x800'0f18    0x4  startup_stm32f405xx.o [1]
  .text              ro code   0x800'0f1c    0x4  startup_stm32f405xx.o [1]
  .text              ro code   0x800'0f20    0x4  startup_stm32f405xx.o [1]
  .text              ro code   0x800'0f24    0x4  startup_stm32f405xx.o [1]
  .text              ro code   0x800'0f28    0x4  startup_stm32f405xx.o [1]
  .text              ro code   0x800'0f2c    0x4  startup_stm32f405xx.o [1]
  .text              ro code   0x800'0f30    0x4  startup_stm32f405xx.o [1]
  .text              ro code   0x800'0f34    0x4  startup_stm32f405xx.o [1]
  .text              ro code   0x800'0f38    0x4  startup_stm32f405xx.o [1]
  .text              ro code   0x800'0f3c    0x4  startup_stm32f405xx.o [1]
  .text              ro code   0x800'0f40    0x4  startup_stm32f405xx.o [1]
  .text              ro code   0x800'0f44    0x4  startup_stm32f405xx.o [1]
  .text              ro code   0x800'0f48    0x4  startup_stm32f405xx.o [1]
  .text              ro code   0x800'0f4c    0x4  startup_stm32f405xx.o [1]
  .text              ro code   0x800'0f50    0x4  startup_stm32f405xx.o [1]
  .text              ro code   0x800'0f54    0x4  startup_stm32f405xx.o [1]
  .text              ro code   0x800'0f58    0x4  startup_stm32f405xx.o [1]
  .text              ro code   0x800'0f5c    0x4  startup_stm32f405xx.o [1]
  .text              ro code   0x800'0f60    0x4  startup_stm32f405xx.o [1]
  .text              ro code   0x800'0f64    0x4  startup_stm32f405xx.o [1]
  .text              ro code   0x800'0f68    0x4  startup_stm32f405xx.o [1]
  .text              ro code   0x800'0f6c    0x4  startup_stm32f405xx.o [1]
  .text              ro code   0x800'0f70    0x4  startup_stm32f405xx.o [1]
  .text              ro code   0x800'0f74    0x4  startup_stm32f405xx.o [1]
  .text              ro code   0x800'0f78    0x4  startup_stm32f405xx.o [1]
  .text              ro code   0x800'0f7c    0x4  startup_stm32f405xx.o [1]
  .text              ro code   0x800'0f80    0x4  startup_stm32f405xx.o [1]
  .text              ro code   0x800'0f84    0x4  startup_stm32f405xx.o [1]
  .text              ro code   0x800'0f88    0x4  startup_stm32f405xx.o [1]
  .text              ro code   0x800'0f8c    0x4  startup_stm32f405xx.o [1]
  .rodata            const     0x800'0f90    0x0  copy_init3.o [4]
                             - 0x800'0f90  0xe08

"P2", part 1 of 2:                          0x14
  P2-1                        0x2000'0000   0x14  <Init block>
    .data            inited   0x2000'0000    0xc  stm32f4xx_hal.o [1]
    .data            inited   0x2000'000c    0x4  system_stm32f4xx.o [1]
    .bss             inited   0x2000'0010    0x4  main.o [1]
                            - 0x2000'0014   0x14

"P2", part 2 of 2:                         0x400
  CSTACK                      0x2000'0018  0x400  <Block>
    CSTACK           uninit   0x2000'0018  0x400  <Block tail>
                            - 0x2000'0418  0x400

Unused ranges:

         From           To      Size
         ----           --      ----
   0x800'0f90   0x80f'ffff  0xf'f070
  0x2000'0014  0x2000'0017       0x4
  0x2000'0418  0x2001'ffff  0x1'fbe8


*******************************************************************************
*** INIT TABLE
***

          Address      Size
          -------      ----
Copy (__iar_copy_init3)
    1 source range, total size 0x14:
           0x800'0e2c  0x14
    1 destination range, total size 0x14:
          0x2000'0000  0x14



*******************************************************************************
*** MODULE SUMMARY
***

    Module                  ro code  ro data  rw data
    ------                  -------  -------  -------
command line/config:
    -------------------------------------------------
    Total:

C:\Users\PKNU\Desktop\IOT\StudyARM\INTERRUPT\EWARM\INTERRUPT\Obj: [1]
    gpio.o                      192
    main.o                      260        4        4
    startup_stm32f405xx.o       716
    stm32f4xx_hal.o             184       12       12
    stm32f4xx_hal_cortex.o      196
    stm32f4xx_hal_gpio.o        504
    stm32f4xx_hal_msp.o          56
    stm32f4xx_hal_rcc.o       1'168
    stm32f4xx_it.o               28
    system_stm32f4xx.o           44        4        4
    -------------------------------------------------
    Total:                    3'348       20       20

dl7M_tln.a: [2]
    exit.o                        4
    low_level_init.o              4
    -------------------------------------------------
    Total:                        8

m7M_tls.a: [3]
    fpinit_M.o                   34
    -------------------------------------------------
    Total:                       34

rt7M_tl.a: [4]
    ABImemset.o                 102
    I64DivMod_small.o           262
    I64DivZer.o                   2
    cexit.o                      10
    cmain.o                      30
    copy_init3.o                 46
    cstartup_M.o                 12
    data_init.o                  40
    memset.o                     20
    -------------------------------------------------
    Total:                      524

shb_l.a: [5]
    exit.o                       20
    -------------------------------------------------
    Total:                       20

    Gaps                          8        2
    Linker created                        20    1'024
-----------------------------------------------------
    Grand Total:              3'942       42    1'044


*******************************************************************************
*** ENTRY LIST
***

Entry                       Address   Size  Type      Object
-----                       -------   ----  ----      ------
.iar.init_table$$Base    0x800'0da4          --   Gb  - Linker created -
.iar.init_table$$Limit   0x800'0db8          --   Gb  - Linker created -
?main                    0x800'0db9         Code  Gb  cmain.o [4]
AHBPrescTable            0x800'0d48   0x10  Data  Gb  system_stm32f4xx.o [1]
BusFault_Handler         0x800'0e07    0x2  Code  Gb  stm32f4xx_it.o [1]
CSTACK$$Base            0x2000'0018          --   Gb  - Linker created -
CSTACK$$Limit           0x2000'0418          --   Gb  - Linker created -
DebugMon_Handler         0x800'0e0d    0x2  Code  Gb  stm32f4xx_it.o [1]
EXTI15_10_IRQHandler     0x800'0e15    0x8  Code  Gb  stm32f4xx_it.o [1]
HAL_Delay                0x800'0895   0x28  Code  Wk  stm32f4xx_hal.o [1]
HAL_GPIO_EXTI_Callback   0x800'0775   0x1a  Code  Gb  main.o [1]
HAL_GPIO_EXTI_IRQHandler
                         0x800'065b   0x10  Code  Gb  stm32f4xx_hal_gpio.o [1]
HAL_GPIO_Init            0x800'04a5  0x1ae  Code  Gb  stm32f4xx_hal_gpio.o [1]
HAL_GPIO_WritePin        0x800'0653    0x8  Code  Gb  stm32f4xx_hal_gpio.o [1]
HAL_GetTick              0x800'0499    0xc  Code  Wk  stm32f4xx_hal.o [1]
HAL_IncTick              0x800'0e1d   0x10  Code  Wk  stm32f4xx_hal.o [1]
HAL_Init                 0x800'07a1   0x30  Code  Gb  stm32f4xx_hal.o [1]
HAL_InitTick             0x800'0b15   0x40  Code  Wk  stm32f4xx_hal.o [1]
HAL_MspInit              0x800'0b55   0x38  Code  Gb  stm32f4xx_hal_msp.o [1]
HAL_NVIC_EnableIRQ       0x800'0abf   0x16  Code  Gb  stm32f4xx_hal_cortex.o [1]
HAL_NVIC_SetPriority     0x800'0a85   0x3a  Code  Gb  stm32f4xx_hal_cortex.o [1]
HAL_NVIC_SetPriorityGrouping
                         0x800'0a6b   0x1a  Code  Gb  stm32f4xx_hal_cortex.o [1]
HAL_RCC_ClockConfig      0x800'08d1  0x100  Code  Gb  stm32f4xx_hal_rcc.o [1]
HAL_RCC_OscConfig        0x800'0189  0x310  Code  Wk  stm32f4xx_hal_rcc.o [1]
HAL_SYSTICK_Config       0x800'0ad5   0x28  Code  Gb  stm32f4xx_hal_cortex.o [1]
HardFault_Handler        0x800'0e03    0x2  Code  Gb  stm32f4xx_it.o [1]
MX_GPIO_Init             0x800'07d5   0xc0  Code  Gb  gpio.o [1]
MemManage_Handler        0x800'0e05    0x2  Code  Gb  stm32f4xx_it.o [1]
NMI_Handler              0x800'0e01    0x2  Code  Gb  stm32f4xx_it.o [1]
PendSV_Handler           0x800'0e0f    0x2  Code  Gb  stm32f4xx_it.o [1]
Region$$Table$$Base      0x800'0da4          --   Gb  - Linker created -
Region$$Table$$Limit     0x800'0db8          --   Gb  - Linker created -
SVC_Handler              0x800'0e0b    0x2  Code  Gb  stm32f4xx_it.o [1]
SysTick_Handler          0x800'0e11    0x4  Code  Gb  stm32f4xx_it.o [1]
SystemClock_Config       0x800'06df   0x96  Code  Gb  main.o [1]
SystemCoreClock         0x2000'000c    0x4  Data  Gb  system_stm32f4xx.o [1]
SystemInit               0x800'0d2d   0x14  Code  Gb  system_stm32f4xx.o [1]
UsageFault_Handler       0x800'0e09    0x2  Code  Gb  stm32f4xx_it.o [1]
__NVIC_SetPriority       0x800'0a51   0x1a  Code  Lc  stm32f4xx_hal_cortex.o [1]
__aeabi_ldiv0            0x800'0d29         Code  Gb  I64DivZer.o [4]
__aeabi_memset           0x800'0b8d         Code  Gb  ABImemset.o [4]
__cmain                  0x800'0db9         Code  Gb  cmain.o [4]
__exit                   0x800'0ded   0x14  Code  Gb  exit.o [5]
__iar_Memset             0x800'0b8d         Code  Gb  ABImemset.o [4]
__iar_Memset_word        0x800'0b95         Code  Gb  ABImemset.o [4]
__iar_copy_init3         0x800'0bf3   0x2e  Code  Gb  copy_init3.o [4]
__iar_data_init3         0x800'0d59   0x28  Code  Gb  data_init.o [4]
__iar_init_vfp           0x800'0d81         Code  Gb  fpinit_M.o [3]
__iar_program_start      0x800'0e51         Code  Gb  cstartup_M.o [4]
__iar_small_uldivmod     0x800'0c21         Code  Gb  I64DivMod_small.o [4]
__low_level_init         0x800'0dd7    0x4  Code  Gb  low_level_init.o [2]
__vector_table           0x800'0000         Data  Gb  startup_stm32f405xx.o [1]
_call_main               0x800'0dc5         Code  Gb  cmain.o [4]
_exit                    0x800'0de1         Code  Gb  cexit.o [4]
_main                    0x800'0dd3         Code  Gb  cmain.o [4]
exit                     0x800'0ddb    0x4  Code  Gb  exit.o [2]
main                     0x800'069d   0x42  Code  Gb  main.o [1]
memset                   0x800'08bd   0x14  Code  Gb  memset.o [4]
stop                    0x2000'0010    0x4  Data  Gb  main.o [1]
uwTick                  0x2000'0004    0x4  Data  Gb  stm32f4xx_hal.o [1]
uwTickFreq              0x2000'0000    0x1  Data  Gb  stm32f4xx_hal.o [1]
uwTickPrio              0x2000'0008    0x4  Data  Gb  stm32f4xx_hal.o [1]


[1] = C:\Users\PKNU\Desktop\IOT\StudyARM\INTERRUPT\EWARM\INTERRUPT\Obj
[2] = dl7M_tln.a
[3] = m7M_tls.a
[4] = rt7M_tl.a
[5] = shb_l.a

  3'942 bytes of readonly  code memory
     42 bytes of readonly  data memory
  1'044 bytes of readwrite data memory

Errors: none
Warnings: none
