###############################################################################
#
# IAR ELF Linker V8.50.4.261/W32 for ARM                  24/Jun/2020  12:00:08
# Copyright 2007-2020 IAR Systems AB.
#
#    Output file  =
#        C:\Users\PKNU\Desktop\IOT\StudyARM\USART_PWM_PIANO\EWARM\USART_PWM_PIANO\Exe\USART_PWM_PIANO.out
#    Map file     =
#        C:\Users\PKNU\Desktop\IOT\StudyARM\USART_PWM_PIANO\EWARM\USART_PWM_PIANO\List\USART_PWM_PIANO.map
#    Command line =
#        -f C:\Users\PKNU\AppData\Local\Temp\EW91A0.tmp
#        (C:\Users\PKNU\Desktop\IOT\StudyARM\USART_PWM_PIANO\EWARM\USART_PWM_PIANO\Obj\gpio.o
#        C:\Users\PKNU\Desktop\IOT\StudyARM\USART_PWM_PIANO\EWARM\USART_PWM_PIANO\Obj\main.o
#        C:\Users\PKNU\Desktop\IOT\StudyARM\USART_PWM_PIANO\EWARM\USART_PWM_PIANO\Obj\startup_stm32f405xx.o
#        C:\Users\PKNU\Desktop\IOT\StudyARM\USART_PWM_PIANO\EWARM\USART_PWM_PIANO\Obj\stm32f4xx_hal.o
#        C:\Users\PKNU\Desktop\IOT\StudyARM\USART_PWM_PIANO\EWARM\USART_PWM_PIANO\Obj\stm32f4xx_hal_cortex.o
#        C:\Users\PKNU\Desktop\IOT\StudyARM\USART_PWM_PIANO\EWARM\USART_PWM_PIANO\Obj\stm32f4xx_hal_dma.o
#        C:\Users\PKNU\Desktop\IOT\StudyARM\USART_PWM_PIANO\EWARM\USART_PWM_PIANO\Obj\stm32f4xx_hal_dma_ex.o
#        C:\Users\PKNU\Desktop\IOT\StudyARM\USART_PWM_PIANO\EWARM\USART_PWM_PIANO\Obj\stm32f4xx_hal_exti.o
#        C:\Users\PKNU\Desktop\IOT\StudyARM\USART_PWM_PIANO\EWARM\USART_PWM_PIANO\Obj\stm32f4xx_hal_flash.o
#        C:\Users\PKNU\Desktop\IOT\StudyARM\USART_PWM_PIANO\EWARM\USART_PWM_PIANO\Obj\stm32f4xx_hal_flash_ex.o
#        C:\Users\PKNU\Desktop\IOT\StudyARM\USART_PWM_PIANO\EWARM\USART_PWM_PIANO\Obj\stm32f4xx_hal_flash_ramfunc.o
#        C:\Users\PKNU\Desktop\IOT\StudyARM\USART_PWM_PIANO\EWARM\USART_PWM_PIANO\Obj\stm32f4xx_hal_gpio.o
#        C:\Users\PKNU\Desktop\IOT\StudyARM\USART_PWM_PIANO\EWARM\USART_PWM_PIANO\Obj\stm32f4xx_hal_msp.o
#        C:\Users\PKNU\Desktop\IOT\StudyARM\USART_PWM_PIANO\EWARM\USART_PWM_PIANO\Obj\stm32f4xx_hal_pwr.o
#        C:\Users\PKNU\Desktop\IOT\StudyARM\USART_PWM_PIANO\EWARM\USART_PWM_PIANO\Obj\stm32f4xx_hal_pwr_ex.o
#        C:\Users\PKNU\Desktop\IOT\StudyARM\USART_PWM_PIANO\EWARM\USART_PWM_PIANO\Obj\stm32f4xx_hal_rcc.o
#        C:\Users\PKNU\Desktop\IOT\StudyARM\USART_PWM_PIANO\EWARM\USART_PWM_PIANO\Obj\stm32f4xx_hal_rcc_ex.o
#        C:\Users\PKNU\Desktop\IOT\StudyARM\USART_PWM_PIANO\EWARM\USART_PWM_PIANO\Obj\stm32f4xx_hal_tim.o
#        C:\Users\PKNU\Desktop\IOT\StudyARM\USART_PWM_PIANO\EWARM\USART_PWM_PIANO\Obj\stm32f4xx_hal_tim_ex.o
#        C:\Users\PKNU\Desktop\IOT\StudyARM\USART_PWM_PIANO\EWARM\USART_PWM_PIANO\Obj\stm32f4xx_hal_uart.o
#        C:\Users\PKNU\Desktop\IOT\StudyARM\USART_PWM_PIANO\EWARM\USART_PWM_PIANO\Obj\stm32f4xx_it.o
#        C:\Users\PKNU\Desktop\IOT\StudyARM\USART_PWM_PIANO\EWARM\USART_PWM_PIANO\Obj\system_stm32f4xx.o
#        C:\Users\PKNU\Desktop\IOT\StudyARM\USART_PWM_PIANO\EWARM\USART_PWM_PIANO\Obj\tim.o
#        C:\Users\PKNU\Desktop\IOT\StudyARM\USART_PWM_PIANO\EWARM\USART_PWM_PIANO\Obj\usart.o
#        --redirect _Printf=_PrintfFull --redirect _Scanf=_ScanfFull
#        --no_out_extension -o
#        C:\Users\PKNU\Desktop\IOT\StudyARM\USART_PWM_PIANO\EWARM\USART_PWM_PIANO\Exe\USART_PWM_PIANO.out
#        --map
#        C:\Users\PKNU\Desktop\IOT\StudyARM\USART_PWM_PIANO\EWARM\USART_PWM_PIANO\List\USART_PWM_PIANO.map
#        --config
#        C:\Users\PKNU\Desktop\IOT\StudyARM\USART_PWM_PIANO\EWARM/stm32f405xx_flash.icf
#        --semihosting --entry __iar_program_start --vfe --text_out locale)
#
###############################################################################

*******************************************************************************
*** RUNTIME MODEL ATTRIBUTES
***

CppFlavor       = *
__SystemLibrary = DLib
__dlib_version  = 6


*******************************************************************************
*** HEAP SELECTION
***

The basic heap was selected because some modules are built with
size limitations (and not runtime checking), and --advanced_heap
was not specified.


*******************************************************************************
*** PLACEMENT SUMMARY
***

"A0":  place at address 0x800'0000 { ro section .intvec };
"P1":  place in [from 0x800'0000 to 0x80f'ffff] { ro };
define block CSTACK with size = 1K, alignment = 8 { };
define block HEAP with size = 512, alignment = 8 { };
"P2":  place in [from 0x2000'0000 to 0x2001'ffff] {
          rw, block CSTACK, block HEAP };
initialize by copy { rw };

  Section            Kind         Address    Size  Object
  -------            ----         -------    ----  ------
"A0":                                       0x188
  .intvec            ro code   0x800'0000   0x188  startup_stm32f405xx.o [1]
                             - 0x800'0188   0x188

"P1":                                      0x1b05
  .text              ro code   0x800'0188   0x4f6  stm32f4xx_hal_tim.o [1]
  .text              ro code   0x800'067e    0x3a  zero_init3.o [4]
  .text              ro code   0x800'06b8   0x120  tim.o [1]
  .text              ro code   0x800'07d8     0x2  stm32f4xx_hal_tim.o [1]
  .text              ro code   0x800'07da    0x14  memset.o [4]
  .text              ro code   0x800'07f0   0x19e  main.o [1]
  .text              ro code   0x800'0990    0x8c  stm32f4xx_hal_tim_ex.o [1]
  .text              ro code   0x800'0a1c   0x1dc  stm32f4xx_hal_gpio.o [1]
  .text              ro code   0x800'0bf8    0x66  ABImemset.o [4]
  .text              ro code   0x800'0c60    0x28  stm32f4xx_hal.o [1]
  .text              ro code   0x800'0c88    0x34  stm32f4xx_hal.o [1]
  .text              ro code   0x800'0cbc    0x38  gpio.o [1]
  .text              ro code   0x800'0cf4    0xb4  usart.o [1]
  .text              ro code   0x800'0da8   0x4ec  stm32f4xx_hal_uart.o [1]
  .text              ro code   0x800'1294   0x310  stm32f4xx_hal_rcc.o [1]
  .text              ro code   0x800'15a4   0x1ac  stm32f4xx_hal_rcc.o [1]
  .text              ro code   0x800'1750     0xc  stm32f4xx_hal.o [1]
  .text              ro code   0x800'175c    0xc4  stm32f4xx_hal_cortex.o [1]
  .text              ro code   0x800'1820    0x40  stm32f4xx_hal.o [1]
  .text              ro code   0x800'1860    0x38  stm32f4xx_hal_msp.o [1]
  .text              ro code   0x800'1898    0x24  stm32f4xx_hal_dma.o [1]
  .text              ro code   0x800'18bc     0x2  stm32f4xx_hal_uart.o [1]
  .text              ro code   0x800'18be     0x2  stm32f4xx_hal_uart.o [1]
  .text              ro code   0x800'18c0   0x106  I64DivMod_small.o [4]
  .text              ro code   0x800'19c8     0x2  I64DivZer.o [4]
  .text              ro code   0x800'19ca    0x38  packbits_init_single.o [4]
  .text              ro code   0x800'1a04    0x2c  system_stm32f4xx.o [1]
  .text              ro code   0x800'1a30    0x28  data_init.o [4]
  .text              ro code   0x800'1a58    0x22  fpinit_M.o [3]
  .iar.init_table    const     0x800'1a7c    0x20  - Linker created -
  .text              ro code   0x800'1a9c    0x20  stm32f4xx_it.o [1]
  .text              ro code   0x800'1abc    0x10  stm32f4xx_hal.o [1]
  .text              ro code   0x800'1acc    0x1e  cmain.o [4]
  .text              ro code   0x800'1aea     0x4  low_level_init.o [2]
  .text              ro code   0x800'1aee     0x4  exit.o [2]
  .text              ro code   0x800'1af4     0xa  cexit.o [4]
  .text              ro code   0x800'1b00    0x14  exit.o [5]
  .text              ro code   0x800'1b14    0x10  startup_stm32f405xx.o [1]
  .text              ro code   0x800'1b24     0xc  cstartup_M.o [4]
  .rodata            const     0x800'1b30     0x8  system_stm32f4xx.o [1]
  .text              ro code   0x800'1b38     0x4  startup_stm32f405xx.o [1]
  .text              ro code   0x800'1b3c     0x4  startup_stm32f405xx.o [1]
  .text              ro code   0x800'1b40     0x4  startup_stm32f405xx.o [1]
  .text              ro code   0x800'1b44     0x4  startup_stm32f405xx.o [1]
  .text              ro code   0x800'1b48     0x4  startup_stm32f405xx.o [1]
  .text              ro code   0x800'1b4c     0x4  startup_stm32f405xx.o [1]
  .text              ro code   0x800'1b50     0x4  startup_stm32f405xx.o [1]
  .text              ro code   0x800'1b54     0x4  startup_stm32f405xx.o [1]
  .text              ro code   0x800'1b58     0x4  startup_stm32f405xx.o [1]
  .text              ro code   0x800'1b5c     0x4  startup_stm32f405xx.o [1]
  .text              ro code   0x800'1b60     0x4  startup_stm32f405xx.o [1]
  .text              ro code   0x800'1b64     0x4  startup_stm32f405xx.o [1]
  .text              ro code   0x800'1b68     0x4  startup_stm32f405xx.o [1]
  .text              ro code   0x800'1b6c     0x4  startup_stm32f405xx.o [1]
  .text              ro code   0x800'1b70     0x4  startup_stm32f405xx.o [1]
  .text              ro code   0x800'1b74     0x4  startup_stm32f405xx.o [1]
  .text              ro code   0x800'1b78     0x4  startup_stm32f405xx.o [1]
  .text              ro code   0x800'1b7c     0x4  startup_stm32f405xx.o [1]
  .text              ro code   0x800'1b80     0x4  startup_stm32f405xx.o [1]
  .text              ro code   0x800'1b84     0x4  startup_stm32f405xx.o [1]
  .text              ro code   0x800'1b88     0x4  startup_stm32f405xx.o [1]
  .text              ro code   0x800'1b8c     0x4  startup_stm32f405xx.o [1]
  .text              ro code   0x800'1b90     0x4  startup_stm32f405xx.o [1]
  .text              ro code   0x800'1b94     0x4  startup_stm32f405xx.o [1]
  .text              ro code   0x800'1b98     0x4  startup_stm32f405xx.o [1]
  .text              ro code   0x800'1b9c     0x4  startup_stm32f405xx.o [1]
  .text              ro code   0x800'1ba0     0x4  startup_stm32f405xx.o [1]
  .text              ro code   0x800'1ba4     0x4  startup_stm32f405xx.o [1]
  .text              ro code   0x800'1ba8     0x4  startup_stm32f405xx.o [1]
  .text              ro code   0x800'1bac     0x4  startup_stm32f405xx.o [1]
  .text              ro code   0x800'1bb0     0x4  startup_stm32f405xx.o [1]
  .text              ro code   0x800'1bb4     0x4  startup_stm32f405xx.o [1]
  .text              ro code   0x800'1bb8     0x4  startup_stm32f405xx.o [1]
  .text              ro code   0x800'1bbc     0x4  startup_stm32f405xx.o [1]
  .text              ro code   0x800'1bc0     0x4  startup_stm32f405xx.o [1]
  .text              ro code   0x800'1bc4     0x4  startup_stm32f405xx.o [1]
  .text              ro code   0x800'1bc8     0x4  startup_stm32f405xx.o [1]
  .text              ro code   0x800'1bcc     0x4  startup_stm32f405xx.o [1]
  .text              ro code   0x800'1bd0     0x4  startup_stm32f405xx.o [1]
  .text              ro code   0x800'1bd4     0x4  startup_stm32f405xx.o [1]
  .text              ro code   0x800'1bd8     0x4  startup_stm32f405xx.o [1]
  .text              ro code   0x800'1bdc     0x4  startup_stm32f405xx.o [1]
  .text              ro code   0x800'1be0     0x4  startup_stm32f405xx.o [1]
  .text              ro code   0x800'1be4     0x4  startup_stm32f405xx.o [1]
  .text              ro code   0x800'1be8     0x4  startup_stm32f405xx.o [1]
  .text              ro code   0x800'1bec     0x4  startup_stm32f405xx.o [1]
  .text              ro code   0x800'1bf0     0x4  startup_stm32f405xx.o [1]
  .text              ro code   0x800'1bf4     0x4  startup_stm32f405xx.o [1]
  .text              ro code   0x800'1bf8     0x4  startup_stm32f405xx.o [1]
  .text              ro code   0x800'1bfc     0x4  startup_stm32f405xx.o [1]
  .text              ro code   0x800'1c00     0x4  startup_stm32f405xx.o [1]
  .text              ro code   0x800'1c04     0x4  startup_stm32f405xx.o [1]
  .text              ro code   0x800'1c08     0x4  startup_stm32f405xx.o [1]
  .text              ro code   0x800'1c0c     0x4  startup_stm32f405xx.o [1]
  .text              ro code   0x800'1c10     0x4  startup_stm32f405xx.o [1]
  .text              ro code   0x800'1c14     0x4  startup_stm32f405xx.o [1]
  .text              ro code   0x800'1c18     0x4  startup_stm32f405xx.o [1]
  .text              ro code   0x800'1c1c     0x4  startup_stm32f405xx.o [1]
  .text              ro code   0x800'1c20     0x4  startup_stm32f405xx.o [1]
  .text              ro code   0x800'1c24     0x4  startup_stm32f405xx.o [1]
  .text              ro code   0x800'1c28     0x4  startup_stm32f405xx.o [1]
  .text              ro code   0x800'1c2c     0x4  startup_stm32f405xx.o [1]
  .text              ro code   0x800'1c30     0x4  startup_stm32f405xx.o [1]
  .text              ro code   0x800'1c34     0x4  startup_stm32f405xx.o [1]
  .text              ro code   0x800'1c38     0x4  startup_stm32f405xx.o [1]
  .text              ro code   0x800'1c3c     0x4  startup_stm32f405xx.o [1]
  .text              ro code   0x800'1c40     0x4  startup_stm32f405xx.o [1]
  .text              ro code   0x800'1c44     0x4  startup_stm32f405xx.o [1]
  .text              ro code   0x800'1c48     0x4  startup_stm32f405xx.o [1]
  .text              ro code   0x800'1c4c     0x4  startup_stm32f405xx.o [1]
  .text              ro code   0x800'1c50     0x4  startup_stm32f405xx.o [1]
  .text              ro code   0x800'1c54     0x4  startup_stm32f405xx.o [1]
  .text              ro code   0x800'1c58     0x4  startup_stm32f405xx.o [1]
  .text              ro code   0x800'1c5c     0x4  startup_stm32f405xx.o [1]
  .text              ro code   0x800'1c60     0x4  startup_stm32f405xx.o [1]
  .text              ro code   0x800'1c64     0x4  startup_stm32f405xx.o [1]
  .text              ro code   0x800'1c68     0x4  startup_stm32f405xx.o [1]
  .rodata            const     0x800'1c6c     0x0  zero_init3.o [4]
  .rodata            const     0x800'1c6c     0x0  packbits_init_single.o [4]
  Initializer bytes  const     0x800'1c6c    0x21  <for P2-1>
                             - 0x800'1c8d  0x1b05

"P2", part 1 of 3:                           0x2c
  P2-1                        0x2000'0000    0x2c  <Init block>
    .data            inited   0x2000'0000    0x1c  main.o [1]
    .data            inited   0x2000'001c     0xc  stm32f4xx_hal.o [1]
    .data            inited   0x2000'0028     0x4  system_stm32f4xx.o [1]
                            - 0x2000'002c    0x2c

"P2", part 2 of 3:                           0x80
  .bss               zero     0x2000'002c    0x40  tim.o [1]
  .bss               zero     0x2000'006c    0x40  usart.o [1]
                            - 0x2000'00ac    0x80

"P2", part 3 of 3:                          0x400
  CSTACK                      0x2000'00b0   0x400  <Block>
    CSTACK           uninit   0x2000'00b0   0x400  <Block tail>
                            - 0x2000'04b0   0x400

Unused ranges:

         From           To      Size
         ----           --      ----
   0x800'1c8d   0x80f'ffff  0xf'e373
  0x2000'00ac  0x2000'00af       0x4
  0x2000'04b0  0x2001'ffff  0x1'fb50


*******************************************************************************
*** INIT TABLE
***

          Address      Size
          -------      ----
Zero (__iar_zero_init3)
    1 destination range, total size 0x80:
          0x2000'002c  0x80

Copy/packbits (__iar_packbits_init_single3)
    1 source range, total size 0x21 (75% of destination):
           0x800'1c6c  0x21
    1 destination range, total size 0x2c:
          0x2000'0000  0x2c



*******************************************************************************
*** MODULE SUMMARY
***

    Module                  ro code  ro data  rw data
    ------                  -------  -------  -------
command line/config:
    -------------------------------------------------
    Total:

C:\Users\PKNU\Desktop\IOT\StudyARM\USART_PWM_PIANO\EWARM\USART_PWM_PIANO\Obj: [1]
    gpio.o                       56
    main.o                      414       21       28
    startup_stm32f405xx.o       716
    stm32f4xx_hal.o             184        9       12
    stm32f4xx_hal_cortex.o      196
    stm32f4xx_hal_dma.o          36
    stm32f4xx_hal_gpio.o        476
    stm32f4xx_hal_msp.o          56
    stm32f4xx_hal_rcc.o       1'212
    stm32f4xx_hal_tim.o       1'272
    stm32f4xx_hal_tim_ex.o      140
    stm32f4xx_hal_uart.o      1'264
    stm32f4xx_it.o               32
    system_stm32f4xx.o           44       11        4
    tim.o                       288                64
    usart.o                     180                64
    -------------------------------------------------
    Total:                    6'566       41      172

dl7M_tln.a: [2]
    exit.o                        4
    low_level_init.o              4
    -------------------------------------------------
    Total:                        8

m7M_tls.a: [3]
    fpinit_M.o                   34
    -------------------------------------------------
    Total:                       34

rt7M_tl.a: [4]
    ABImemset.o                 102
    I64DivMod_small.o           262
    I64DivZer.o                   2
    cexit.o                      10
    cmain.o                      30
    cstartup_M.o                 12
    data_init.o                  40
    memset.o                     20
    packbits_init_single.o       56
    zero_init3.o                 58
    -------------------------------------------------
    Total:                      592

shb_l.a: [5]
    exit.o                       20
    -------------------------------------------------
    Total:                       20

    Gaps                         14        2
    Linker created                        32    1'024
-----------------------------------------------------
    Grand Total:              7'234       75    1'196


*******************************************************************************
*** ENTRY LIST
***

Entry                       Address   Size  Type      Object
-----                       -------   ----  ----      ------
.iar.init_table$$Base    0x800'1a7c          --   Gb  - Linker created -
.iar.init_table$$Limit   0x800'1a9c          --   Gb  - Linker created -
?main                    0x800'1acd         Code  Gb  cmain.o [4]
AHBPrescTable            0x800'1a20   0x10  Data  Gb  system_stm32f4xx.o [1]
APBPrescTable            0x800'1b30    0x8  Data  Gb  system_stm32f4xx.o [1]
BusFault_Handler         0x800'1aa3    0x2  Code  Gb  stm32f4xx_it.o [1]
CSTACK$$Base            0x2000'00b0          --   Gb  - Linker created -
CSTACK$$Limit           0x2000'04b0          --   Gb  - Linker created -
DebugMon_Handler         0x800'1aa9    0x2  Code  Gb  stm32f4xx_it.o [1]
DoReMi                  0x2000'0004   0x10  Data  Gb  main.o [1]
Error_Handler            0x800'098d    0x2  Code  Gb  main.o [1]
HAL_DMA_Abort_IT         0x800'1899   0x24  Code  Gb  stm32f4xx_hal_dma.o [1]
HAL_Delay                0x800'0c61   0x28  Code  Wk  stm32f4xx_hal.o [1]
HAL_GPIO_Init            0x800'0a1d  0x1ae  Code  Gb  stm32f4xx_hal_gpio.o [1]
HAL_GetTick              0x800'1751    0xc  Code  Wk  stm32f4xx_hal.o [1]
HAL_IncTick              0x800'1abd   0x10  Code  Wk  stm32f4xx_hal.o [1]
HAL_Init                 0x800'0c89   0x30  Code  Gb  stm32f4xx_hal.o [1]
HAL_InitTick             0x800'1821   0x40  Code  Wk  stm32f4xx_hal.o [1]
HAL_MspInit              0x800'1861   0x38  Code  Gb  stm32f4xx_hal_msp.o [1]
HAL_NVIC_EnableIRQ       0x800'17cb   0x16  Code  Gb  stm32f4xx_hal_cortex.o [1]
HAL_NVIC_SetPriority     0x800'1791   0x3a  Code  Gb  stm32f4xx_hal_cortex.o [1]
HAL_NVIC_SetPriorityGrouping
                         0x800'1777   0x1a  Code  Gb  stm32f4xx_hal_cortex.o [1]
HAL_RCC_ClockConfig      0x800'15a5  0x100  Code  Gb  stm32f4xx_hal_rcc.o [1]
HAL_RCC_GetPCLK1Freq     0x800'16b1   0x10  Code  Gb  stm32f4xx_hal_rcc.o [1]
HAL_RCC_GetPCLK2Freq     0x800'16c1    0xe  Code  Gb  stm32f4xx_hal_rcc.o [1]
HAL_RCC_OscConfig        0x800'1295  0x310  Code  Wk  stm32f4xx_hal_rcc.o [1]
HAL_SYSTICK_Config       0x800'17e1   0x28  Code  Gb  stm32f4xx_hal_cortex.o [1]
HAL_TIMEx_MasterConfigSynchronization
                         0x800'0991   0x6e  Code  Gb  stm32f4xx_hal_tim_ex.o [1]
HAL_TIM_Base_Init        0x800'0189   0x1a  Code  Gb  stm32f4xx_hal_tim.o [1]
HAL_TIM_Base_MspInit     0x800'0753   0x26  Code  Gb  tim.o [1]
HAL_TIM_ConfigClockSource
                         0x800'0321   0x90  Code  Gb  stm32f4xx_hal_tim.o [1]
HAL_TIM_MspPostInit      0x800'0779   0x4e  Code  Gb  tim.o [1]
HAL_TIM_PWM_ConfigChannel
                         0x800'0231   0xbc  Code  Gb  stm32f4xx_hal_tim.o [1]
HAL_TIM_PWM_Init         0x800'01d7   0x1a  Code  Gb  stm32f4xx_hal_tim.o [1]
HAL_TIM_PWM_Start        0x800'01f1   0x14  Code  Gb  stm32f4xx_hal_tim.o [1]
HAL_UART_IRQHandler      0x800'0f33  0x15c  Code  Gb  stm32f4xx_hal_uart.o [1]
HAL_UART_Init            0x800'0da9   0x1e  Code  Gb  stm32f4xx_hal_uart.o [1]
HAL_UART_MspInit         0x800'0d23   0x76  Code  Gb  usart.o [1]
HAL_UART_Receive_IT      0x800'0ed1   0x56  Code  Gb  stm32f4xx_hal_uart.o [1]
HAL_UART_RxCpltCallback
                         0x800'08ff   0x6c  Code  Gb  main.o [1]
HAL_UART_Transmit        0x800'0e1f   0xaa  Code  Gb  stm32f4xx_hal_uart.o [1]
HardFault_Handler        0x800'1a9f    0x2  Code  Gb  stm32f4xx_it.o [1]
MX_GPIO_Init             0x800'0cbd   0x38  Code  Gb  gpio.o [1]
MX_TIM2_Init             0x800'06b9   0x9a  Code  Gb  tim.o [1]
MX_USART1_UART_Init      0x800'0cf5   0x2e  Code  Gb  usart.o [1]
MemManage_Handler        0x800'1aa1    0x2  Code  Gb  stm32f4xx_it.o [1]
NMI_Handler              0x800'1a9d    0x2  Code  Gb  stm32f4xx_it.o [1]
PIANO_PLAY               0x800'07f1   0x42  Code  Gb  main.o [1]
PendSV_Handler           0x800'1aab    0x2  Code  Gb  stm32f4xx_it.o [1]
Region$$Table$$Base      0x800'1a7c          --   Gb  - Linker created -
Region$$Table$$Limit     0x800'1a9c          --   Gb  - Linker created -
SVC_Handler              0x800'1aa7    0x2  Code  Gb  stm32f4xx_it.o [1]
SysTick_Handler          0x800'1aad    0x4  Code  Gb  stm32f4xx_it.o [1]
SystemClock_Config       0x800'0869   0x96  Code  Gb  main.o [1]
SystemCoreClock         0x2000'0028    0x4  Data  Gb  system_stm32f4xx.o [1]
SystemInit               0x800'1a05   0x14  Code  Gb  system_stm32f4xx.o [1]
TIM_Base_SetConfig       0x800'03db   0x96  Code  Gb  stm32f4xx_hal_tim.o [1]
TIM_CCxChannelCmd        0x800'0663   0x16  Code  Gb  stm32f4xx_hal_tim.o [1]
TIM_ETR_SetConfig        0x800'064f   0x14  Code  Gb  stm32f4xx_hal_tim.o [1]
TIM_ITRx_SetConfig       0x800'063f   0x10  Code  Lc  stm32f4xx_hal_tim.o [1]
TIM_OC1_SetConfig        0x800'0471   0x58  Code  Lc  stm32f4xx_hal_tim.o [1]
TIM_OC2_SetConfig        0x800'04c9   0x60  Code  Gb  stm32f4xx_hal_tim.o [1]
TIM_OC3_SetConfig        0x800'0529   0x5e  Code  Lc  stm32f4xx_hal_tim.o [1]
TIM_OC4_SetConfig        0x800'0587   0x46  Code  Lc  stm32f4xx_hal_tim.o [1]
TIM_TI1_ConfigInputStage
                         0x800'05fd   0x1e  Code  Lc  stm32f4xx_hal_tim.o [1]
TIM_TI2_ConfigInputStage
                         0x800'061b   0x24  Code  Lc  stm32f4xx_hal_tim.o [1]
UART_DMAAbortOnError     0x800'1111    0xc  Code  Lc  stm32f4xx_hal_uart.o [1]
UART_EndRxTransfer       0x800'10f3   0x1c  Code  Lc  stm32f4xx_hal_uart.o [1]
UART_Receive_IT          0x800'111d   0x92  Code  Lc  stm32f4xx_hal_uart.o [1]
UART_SetConfig           0x800'11af   0xca  Code  Lc  stm32f4xx_hal_uart.o [1]
UART_WaitOnFlagUntilTimeout
                         0x800'108f   0x56  Code  Lc  stm32f4xx_hal_uart.o [1]
USART1_IRQHandler        0x800'1ab1    0x6  Code  Gb  stm32f4xx_it.o [1]
UsageFault_Handler       0x800'1aa5    0x2  Code  Gb  stm32f4xx_it.o [1]
__NVIC_SetPriority       0x800'175d   0x1a  Code  Lc  stm32f4xx_hal_cortex.o [1]
__aeabi_ldiv0            0x800'19c9         Code  Gb  I64DivZer.o [4]
__aeabi_memset           0x800'0bf9         Code  Gb  ABImemset.o [4]
__cmain                  0x800'1acd         Code  Gb  cmain.o [4]
__exit                   0x800'1b01   0x14  Code  Gb  exit.o [5]
__iar_Memset             0x800'0bf9         Code  Gb  ABImemset.o [4]
__iar_Memset_word        0x800'0c01         Code  Gb  ABImemset.o [4]
__iar_data_init3         0x800'1a31   0x28  Code  Gb  data_init.o [4]
__iar_init_vfp           0x800'1a59         Code  Gb  fpinit_M.o [3]
__iar_packbits_init_single3
                         0x800'19cb   0x38  Code  Gb  packbits_init_single.o [4]
__iar_program_start      0x800'1b25         Code  Gb  cstartup_M.o [4]
__iar_small_uldivmod     0x800'18c1         Code  Gb  I64DivMod_small.o [4]
__iar_zero_init3         0x800'067f   0x3a  Code  Gb  zero_init3.o [4]
__low_level_init         0x800'1aeb    0x4  Code  Gb  low_level_init.o [2]
__vector_table           0x800'0000         Data  Gb  startup_stm32f405xx.o [1]
_call_main               0x800'1ad9         Code  Gb  cmain.o [4]
_exit                    0x800'1af5         Code  Gb  cexit.o [4]
_main                    0x800'1ae7         Code  Gb  cmain.o [4]
exit                     0x800'1aef    0x4  Code  Gb  exit.o [2]
htim2                   0x2000'002c   0x40  Data  Gb  tim.o [1]
huart1                  0x2000'006c   0x40  Data  Gb  usart.o [1]
main                     0x800'0833   0x36  Code  Gb  main.o [1]
memset                   0x800'07db   0x14  Code  Gb  memset.o [4]
piano                   0x2000'0002    0x2  Data  Gb  main.o [1]
piano_con               0x2000'0014    0x4  Data  Gb  main.o [1]
pwmfreq                 0x2000'0018    0x4  Data  Gb  main.o [1]
rxData                  0x2000'0000    0x1  Data  Gb  main.o [1]
uwTick                  0x2000'0020    0x4  Data  Gb  stm32f4xx_hal.o [1]
uwTickFreq              0x2000'001c    0x1  Data  Gb  stm32f4xx_hal.o [1]
uwTickPrio              0x2000'0024    0x4  Data  Gb  stm32f4xx_hal.o [1]


[1] = C:\Users\PKNU\Desktop\IOT\StudyARM\USART_PWM_PIANO\EWARM\USART_PWM_PIANO\Obj
[2] = dl7M_tln.a
[3] = m7M_tls.a
[4] = rt7M_tl.a
[5] = shb_l.a

  7'234 bytes of readonly  code memory
     75 bytes of readonly  data memory
  1'196 bytes of readwrite data memory

Errors: none
Warnings: none
