###############################################################################
#
# IAR ELF Linker V8.50.4.261/W32 for ARM                  22/Jun/2020  16:52:06
# Copyright 2007-2020 IAR Systems AB.
#
#    Output file  =
#        C:\Users\PKNU\Desktop\IOT\StudyARM\FND_INTERRUPT\EWARM\FND_INTERRUPT\Exe\FND_INTERRUPT.out
#    Map file     =
#        C:\Users\PKNU\Desktop\IOT\StudyARM\FND_INTERRUPT\EWARM\FND_INTERRUPT\List\FND_INTERRUPT.map
#    Command line =
#        -f C:\Users\PKNU\AppData\Local\Temp\EW5A3D.tmp
#        (C:\Users\PKNU\Desktop\IOT\StudyARM\FND_INTERRUPT\EWARM\FND_INTERRUPT\Obj\gpio.o
#        C:\Users\PKNU\Desktop\IOT\StudyARM\FND_INTERRUPT\EWARM\FND_INTERRUPT\Obj\main.o
#        C:\Users\PKNU\Desktop\IOT\StudyARM\FND_INTERRUPT\EWARM\FND_INTERRUPT\Obj\startup_stm32f405xx.o
#        C:\Users\PKNU\Desktop\IOT\StudyARM\FND_INTERRUPT\EWARM\FND_INTERRUPT\Obj\stm32f4xx_hal.o
#        C:\Users\PKNU\Desktop\IOT\StudyARM\FND_INTERRUPT\EWARM\FND_INTERRUPT\Obj\stm32f4xx_hal_cortex.o
#        C:\Users\PKNU\Desktop\IOT\StudyARM\FND_INTERRUPT\EWARM\FND_INTERRUPT\Obj\stm32f4xx_hal_dma.o
#        C:\Users\PKNU\Desktop\IOT\StudyARM\FND_INTERRUPT\EWARM\FND_INTERRUPT\Obj\stm32f4xx_hal_dma_ex.o
#        C:\Users\PKNU\Desktop\IOT\StudyARM\FND_INTERRUPT\EWARM\FND_INTERRUPT\Obj\stm32f4xx_hal_exti.o
#        C:\Users\PKNU\Desktop\IOT\StudyARM\FND_INTERRUPT\EWARM\FND_INTERRUPT\Obj\stm32f4xx_hal_flash.o
#        C:\Users\PKNU\Desktop\IOT\StudyARM\FND_INTERRUPT\EWARM\FND_INTERRUPT\Obj\stm32f4xx_hal_flash_ex.o
#        C:\Users\PKNU\Desktop\IOT\StudyARM\FND_INTERRUPT\EWARM\FND_INTERRUPT\Obj\stm32f4xx_hal_flash_ramfunc.o
#        C:\Users\PKNU\Desktop\IOT\StudyARM\FND_INTERRUPT\EWARM\FND_INTERRUPT\Obj\stm32f4xx_hal_gpio.o
#        C:\Users\PKNU\Desktop\IOT\StudyARM\FND_INTERRUPT\EWARM\FND_INTERRUPT\Obj\stm32f4xx_hal_msp.o
#        C:\Users\PKNU\Desktop\IOT\StudyARM\FND_INTERRUPT\EWARM\FND_INTERRUPT\Obj\stm32f4xx_hal_pwr.o
#        C:\Users\PKNU\Desktop\IOT\StudyARM\FND_INTERRUPT\EWARM\FND_INTERRUPT\Obj\stm32f4xx_hal_pwr_ex.o
#        C:\Users\PKNU\Desktop\IOT\StudyARM\FND_INTERRUPT\EWARM\FND_INTERRUPT\Obj\stm32f4xx_hal_rcc.o
#        C:\Users\PKNU\Desktop\IOT\StudyARM\FND_INTERRUPT\EWARM\FND_INTERRUPT\Obj\stm32f4xx_hal_rcc_ex.o
#        C:\Users\PKNU\Desktop\IOT\StudyARM\FND_INTERRUPT\EWARM\FND_INTERRUPT\Obj\stm32f4xx_hal_tim.o
#        C:\Users\PKNU\Desktop\IOT\StudyARM\FND_INTERRUPT\EWARM\FND_INTERRUPT\Obj\stm32f4xx_hal_tim_ex.o
#        C:\Users\PKNU\Desktop\IOT\StudyARM\FND_INTERRUPT\EWARM\FND_INTERRUPT\Obj\stm32f4xx_it.o
#        C:\Users\PKNU\Desktop\IOT\StudyARM\FND_INTERRUPT\EWARM\FND_INTERRUPT\Obj\system_stm32f4xx.o
#        --redirect _Printf=_PrintfFull --redirect _Scanf=_ScanfFull
#        --no_out_extension -o
#        C:\Users\PKNU\Desktop\IOT\StudyARM\FND_INTERRUPT\EWARM\FND_INTERRUPT\Exe\FND_INTERRUPT.out
#        --map
#        C:\Users\PKNU\Desktop\IOT\StudyARM\FND_INTERRUPT\EWARM\FND_INTERRUPT\List\FND_INTERRUPT.map
#        --config
#        C:\Users\PKNU\Desktop\IOT\StudyARM\FND_INTERRUPT\EWARM/stm32f405xx_flash.icf
#        --semihosting --entry __iar_program_start --vfe --text_out locale)
#
###############################################################################

*******************************************************************************
*** RUNTIME MODEL ATTRIBUTES
***

CppFlavor       = *
__SystemLibrary = DLib
__dlib_version  = 6


*******************************************************************************
*** HEAP SELECTION
***

The basic heap was selected because some modules are built with
size limitations (and not runtime checking), and --advanced_heap
was not specified.


*******************************************************************************
*** PLACEMENT SUMMARY
***

"A0":  place at address 0x800'0000 { ro section .intvec };
"P1":  place in [from 0x800'0000 to 0x80f'ffff] { ro };
define block CSTACK with size = 1K, alignment = 8 { };
define block HEAP with size = 512, alignment = 8 { };
"P2":  place in [from 0x2000'0000 to 0x2001'ffff] {
          rw, block CSTACK, block HEAP };
initialize by copy { rw };

  Section            Kind         Address   Size  Object
  -------            ----         -------   ----  ------
"A0":                                      0x188
  .intvec            ro code   0x800'0000  0x188  startup_stm32f405xx.o [1]
                             - 0x800'0188  0x188

"P1":                                      0xe30
  .text              ro code   0x800'0188  0x310  stm32f4xx_hal_rcc.o [1]
  .text              ro code   0x800'0498    0xc  stm32f4xx_hal.o [1]
  .text              ro code   0x800'04a4  0x1f8  stm32f4xx_hal_gpio.o [1]
  .text              ro code   0x800'069c   0xf8  main.o [1]
  .text              ro code   0x800'0794   0x34  stm32f4xx_hal.o [1]
  .text              ro code   0x800'07c8   0xc0  gpio.o [1]
  .text              ro code   0x800'0888   0x14  memset.o [4]
  .text              ro code   0x800'089c  0x180  stm32f4xx_hal_rcc.o [1]
  .text              ro code   0x800'0a1c   0xc4  stm32f4xx_hal_cortex.o [1]
  .text              ro code   0x800'0ae0   0x40  stm32f4xx_hal.o [1]
  .text              ro code   0x800'0b20   0x38  stm32f4xx_hal_msp.o [1]
  .text              ro code   0x800'0b58   0x66  ABImemset.o [4]
  .text              ro code   0x800'0bc0  0x106  I64DivMod_small.o [4]
  .text              ro code   0x800'0cc8    0x2  I64DivZer.o [4]
  .text              ro code   0x800'0cca   0x38  packbits_init_single.o [4]
  .text              ro code   0x800'0d04   0x2c  system_stm32f4xx.o [1]
  .text              ro code   0x800'0d30   0x2a  stm32f4xx_it.o [1]
  .text              ro code   0x800'0d5c   0x10  stm32f4xx_hal.o [1]
  .text              ro code   0x800'0d6c   0x28  data_init.o [4]
  .text              ro code   0x800'0d94   0x22  fpinit_M.o [3]
  .iar.init_table    const     0x800'0db8   0x10  - Linker created -
  .text              ro code   0x800'0dc8   0x1e  cmain.o [4]
  .text              ro code   0x800'0de6    0x4  low_level_init.o [2]
  .text              ro code   0x800'0dea    0x4  exit.o [2]
  .text              ro code   0x800'0df0    0xa  cexit.o [4]
  .text              ro code   0x800'0dfc   0x14  exit.o [5]
  .text              ro code   0x800'0e10   0x10  startup_stm32f405xx.o [1]
  .text              ro code   0x800'0e20    0xc  cstartup_M.o [4]
  .text              ro code   0x800'0e2c    0x4  startup_stm32f405xx.o [1]
  .text              ro code   0x800'0e30    0x4  startup_stm32f405xx.o [1]
  .text              ro code   0x800'0e34    0x4  startup_stm32f405xx.o [1]
  .text              ro code   0x800'0e38    0x4  startup_stm32f405xx.o [1]
  .text              ro code   0x800'0e3c    0x4  startup_stm32f405xx.o [1]
  .text              ro code   0x800'0e40    0x4  startup_stm32f405xx.o [1]
  .text              ro code   0x800'0e44    0x4  startup_stm32f405xx.o [1]
  .text              ro code   0x800'0e48    0x4  startup_stm32f405xx.o [1]
  .text              ro code   0x800'0e4c    0x4  startup_stm32f405xx.o [1]
  .text              ro code   0x800'0e50    0x4  startup_stm32f405xx.o [1]
  .text              ro code   0x800'0e54    0x4  startup_stm32f405xx.o [1]
  .text              ro code   0x800'0e58    0x4  startup_stm32f405xx.o [1]
  .text              ro code   0x800'0e5c    0x4  startup_stm32f405xx.o [1]
  .text              ro code   0x800'0e60    0x4  startup_stm32f405xx.o [1]
  .text              ro code   0x800'0e64    0x4  startup_stm32f405xx.o [1]
  .text              ro code   0x800'0e68    0x4  startup_stm32f405xx.o [1]
  .text              ro code   0x800'0e6c    0x4  startup_stm32f405xx.o [1]
  .text              ro code   0x800'0e70    0x4  startup_stm32f405xx.o [1]
  .text              ro code   0x800'0e74    0x4  startup_stm32f405xx.o [1]
  .text              ro code   0x800'0e78    0x4  startup_stm32f405xx.o [1]
  .text              ro code   0x800'0e7c    0x4  startup_stm32f405xx.o [1]
  .text              ro code   0x800'0e80    0x4  startup_stm32f405xx.o [1]
  .text              ro code   0x800'0e84    0x4  startup_stm32f405xx.o [1]
  .text              ro code   0x800'0e88    0x4  startup_stm32f405xx.o [1]
  .text              ro code   0x800'0e8c    0x4  startup_stm32f405xx.o [1]
  .text              ro code   0x800'0e90    0x4  startup_stm32f405xx.o [1]
  .text              ro code   0x800'0e94    0x4  startup_stm32f405xx.o [1]
  .text              ro code   0x800'0e98    0x4  startup_stm32f405xx.o [1]
  .text              ro code   0x800'0e9c    0x4  startup_stm32f405xx.o [1]
  .text              ro code   0x800'0ea0    0x4  startup_stm32f405xx.o [1]
  .text              ro code   0x800'0ea4    0x4  startup_stm32f405xx.o [1]
  .text              ro code   0x800'0ea8    0x4  startup_stm32f405xx.o [1]
  .text              ro code   0x800'0eac    0x4  startup_stm32f405xx.o [1]
  .text              ro code   0x800'0eb0    0x4  startup_stm32f405xx.o [1]
  .text              ro code   0x800'0eb4    0x4  startup_stm32f405xx.o [1]
  .text              ro code   0x800'0eb8    0x4  startup_stm32f405xx.o [1]
  .text              ro code   0x800'0ebc    0x4  startup_stm32f405xx.o [1]
  .text              ro code   0x800'0ec0    0x4  startup_stm32f405xx.o [1]
  .text              ro code   0x800'0ec4    0x4  startup_stm32f405xx.o [1]
  .text              ro code   0x800'0ec8    0x4  startup_stm32f405xx.o [1]
  .text              ro code   0x800'0ecc    0x4  startup_stm32f405xx.o [1]
  .text              ro code   0x800'0ed0    0x4  startup_stm32f405xx.o [1]
  .text              ro code   0x800'0ed4    0x4  startup_stm32f405xx.o [1]
  .text              ro code   0x800'0ed8    0x4  startup_stm32f405xx.o [1]
  .text              ro code   0x800'0edc    0x4  startup_stm32f405xx.o [1]
  .text              ro code   0x800'0ee0    0x4  startup_stm32f405xx.o [1]
  .text              ro code   0x800'0ee4    0x4  startup_stm32f405xx.o [1]
  .text              ro code   0x800'0ee8    0x4  startup_stm32f405xx.o [1]
  .text              ro code   0x800'0eec    0x4  startup_stm32f405xx.o [1]
  .text              ro code   0x800'0ef0    0x4  startup_stm32f405xx.o [1]
  .text              ro code   0x800'0ef4    0x4  startup_stm32f405xx.o [1]
  .text              ro code   0x800'0ef8    0x4  startup_stm32f405xx.o [1]
  .text              ro code   0x800'0efc    0x4  startup_stm32f405xx.o [1]
  .text              ro code   0x800'0f00    0x4  startup_stm32f405xx.o [1]
  .text              ro code   0x800'0f04    0x4  startup_stm32f405xx.o [1]
  .text              ro code   0x800'0f08    0x4  startup_stm32f405xx.o [1]
  .text              ro code   0x800'0f0c    0x4  startup_stm32f405xx.o [1]
  .text              ro code   0x800'0f10    0x4  startup_stm32f405xx.o [1]
  .text              ro code   0x800'0f14    0x4  startup_stm32f405xx.o [1]
  .text              ro code   0x800'0f18    0x4  startup_stm32f405xx.o [1]
  .text              ro code   0x800'0f1c    0x4  startup_stm32f405xx.o [1]
  .text              ro code   0x800'0f20    0x4  startup_stm32f405xx.o [1]
  .text              ro code   0x800'0f24    0x4  startup_stm32f405xx.o [1]
  .text              ro code   0x800'0f28    0x4  startup_stm32f405xx.o [1]
  .text              ro code   0x800'0f2c    0x4  startup_stm32f405xx.o [1]
  .text              ro code   0x800'0f30    0x4  startup_stm32f405xx.o [1]
  .text              ro code   0x800'0f34    0x4  startup_stm32f405xx.o [1]
  .text              ro code   0x800'0f38    0x4  startup_stm32f405xx.o [1]
  .text              ro code   0x800'0f3c    0x4  startup_stm32f405xx.o [1]
  .text              ro code   0x800'0f40    0x4  startup_stm32f405xx.o [1]
  .text              ro code   0x800'0f44    0x4  startup_stm32f405xx.o [1]
  .text              ro code   0x800'0f48    0x4  startup_stm32f405xx.o [1]
  .text              ro code   0x800'0f4c    0x4  startup_stm32f405xx.o [1]
  .text              ro code   0x800'0f50    0x4  startup_stm32f405xx.o [1]
  .text              ro code   0x800'0f54    0x4  startup_stm32f405xx.o [1]
  .text              ro code   0x800'0f58    0x4  startup_stm32f405xx.o [1]
  .text              ro code   0x800'0f5c    0x4  startup_stm32f405xx.o [1]
  .rodata            const     0x800'0f60    0x0  packbits_init_single.o [4]
  Initializer bytes  const     0x800'0f60   0x58  <for P2-1>
                             - 0x800'0fb8  0xe30

"P2", part 1 of 2:                          0x68
  P2-1                        0x2000'0000   0x68  <Init block>
    .data            inited   0x2000'0000   0x58  main.o [1]
    .data            inited   0x2000'0058    0xc  stm32f4xx_hal.o [1]
    .data            inited   0x2000'0064    0x4  system_stm32f4xx.o [1]
                            - 0x2000'0068   0x68

"P2", part 2 of 2:                         0x400
  CSTACK                      0x2000'0068  0x400  <Block>
    CSTACK           uninit   0x2000'0068  0x400  <Block tail>
                            - 0x2000'0468  0x400

Unused ranges:

         From           To      Size
         ----           --      ----
   0x800'0fb8   0x80f'ffff  0xf'f048
  0x2000'0468  0x2001'ffff  0x1'fb98


*******************************************************************************
*** INIT TABLE
***

          Address      Size
          -------      ----
Copy/packbits (__iar_packbits_init_single3)
    1 source range, total size 0x58 (84% of destination):
           0x800'0f60  0x58
    1 destination range, total size 0x68:
          0x2000'0000  0x68



*******************************************************************************
*** MODULE SUMMARY
***

    Module                  ro code  ro data  rw data
    ------                  -------  -------  -------
command line/config:
    -------------------------------------------------
    Total:

C:\Users\PKNU\Desktop\IOT\StudyARM\FND_INTERRUPT\EWARM\FND_INTERRUPT\Obj: [1]
    gpio.o                      192
    main.o                      248       74       88
    startup_stm32f405xx.o       716
    stm32f4xx_hal.o             144       10       12
    stm32f4xx_hal_cortex.o      196
    stm32f4xx_hal_gpio.o        504
    stm32f4xx_hal_msp.o          56
    stm32f4xx_hal_rcc.o       1'168
    stm32f4xx_it.o               42
    system_stm32f4xx.o           44        4        4
    -------------------------------------------------
    Total:                    3'310       88      104

dl7M_tln.a: [2]
    exit.o                        4
    low_level_init.o              4
    -------------------------------------------------
    Total:                        8

m7M_tls.a: [3]
    fpinit_M.o                   34
    -------------------------------------------------
    Total:                       34

rt7M_tl.a: [4]
    ABImemset.o                 102
    I64DivMod_small.o           262
    I64DivZer.o                   2
    cexit.o                      10
    cmain.o                      30
    cstartup_M.o                 12
    data_init.o                  40
    memset.o                     20
    packbits_init_single.o       56
    -------------------------------------------------
    Total:                      534

shb_l.a: [5]
    exit.o                       20
    -------------------------------------------------
    Total:                       20

    Gaps                         12        2
    Linker created                        16    1'024
-----------------------------------------------------
    Grand Total:              3'918      106    1'128


*******************************************************************************
*** ENTRY LIST
***

Entry                       Address   Size  Type      Object
-----                       -------   ----  ----      ------
.iar.init_table$$Base    0x800'0db8          --   Gb  - Linker created -
.iar.init_table$$Limit   0x800'0dc8          --   Gb  - Linker created -
?main                    0x800'0dc9         Code  Gb  cmain.o [4]
AHBPrescTable            0x800'0d20   0x10  Data  Gb  system_stm32f4xx.o [1]
BusFault_Handler         0x800'0d37    0x2  Code  Gb  stm32f4xx_it.o [1]
CSTACK$$Base            0x2000'0068          --   Gb  - Linker created -
CSTACK$$Limit           0x2000'0468          --   Gb  - Linker created -
DebugMon_Handler         0x800'0d3d    0x2  Code  Gb  stm32f4xx_it.o [1]
EXTI15_10_IRQHandler     0x800'0d45   0x16  Code  Gb  stm32f4xx_it.o [1]
FND_DATA_TBL            0x2000'0000   0x48  Data  Gb  main.o [1]
HAL_GPIO_EXTI_Callback   0x800'074f   0x32  Code  Gb  main.o [1]
HAL_GPIO_EXTI_IRQHandler
                         0x800'065b   0x10  Code  Gb  stm32f4xx_hal_gpio.o [1]
HAL_GPIO_Init            0x800'04a5  0x1ae  Code  Gb  stm32f4xx_hal_gpio.o [1]
HAL_GPIO_WritePin        0x800'0653    0x8  Code  Gb  stm32f4xx_hal_gpio.o [1]
HAL_GetTick              0x800'0499    0xc  Code  Wk  stm32f4xx_hal.o [1]
HAL_IncTick              0x800'0d5d   0x10  Code  Wk  stm32f4xx_hal.o [1]
HAL_Init                 0x800'0795   0x30  Code  Gb  stm32f4xx_hal.o [1]
HAL_InitTick             0x800'0ae1   0x40  Code  Wk  stm32f4xx_hal.o [1]
HAL_MspInit              0x800'0b21   0x38  Code  Gb  stm32f4xx_hal_msp.o [1]
HAL_NVIC_EnableIRQ       0x800'0a8b   0x16  Code  Gb  stm32f4xx_hal_cortex.o [1]
HAL_NVIC_SetPriority     0x800'0a51   0x3a  Code  Gb  stm32f4xx_hal_cortex.o [1]
HAL_NVIC_SetPriorityGrouping
                         0x800'0a37   0x1a  Code  Gb  stm32f4xx_hal_cortex.o [1]
HAL_RCC_ClockConfig      0x800'089d  0x100  Code  Gb  stm32f4xx_hal_rcc.o [1]
HAL_RCC_OscConfig        0x800'0189  0x310  Code  Wk  stm32f4xx_hal_rcc.o [1]
HAL_SYSTICK_Config       0x800'0aa1   0x28  Code  Gb  stm32f4xx_hal_cortex.o [1]
HardFault_Handler        0x800'0d33    0x2  Code  Gb  stm32f4xx_it.o [1]
MX_GPIO_Init             0x800'07c9   0xc0  Code  Gb  gpio.o [1]
MemManage_Handler        0x800'0d35    0x2  Code  Gb  stm32f4xx_it.o [1]
NMI_Handler              0x800'0d31    0x2  Code  Gb  stm32f4xx_it.o [1]
PendSV_Handler           0x800'0d3f    0x2  Code  Gb  stm32f4xx_it.o [1]
Region$$Table$$Base      0x800'0db8          --   Gb  - Linker created -
Region$$Table$$Limit     0x800'0dc8          --   Gb  - Linker created -
SVC_Handler              0x800'0d3b    0x2  Code  Gb  stm32f4xx_it.o [1]
SysTick_Handler          0x800'0d41    0x4  Code  Gb  stm32f4xx_it.o [1]
SystemClock_Config       0x800'06b9   0x96  Code  Gb  main.o [1]
SystemCoreClock         0x2000'0064    0x4  Data  Gb  system_stm32f4xx.o [1]
SystemInit               0x800'0d05   0x14  Code  Gb  system_stm32f4xx.o [1]
UsageFault_Handler       0x800'0d39    0x2  Code  Gb  stm32f4xx_it.o [1]
__NVIC_SetPriority       0x800'0a1d   0x1a  Code  Lc  stm32f4xx_hal_cortex.o [1]
__aeabi_ldiv0            0x800'0cc9         Code  Gb  I64DivZer.o [4]
__aeabi_memset           0x800'0b59         Code  Gb  ABImemset.o [4]
__cmain                  0x800'0dc9         Code  Gb  cmain.o [4]
__exit                   0x800'0dfd   0x14  Code  Gb  exit.o [5]
__iar_Memset             0x800'0b59         Code  Gb  ABImemset.o [4]
__iar_Memset_word        0x800'0b61         Code  Gb  ABImemset.o [4]
__iar_data_init3         0x800'0d6d   0x28  Code  Gb  data_init.o [4]
__iar_init_vfp           0x800'0d95         Code  Gb  fpinit_M.o [3]
__iar_packbits_init_single3
                         0x800'0ccb   0x38  Code  Gb  packbits_init_single.o [4]
__iar_program_start      0x800'0e21         Code  Gb  cstartup_M.o [4]
__iar_small_uldivmod     0x800'0bc1         Code  Gb  I64DivMod_small.o [4]
__low_level_init         0x800'0de7    0x4  Code  Gb  low_level_init.o [2]
__vector_table           0x800'0000         Data  Gb  startup_stm32f405xx.o [1]
_call_main               0x800'0dd5         Code  Gb  cmain.o [4]
_exit                    0x800'0df1         Code  Gb  cexit.o [4]
_main                    0x800'0de3         Code  Gb  cmain.o [4]
cnt                     0x2000'0054    0x4  Data  Gb  main.o [1]
exit                     0x800'0deb    0x4  Code  Gb  exit.o [2]
fnd_stop                0x2000'004c    0x4  Data  Gb  main.o [1]
led                     0x2000'0048    0x4  Data  Gb  main.o [1]
led_stop                0x2000'0050    0x4  Data  Gb  main.o [1]
main                     0x800'069d   0x1c  Code  Gb  main.o [1]
memset                   0x800'0889   0x14  Code  Gb  memset.o [4]
uwTick                  0x2000'005c    0x4  Data  Gb  stm32f4xx_hal.o [1]
uwTickFreq              0x2000'0058    0x1  Data  Gb  stm32f4xx_hal.o [1]
uwTickPrio              0x2000'0060    0x4  Data  Gb  stm32f4xx_hal.o [1]


[1] = C:\Users\PKNU\Desktop\IOT\StudyARM\FND_INTERRUPT\EWARM\FND_INTERRUPT\Obj
[2] = dl7M_tln.a
[3] = m7M_tls.a
[4] = rt7M_tl.a
[5] = shb_l.a

  3'918 bytes of readonly  code memory
    106 bytes of readonly  data memory
  1'128 bytes of readwrite data memory

Errors: none
Warnings: none
