###############################################################################
#
# IAR ELF Linker V8.50.4.261/W32 for ARM                  24/Jun/2020  16:32:17
# Copyright 2007-2020 IAR Systems AB.
#
#    Output file  =
#        C:\Users\PKNU\Desktop\IOT\StudyARM\Cds_Votage_ADC_DMA\EWARM\Cds_Votage_ADC_DMA\Exe\Cds_Votage_ADC_DMA.out
#    Map file     =
#        C:\Users\PKNU\Desktop\IOT\StudyARM\Cds_Votage_ADC_DMA\EWARM\Cds_Votage_ADC_DMA\List\Cds_Votage_ADC_DMA.map
#    Command line =
#        -f C:\Users\PKNU\AppData\Local\Temp\EWAD7D.tmp
#        (C:\Users\PKNU\Desktop\IOT\StudyARM\Cds_Votage_ADC_DMA\EWARM\Cds_Votage_ADC_DMA\Obj\adc.o
#        C:\Users\PKNU\Desktop\IOT\StudyARM\Cds_Votage_ADC_DMA\EWARM\Cds_Votage_ADC_DMA\Obj\dma.o
#        C:\Users\PKNU\Desktop\IOT\StudyARM\Cds_Votage_ADC_DMA\EWARM\Cds_Votage_ADC_DMA\Obj\gpio.o
#        C:\Users\PKNU\Desktop\IOT\StudyARM\Cds_Votage_ADC_DMA\EWARM\Cds_Votage_ADC_DMA\Obj\lcd.o
#        C:\Users\PKNU\Desktop\IOT\StudyARM\Cds_Votage_ADC_DMA\EWARM\Cds_Votage_ADC_DMA\Obj\main.o
#        C:\Users\PKNU\Desktop\IOT\StudyARM\Cds_Votage_ADC_DMA\EWARM\Cds_Votage_ADC_DMA\Obj\startup_stm32f405xx.o
#        C:\Users\PKNU\Desktop\IOT\StudyARM\Cds_Votage_ADC_DMA\EWARM\Cds_Votage_ADC_DMA\Obj\stm32f4xx_hal.o
#        C:\Users\PKNU\Desktop\IOT\StudyARM\Cds_Votage_ADC_DMA\EWARM\Cds_Votage_ADC_DMA\Obj\stm32f4xx_hal_adc.o
#        C:\Users\PKNU\Desktop\IOT\StudyARM\Cds_Votage_ADC_DMA\EWARM\Cds_Votage_ADC_DMA\Obj\stm32f4xx_hal_adc_ex.o
#        C:\Users\PKNU\Desktop\IOT\StudyARM\Cds_Votage_ADC_DMA\EWARM\Cds_Votage_ADC_DMA\Obj\stm32f4xx_hal_cortex.o
#        C:\Users\PKNU\Desktop\IOT\StudyARM\Cds_Votage_ADC_DMA\EWARM\Cds_Votage_ADC_DMA\Obj\stm32f4xx_hal_dma.o
#        C:\Users\PKNU\Desktop\IOT\StudyARM\Cds_Votage_ADC_DMA\EWARM\Cds_Votage_ADC_DMA\Obj\stm32f4xx_hal_dma_ex.o
#        C:\Users\PKNU\Desktop\IOT\StudyARM\Cds_Votage_ADC_DMA\EWARM\Cds_Votage_ADC_DMA\Obj\stm32f4xx_hal_exti.o
#        C:\Users\PKNU\Desktop\IOT\StudyARM\Cds_Votage_ADC_DMA\EWARM\Cds_Votage_ADC_DMA\Obj\stm32f4xx_hal_flash.o
#        C:\Users\PKNU\Desktop\IOT\StudyARM\Cds_Votage_ADC_DMA\EWARM\Cds_Votage_ADC_DMA\Obj\stm32f4xx_hal_flash_ex.o
#        C:\Users\PKNU\Desktop\IOT\StudyARM\Cds_Votage_ADC_DMA\EWARM\Cds_Votage_ADC_DMA\Obj\stm32f4xx_hal_flash_ramfunc.o
#        C:\Users\PKNU\Desktop\IOT\StudyARM\Cds_Votage_ADC_DMA\EWARM\Cds_Votage_ADC_DMA\Obj\stm32f4xx_hal_gpio.o
#        C:\Users\PKNU\Desktop\IOT\StudyARM\Cds_Votage_ADC_DMA\EWARM\Cds_Votage_ADC_DMA\Obj\stm32f4xx_hal_msp.o
#        C:\Users\PKNU\Desktop\IOT\StudyARM\Cds_Votage_ADC_DMA\EWARM\Cds_Votage_ADC_DMA\Obj\stm32f4xx_hal_pwr.o
#        C:\Users\PKNU\Desktop\IOT\StudyARM\Cds_Votage_ADC_DMA\EWARM\Cds_Votage_ADC_DMA\Obj\stm32f4xx_hal_pwr_ex.o
#        C:\Users\PKNU\Desktop\IOT\StudyARM\Cds_Votage_ADC_DMA\EWARM\Cds_Votage_ADC_DMA\Obj\stm32f4xx_hal_rcc.o
#        C:\Users\PKNU\Desktop\IOT\StudyARM\Cds_Votage_ADC_DMA\EWARM\Cds_Votage_ADC_DMA\Obj\stm32f4xx_hal_rcc_ex.o
#        C:\Users\PKNU\Desktop\IOT\StudyARM\Cds_Votage_ADC_DMA\EWARM\Cds_Votage_ADC_DMA\Obj\stm32f4xx_hal_tim.o
#        C:\Users\PKNU\Desktop\IOT\StudyARM\Cds_Votage_ADC_DMA\EWARM\Cds_Votage_ADC_DMA\Obj\stm32f4xx_hal_tim_ex.o
#        C:\Users\PKNU\Desktop\IOT\StudyARM\Cds_Votage_ADC_DMA\EWARM\Cds_Votage_ADC_DMA\Obj\stm32f4xx_it.o
#        C:\Users\PKNU\Desktop\IOT\StudyARM\Cds_Votage_ADC_DMA\EWARM\Cds_Votage_ADC_DMA\Obj\system_stm32f4xx.o
#        --redirect _Printf=_PrintfFull --redirect _Scanf=_ScanfFull
#        --no_out_extension -o
#        C:\Users\PKNU\Desktop\IOT\StudyARM\Cds_Votage_ADC_DMA\EWARM\Cds_Votage_ADC_DMA\Exe\Cds_Votage_ADC_DMA.out
#        --map
#        C:\Users\PKNU\Desktop\IOT\StudyARM\Cds_Votage_ADC_DMA\EWARM\Cds_Votage_ADC_DMA\List\Cds_Votage_ADC_DMA.map
#        --config
#        C:\Users\PKNU\Desktop\IOT\StudyARM\Cds_Votage_ADC_DMA\EWARM/stm32f405xx_flash.icf
#        --semihosting --entry __iar_program_start --vfe --text_out locale)
#
###############################################################################

*******************************************************************************
*** RUNTIME MODEL ATTRIBUTES
***

CppFlavor       = *
__SystemLibrary = DLib
__dlib_version  = 6


*******************************************************************************
*** HEAP SELECTION
***

The basic heap was selected because some modules are built with
size limitations (and not runtime checking), and --advanced_heap
was not specified.


*******************************************************************************
*** PLACEMENT SUMMARY
***

"A0":  place at address 0x800'0000 { ro section .intvec };
"P1":  place in [from 0x800'0000 to 0x80f'ffff] { ro };
define block CSTACK with size = 1K, alignment = 8 { };
define block HEAP with size = 512, alignment = 8 { };
"P2":  place in [from 0x2000'0000 to 0x2001'ffff] {
          rw, block CSTACK, block HEAP };
initialize by copy { rw };

  Section            Kind         Address    Size  Object
  -------            ----         -------    ----  ------
"A0":                                       0x188
  .intvec            ro code   0x800'0000   0x188  startup_stm32f405xx.o [1]
                             - 0x800'0188   0x188

"P1":                                      0x38d5
  .text              ro code   0x800'0188  0x10c6  xprintffull.o [2]
  .text              ro code   0x800'124e    0x3a  zero_init3.o [4]
  .text              ro code   0x800'1288    0x7c  xlocale_c.o [2]
  .text              ro code   0x800'1304    0x16  strchr.o [4]
  .text              ro code   0x800'131a    0x1e  xencoding_8859_1.o [2]
  .text              ro code   0x800'1338    0x40  xfail_s.o [2]
  .text              ro code   0x800'1378    0x36  strlen.o [4]
  .text              ro code   0x800'13ae     0xa  xsprout.o [2]
  .text              ro code   0x800'13b8    0x58  memchr.o [4]
  .text              ro code   0x800'1410    0xa6  ABImemcpy.o [4]
  .rodata            const     0x800'14b6     0x2  xlocale_c.o [2]
  .text              ro code   0x800'14b8    0x70  frexp.o [3]
  .text              ro code   0x800'1528    0x2e  DblCmpLe.o [3]
  .rodata            const     0x800'1556     0x2  xlocale_c.o [2]
  .text              ro code   0x800'1558    0x2e  DblCmpGe.o [3]
  .rodata            const     0x800'1586     0x1  xlocale_c.o [2]
  .text              ro code   0x800'1588   0x13a  ldexp.o [3]
  .text              ro code   0x800'16c4    0x3a  DblToS32.o [3]
  .text              ro code   0x800'1700    0x22  S32ToDbl.o [3]
  .text              ro code   0x800'1724    0xe2  DblSub.o [3]
  .text              ro code   0x800'1808   0x246  DblDiv.o [3]
  .text              ro code   0x800'1a50    0x28  DblToU32.o [3]
  .text              ro code   0x800'1a78    0x1a  U32ToDbl.o [3]
  .text              ro code   0x800'1a94   0x1a2  DblMul.o [3]
  .text              ro code   0x800'1c36     0xa  xmbcurmax.o [2]
  .text              ro code   0x800'1c40   0x106  I64DivMod_small.o [4]
  .text              ro code   0x800'1d46     0x6  abort.o [2]
  .text              ro code   0x800'1d4c   0x16a  DblAdd.o [3]
  .text              ro code   0x800'1eb8     0x2  I64DivZer.o [4]
  .text              ro code   0x800'1ebc    0x14  exit.o [5]
  .text              ro code   0x800'1ed0   0x59e  stm32f4xx_hal_adc.o [1]
  .text              ro code   0x800'2470   0x13c  adc.o [1]
  .text              ro code   0x800'25ac   0x170  main.o [1]
  .text              ro code   0x800'271c     0x2  stm32f4xx_hal_adc_ex.o [1]
  .text              ro code   0x800'271e     0x2  stm32f4xx_hal_adc.o [1]
  .text              ro code   0x800'2720     0x2  stm32f4xx_hal_adc.o [1]
  .text              ro code   0x800'2724   0x360  stm32f4xx_hal_dma.o [1]
  .text              ro code   0x800'2a84     0x2  stm32f4xx_hal_adc.o [1]
  .text              ro code   0x800'2a86    0x14  memset.o [4]
  .text              ro code   0x800'2a9c   0x1e4  stm32f4xx_hal_gpio.o [1]
  .text              ro code   0x800'2c80    0xc4  stm32f4xx_hal_cortex.o [1]
  .text              ro code   0x800'2d44    0x34  stm32f4xx_hal.o [1]
  .text              ro code   0x800'2d78    0xb8  gpio.o [1]
  .text              ro code   0x800'2e30    0x34  dma.o [1]
  .text              ro code   0x800'2e64   0x2ce  lcd.o [1]
  .text              ro code   0x800'3134    0x40  sprintf.o [2]
  .text              ro code   0x800'3174    0x48  FltToDbl.o [3]
  .text              ro code   0x800'31bc    0x28  stm32f4xx_hal.o [1]
  .text              ro code   0x800'31e4   0x310  stm32f4xx_hal_rcc.o [1]
  .text              ro code   0x800'34f4   0x180  stm32f4xx_hal_rcc.o [1]
  .text              ro code   0x800'3674     0xc  stm32f4xx_hal.o [1]
  .text              ro code   0x800'3680    0x66  ABImemset.o [4]
  .text              ro code   0x800'36e8    0x40  stm32f4xx_hal.o [1]
  .text              ro code   0x800'3728    0x38  stm32f4xx_hal_msp.o [1]
  .text              ro code   0x800'3760    0x78  lz77_init_single.o [4]
  .text              ro code   0x800'37d8    0x2c  system_stm32f4xx.o [1]
  .text              ro code   0x800'3804    0x28  stm32f4xx_it.o [1]
  .text              ro code   0x800'382c    0x10  stm32f4xx_hal.o [1]
  .text              ro code   0x800'383c    0x28  data_init.o [4]
  .text              ro code   0x800'3864    0x22  fpinit_M.o [3]
  .iar.init_table    const     0x800'3888    0x20  - Linker created -
  .text              ro code   0x800'38a8    0x1e  cmain.o [4]
  .text              ro code   0x800'38c6     0x4  low_level_init.o [2]
  .text              ro code   0x800'38ca     0x4  exit.o [2]
  .text              ro code   0x800'38d0     0xa  cexit.o [4]
  .text              ro code   0x800'38dc    0x10  startup_stm32f405xx.o [1]
  .text              ro code   0x800'38ec     0xc  cstartup_M.o [4]
  .text              ro code   0x800'38f8     0x4  startup_stm32f405xx.o [1]
  .text              ro code   0x800'38fc     0x4  startup_stm32f405xx.o [1]
  .text              ro code   0x800'3900     0x4  startup_stm32f405xx.o [1]
  .text              ro code   0x800'3904     0x4  startup_stm32f405xx.o [1]
  .text              ro code   0x800'3908     0x4  startup_stm32f405xx.o [1]
  .text              ro code   0x800'390c     0x4  startup_stm32f405xx.o [1]
  .text              ro code   0x800'3910     0x4  startup_stm32f405xx.o [1]
  .text              ro code   0x800'3914     0x4  startup_stm32f405xx.o [1]
  .text              ro code   0x800'3918     0x4  startup_stm32f405xx.o [1]
  .text              ro code   0x800'391c     0x4  startup_stm32f405xx.o [1]
  .text              ro code   0x800'3920     0x4  startup_stm32f405xx.o [1]
  .text              ro code   0x800'3924     0x4  startup_stm32f405xx.o [1]
  .text              ro code   0x800'3928     0x4  startup_stm32f405xx.o [1]
  .text              ro code   0x800'392c     0x4  startup_stm32f405xx.o [1]
  .text              ro code   0x800'3930     0x4  startup_stm32f405xx.o [1]
  .text              ro code   0x800'3934     0x4  startup_stm32f405xx.o [1]
  .text              ro code   0x800'3938     0x4  startup_stm32f405xx.o [1]
  .text              ro code   0x800'393c     0x4  startup_stm32f405xx.o [1]
  .text              ro code   0x800'3940     0x4  startup_stm32f405xx.o [1]
  .text              ro code   0x800'3944     0x4  startup_stm32f405xx.o [1]
  .text              ro code   0x800'3948     0x4  startup_stm32f405xx.o [1]
  .text              ro code   0x800'394c     0x4  startup_stm32f405xx.o [1]
  .text              ro code   0x800'3950     0x4  startup_stm32f405xx.o [1]
  .text              ro code   0x800'3954     0x4  startup_stm32f405xx.o [1]
  .text              ro code   0x800'3958     0x4  startup_stm32f405xx.o [1]
  .text              ro code   0x800'395c     0x4  startup_stm32f405xx.o [1]
  .text              ro code   0x800'3960     0x4  startup_stm32f405xx.o [1]
  .text              ro code   0x800'3964     0x4  startup_stm32f405xx.o [1]
  .text              ro code   0x800'3968     0x4  startup_stm32f405xx.o [1]
  .text              ro code   0x800'396c     0x4  startup_stm32f405xx.o [1]
  .text              ro code   0x800'3970     0x4  startup_stm32f405xx.o [1]
  .text              ro code   0x800'3974     0x4  startup_stm32f405xx.o [1]
  .text              ro code   0x800'3978     0x4  startup_stm32f405xx.o [1]
  .text              ro code   0x800'397c     0x4  startup_stm32f405xx.o [1]
  .text              ro code   0x800'3980     0x4  startup_stm32f405xx.o [1]
  .text              ro code   0x800'3984     0x4  startup_stm32f405xx.o [1]
  .text              ro code   0x800'3988     0x4  startup_stm32f405xx.o [1]
  .text              ro code   0x800'398c     0x4  startup_stm32f405xx.o [1]
  .text              ro code   0x800'3990     0x4  startup_stm32f405xx.o [1]
  .text              ro code   0x800'3994     0x4  startup_stm32f405xx.o [1]
  .text              ro code   0x800'3998     0x4  startup_stm32f405xx.o [1]
  .text              ro code   0x800'399c     0x4  startup_stm32f405xx.o [1]
  .text              ro code   0x800'39a0     0x4  startup_stm32f405xx.o [1]
  .text              ro code   0x800'39a4     0x4  startup_stm32f405xx.o [1]
  .text              ro code   0x800'39a8     0x4  startup_stm32f405xx.o [1]
  .text              ro code   0x800'39ac     0x4  startup_stm32f405xx.o [1]
  .text              ro code   0x800'39b0     0x4  startup_stm32f405xx.o [1]
  .text              ro code   0x800'39b4     0x4  startup_stm32f405xx.o [1]
  .text              ro code   0x800'39b8     0x4  startup_stm32f405xx.o [1]
  .text              ro code   0x800'39bc     0x4  startup_stm32f405xx.o [1]
  .text              ro code   0x800'39c0     0x4  startup_stm32f405xx.o [1]
  .text              ro code   0x800'39c4     0x4  startup_stm32f405xx.o [1]
  .text              ro code   0x800'39c8     0x4  startup_stm32f405xx.o [1]
  .text              ro code   0x800'39cc     0x4  startup_stm32f405xx.o [1]
  .text              ro code   0x800'39d0     0x4  startup_stm32f405xx.o [1]
  .text              ro code   0x800'39d4     0x4  startup_stm32f405xx.o [1]
  .text              ro code   0x800'39d8     0x4  startup_stm32f405xx.o [1]
  .text              ro code   0x800'39dc     0x4  startup_stm32f405xx.o [1]
  .text              ro code   0x800'39e0     0x4  startup_stm32f405xx.o [1]
  .text              ro code   0x800'39e4     0x4  startup_stm32f405xx.o [1]
  .text              ro code   0x800'39e8     0x4  startup_stm32f405xx.o [1]
  .text              ro code   0x800'39ec     0x4  startup_stm32f405xx.o [1]
  .text              ro code   0x800'39f0     0x4  startup_stm32f405xx.o [1]
  .text              ro code   0x800'39f4     0x4  startup_stm32f405xx.o [1]
  .text              ro code   0x800'39f8     0x4  startup_stm32f405xx.o [1]
  .text              ro code   0x800'39fc     0x4  startup_stm32f405xx.o [1]
  .text              ro code   0x800'3a00     0x4  startup_stm32f405xx.o [1]
  .text              ro code   0x800'3a04     0x4  startup_stm32f405xx.o [1]
  .text              ro code   0x800'3a08     0x4  startup_stm32f405xx.o [1]
  .text              ro code   0x800'3a0c     0x4  startup_stm32f405xx.o [1]
  .text              ro code   0x800'3a10     0x4  startup_stm32f405xx.o [1]
  .text              ro code   0x800'3a14     0x4  startup_stm32f405xx.o [1]
  .text              ro code   0x800'3a18     0x4  startup_stm32f405xx.o [1]
  .text              ro code   0x800'3a1c     0x4  startup_stm32f405xx.o [1]
  .text              ro code   0x800'3a20     0x4  startup_stm32f405xx.o [1]
  .text              ro code   0x800'3a24     0x4  startup_stm32f405xx.o [1]
  .rodata            const     0x800'3a28     0x0  zero_init3.o [4]
  .rodata            const     0x800'3a28     0x0  lz77_init_single.o [4]
  Initializer bytes  const     0x800'3a28    0x35  <for P2-1>
                             - 0x800'3a5d  0x38d5

"P2", part 1 of 3:                           0x90
  P2-1                        0x2000'0000    0x90  <Init block>
    .data            inited   0x2000'0000     0xc  stm32f4xx_hal.o [1]
    .data            inited   0x2000'000c     0x4  system_stm32f4xx.o [1]
    .data            inited   0x2000'0010    0x38  xlocale_c.o [2]
    .data            inited   0x2000'0048    0x48  xlocale_c.o [2]
                            - 0x2000'0090    0x90

"P2", part 2 of 3:                           0xd0
  .bss               zero     0x2000'0090    0x60  adc.o [1]
  .bss               zero     0x2000'00f0    0x48  adc.o [1]
  .bss               zero     0x2000'0138    0x24  main.o [1]
  .bss               zero     0x2000'015c     0x4  xfail_s.o [2]
                            - 0x2000'0160    0xd0

"P2", part 3 of 3:                          0x400
  CSTACK                      0x2000'0160   0x400  <Block>
    CSTACK           uninit   0x2000'0160   0x400  <Block tail>
                            - 0x2000'0560   0x400

Unused ranges:

         From           To      Size
         ----           --      ----
   0x800'3a5d   0x80f'ffff  0xf'c5a3
  0x2000'0560  0x2001'ffff  0x1'faa0


*******************************************************************************
*** INIT TABLE
***

          Address      Size
          -------      ----
Zero (__iar_zero_init3)
    1 destination range, total size 0xd0:
          0x2000'0090  0xd0

Copy/lz77 (__iar_lz77_init_single3)
    1 source range, total size 0x35 (36% of destination):
           0x800'3a28  0x35
    1 destination range, total size 0x90:
          0x2000'0000  0x90



*******************************************************************************
*** MODULE SUMMARY
***

    Module                  ro code  ro data  rw data
    ------                  -------  -------  -------
command line/config:
    -------------------------------------------------
    Total:

C:\Users\PKNU\Desktop\IOT\StudyARM\Cds_Votage_ADC_DMA\EWARM\Cds_Votage_ADC_DMA\Obj: [1]
    adc.o                       316               168
    dma.o                        52
    gpio.o                      184
    lcd.o                       718
    main.o                      368                36
    startup_stm32f405xx.o       712
    stm32f4xx_hal.o             184        4       12
    stm32f4xx_hal_adc.o       1'444
    stm32f4xx_hal_adc_ex.o        2
    stm32f4xx_hal_cortex.o      196
    stm32f4xx_hal_dma.o         864
    stm32f4xx_hal_gpio.o        484
    stm32f4xx_hal_msp.o          56
    stm32f4xx_hal_rcc.o       1'168
    stm32f4xx_it.o               40
    system_stm32f4xx.o           44        1        4
    -------------------------------------------------
    Total:                    6'832        5      220

dl7M_tlf.a: [2]
    abort.o                       6
    exit.o                        4
    low_level_init.o              4
    sprintf.o                    64
    xencoding_8859_1.o           30
    xfail_s.o                    64                 4
    xlocale_c.o                 124       53      128
    xmbcurmax.o                  10
    xprintffull.o             4'294
    xsprout.o                    10
    -------------------------------------------------
    Total:                    4'610       53      132

m7M_tls.a: [3]
    DblAdd.o                    362
    DblCmpGe.o                   46
    DblCmpLe.o                   46
    DblDiv.o                    582
    DblMul.o                    418
    DblSub.o                    226
    DblToS32.o                   58
    DblToU32.o                   40
    FltToDbl.o                   72
    S32ToDbl.o                   34
    U32ToDbl.o                   26
    fpinit_M.o                   34
    frexp.o                     112
    ldexp.o                     314
    -------------------------------------------------
    Total:                    2'370

rt7M_tl.a: [4]
    ABImemcpy.o                 166
    ABImemset.o                 102
    I64DivMod_small.o           262
    I64DivZer.o                   2
    cexit.o                      10
    cmain.o                      30
    cstartup_M.o                 12
    data_init.o                  40
    lz77_init_single.o          120
    memchr.o                     88
    memset.o                     20
    strchr.o                     22
    strlen.o                     54
    zero_init3.o                 58
    -------------------------------------------------
    Total:                      986

shb_l.a: [5]
    exit.o                       20
    -------------------------------------------------
    Total:                       20

    Gaps                         31        2
    Linker created                        32    1'024
-----------------------------------------------------
    Grand Total:             14'849       92    1'376


*******************************************************************************
*** ENTRY LIST
***

Entry                       Address   Size  Type      Object
-----                       -------   ----  ----      ------
.iar.init_table$$Base    0x800'3888          --   Gb  - Linker created -
.iar.init_table$$Limit   0x800'38a8          --   Gb  - Linker created -
?main                    0x800'38a9         Code  Gb  cmain.o [4]
ADC_DMAConvCplt          0x800'23ed   0x66  Code  Lc  stm32f4xx_hal_adc.o [1]
ADC_DMAError             0x800'245d   0x12  Code  Lc  stm32f4xx_hal_adc.o [1]
ADC_DMAHalfConvCplt      0x800'2455    0x6  Code  Lc  stm32f4xx_hal_adc.o [1]
ADC_IRQHandler           0x800'3819    0x6  Code  Gb  stm32f4xx_it.o [1]
AHBPrescTable            0x800'37f4   0x10  Data  Gb  system_stm32f4xx.o [1]
BusFault_Handler         0x800'380b    0x2  Code  Gb  stm32f4xx_it.o [1]
CSTACK$$Base            0x2000'0160          --   Gb  - Linker created -
CSTACK$$Limit           0x2000'0560          --   Gb  - Linker created -
CacheMore                0x800'128d   0x28  Code  Lc  xlocale_c.o [2]
DMA2_Stream0_IRQHandler
                         0x800'381f    0x6  Code  Gb  stm32f4xx_it.o [1]
DMA_CalcBaseAndBitshift
                         0x800'2a55   0x26  Code  Lc  stm32f4xx_hal_dma.o [1]
DMA_CalcBaseAndBitshift::flagBitshiftOffset
                         0x800'2a7c    0x8  Data  Lc  stm32f4xx_hal_dma.o [1]
DMA_SetConfig            0x800'2a35   0x20  Code  Lc  stm32f4xx_hal_dma.o [1]
DebugMon_Handler         0x800'3811    0x2  Code  Gb  stm32f4xx_it.o [1]
Error_Handler            0x800'2701    0x2  Code  Gb  main.o [1]
HAL_ADCEx_InjectedConvCpltCallback
                         0x800'271d    0x2  Code  Wk  stm32f4xx_hal_adc_ex.o [1]
HAL_ADC_ConfigChannel    0x800'2293  0x110  Code  Gb  stm32f4xx_hal_adc.o [1]
HAL_ADC_ConvCpltCallback
                         0x800'26dd    0xc  Code  Gb  main.o [1]
HAL_ADC_IRQHandler       0x800'2057  0x122  Code  Gb  stm32f4xx_hal_adc.o [1]
HAL_ADC_Init             0x800'1ed1  0x154  Code  Gb  stm32f4xx_hal_adc.o [1]
HAL_ADC_MspInit          0x800'24e9   0xa6  Code  Gb  adc.o [1]
HAL_ADC_Start_DMA        0x800'2185  0x10e  Code  Gb  stm32f4xx_hal_adc.o [1]
HAL_DMA_IRQHandler       0x800'2875  0x188  Code  Gb  stm32f4xx_hal_dma.o [1]
HAL_DMA_Init             0x800'2725   0xee  Code  Gb  stm32f4xx_hal_dma.o [1]
HAL_DMA_Start_IT         0x800'2813   0x62  Code  Gb  stm32f4xx_hal_dma.o [1]
HAL_Delay                0x800'31bd   0x28  Code  Wk  stm32f4xx_hal.o [1]
HAL_GPIO_Init            0x800'2a9d  0x1ae  Code  Gb  stm32f4xx_hal_gpio.o [1]
HAL_GPIO_WritePin        0x800'2c4b    0x8  Code  Gb  stm32f4xx_hal_gpio.o [1]
HAL_GetTick              0x800'3675    0xc  Code  Wk  stm32f4xx_hal.o [1]
HAL_IncTick              0x800'382d   0x10  Code  Wk  stm32f4xx_hal.o [1]
HAL_Init                 0x800'2d45   0x30  Code  Gb  stm32f4xx_hal.o [1]
HAL_InitTick             0x800'36e9   0x40  Code  Wk  stm32f4xx_hal.o [1]
HAL_MspInit              0x800'3729   0x38  Code  Gb  stm32f4xx_hal_msp.o [1]
HAL_NVIC_EnableIRQ       0x800'2cef   0x16  Code  Gb  stm32f4xx_hal_cortex.o [1]
HAL_NVIC_SetPriority     0x800'2cb5   0x3a  Code  Gb  stm32f4xx_hal_cortex.o [1]
HAL_NVIC_SetPriorityGrouping
                         0x800'2c9b   0x1a  Code  Gb  stm32f4xx_hal_cortex.o [1]
HAL_RCC_ClockConfig      0x800'34f5  0x100  Code  Gb  stm32f4xx_hal_rcc.o [1]
HAL_RCC_OscConfig        0x800'31e5  0x310  Code  Wk  stm32f4xx_hal_rcc.o [1]
HAL_SYSTICK_Config       0x800'2d05   0x28  Code  Gb  stm32f4xx_hal_cortex.o [1]
HardFault_Handler        0x800'3807    0x2  Code  Gb  stm32f4xx_it.o [1]
MX_ADC1_Init             0x800'2471   0x78  Code  Gb  adc.o [1]
MX_DMA_Init              0x800'2e31   0x34  Code  Gb  dma.o [1]
MX_GPIO_Init             0x800'2d79   0x9a  Code  Gb  gpio.o [1]
MemManage_Handler        0x800'3809    0x2  Code  Gb  stm32f4xx_it.o [1]
NMI_Handler              0x800'3805    0x2  Code  Gb  stm32f4xx_it.o [1]
PendSV_Handler           0x800'3813    0x2  Code  Gb  stm32f4xx_it.o [1]
Region$$Table$$Base      0x800'3888          --   Gb  - Linker created -
Region$$Table$$Limit     0x800'38a8          --   Gb  - Linker created -
SVC_Handler              0x800'380f    0x2  Code  Gb  stm32f4xx_it.o [1]
SysTick_Handler          0x800'3815    0x4  Code  Gb  stm32f4xx_it.o [1]
SystemClock_Config       0x800'2647   0x96  Code  Gb  main.o [1]
SystemCoreClock         0x2000'000c    0x4  Data  Gb  system_stm32f4xx.o [1]
SystemInit               0x800'37d9   0x14  Code  Gb  system_stm32f4xx.o [1]
UsageFault_Handler       0x800'380d    0x2  Code  Gb  stm32f4xx_it.o [1]
_Encoding_8859_1_Mbrlen
                         0x800'132d    0x2  Code  Gb  xencoding_8859_1.o [2]
_Encoding_8859_1_Wctomb
                         0x800'131b   0x12  Code  Gb  xencoding_8859_1.o [2]
_LitobFull               0x800'109b  0x10a  Code  Lc  xprintffull.o [2]
_Locale_lconv           0x2000'0010   0x38  Data  Lc  xlocale_c.o [2]
_PrintfFull              0x800'0189  0xcc2  Code  Gb  xprintffull.o [2]
_PutcharsFull            0x800'120d   0x2e  Code  Lc  xprintffull.o [2]
_PutstrFull              0x800'0fdb   0xc0  Code  Lc  xprintffull.o [2]
_PuttxtFull              0x800'0ecf  0x10c  Code  Lc  xprintffull.o [2]
_SProut                  0x800'13af    0xa  Code  Gb  xsprout.o [2]
__NVIC_SetPriority       0x800'2c81   0x1a  Code  Lc  stm32f4xx_hal_cortex.o [1]
__aeabi_cdcmple          0x800'1529         Code  Gb  DblCmpLe.o [3]
__aeabi_cdrcmple         0x800'1559         Code  Gb  DblCmpGe.o [3]
__aeabi_d2iz             0x800'16c5         Code  Gb  DblToS32.o [3]
__aeabi_d2uiz            0x800'1a51         Code  Gb  DblToU32.o [3]
__aeabi_ddiv             0x800'1809         Code  Gb  DblDiv.o [3]
__aeabi_dmul             0x800'1a95         Code  Gb  DblMul.o [3]
__aeabi_dsub             0x800'1725         Code  Gb  DblSub.o [3]
__aeabi_f2d              0x800'3175         Code  Gb  FltToDbl.o [3]
__aeabi_i2d              0x800'1701         Code  Gb  S32ToDbl.o [3]
__aeabi_ldiv0            0x800'1eb9         Code  Gb  I64DivZer.o [4]
__aeabi_memcpy           0x800'1411         Code  Gb  ABImemcpy.o [4]
__aeabi_memcpy4          0x800'1431         Code  Gb  ABImemcpy.o [4]
__aeabi_memcpy8          0x800'1431         Code  Gb  ABImemcpy.o [4]
__aeabi_memset           0x800'3681         Code  Gb  ABImemset.o [4]
__aeabi_ui2d             0x800'1a79         Code  Gb  U32ToDbl.o [3]
__cmain                  0x800'38a9         Code  Gb  cmain.o [4]
__exit                   0x800'1ebd   0x14  Code  Gb  exit.o [5]
__iar_Fail_s             0x800'1339   0x1c  Code  Gb  xfail_s.o [2]
__iar_Mbcurmax           0x800'1c37    0xa  Code  Gb  xmbcurmax.o [2]
__iar_Memchr             0x800'13b9         Code  Gb  memchr.o [4]
__iar_Memset             0x800'3681         Code  Gb  ABImemset.o [4]
__iar_Memset_word        0x800'3689         Code  Gb  ABImemset.o [4]
__iar_Strchr             0x800'1305         Code  Gb  strchr.o [4]
__iar_dadd               0x800'1735         Code  Gb  DblSub.o [3]
__iar_data_init3         0x800'383d   0x28  Code  Gb  data_init.o [4]
__iar_dsub               0x800'1d4d         Code  Gb  DblAdd.o [3]
__iar_dsubStart          0x800'1d5f         Code  Gb  DblAdd.o [3]
__iar_frexp              0x800'14c5         Code  Gb  frexp.o [3]
__iar_frexpl             0x800'14c5         Code  Gb  frexp.o [3]
__iar_globLocale        0x2000'0048   0x48  Data  Lc  xlocale_c.o [2]
__iar_global_Locale      0x800'1289    0x4  Code  Gb  xlocale_c.o [2]
__iar_init_vfp           0x800'3865         Code  Gb  fpinit_M.o [3]
__iar_ldexp64            0x800'1589         Code  Gb  ldexp.o [3]
__iar_lz77_init_single3
                         0x800'3761   0x78  Code  Gb  lz77_init_single.o [4]
__iar_program_start      0x800'38ed         Code  Gb  cstartup_M.o [4]
__iar_scalbln64          0x800'1589         Code  Gb  ldexp.o [3]
__iar_scalbn64           0x800'1589         Code  Gb  ldexp.o [3]
__iar_small_uldivmod     0x800'1c41         Code  Gb  I64DivMod_small.o [4]
__iar_softfp___iar_frexp64
                         0x800'14b9         Code  Gb  frexp.o [3]
__iar_softfp_frexp       0x800'14b9         Code  Gb  frexp.o [3]
__iar_softfp_frexpl      0x800'14b9         Code  Gb  frexp.o [3]
__iar_zero_init3         0x800'124f   0x3a  Code  Gb  zero_init3.o [4]
__low_level_init         0x800'38c7    0x4  Code  Gb  low_level_init.o [2]
__vector_table           0x800'0000         Data  Gb  startup_stm32f405xx.o [1]
_call_main               0x800'38b5         Code  Gb  cmain.o [4]
_exit                    0x800'38d1         Code  Gb  cexit.o [4]
_gLocale_mblen           0x800'12f1    0x4  Code  Gb  xlocale_c.o [2]
_gLocale_mblenInt        0x800'12b5   0x2c  Code  Gb  xlocale_c.o [2]
_gLocale_wctomb          0x800'12f5    0x4  Code  Gb  xlocale_c.o [2]
_gLocale_wctombInt       0x800'12ed    0x4  Code  Gb  xlocale_c.o [2]
_main                    0x800'38c3         Code  Gb  cmain.o [4]
abort                    0x800'1d47    0x6  Code  Gb  abort.o [2]
adcData                 0x2000'0138    0x8  Data  Gb  main.o [1]
buffer                  0x2000'0140    0x8  Data  Gb  main.o [1]
exit                     0x800'38cb    0x4  Code  Gb  exit.o [2]
hadc1                   0x2000'00f0   0x48  Data  Gb  adc.o [1]
hdma_adc1               0x2000'0090   0x60  Data  Gb  adc.o [1]
lcdClear                 0x800'30f7    0x4  Code  Gb  lcd.o [1]
lcdControlWrite          0x800'3033    0xc  Code  Gb  lcd.o [1]
lcdDataWrite             0x800'303f   0x12  Code  Gb  lcd.o [1]
lcdGotoXY                0x800'30fb   0x1e  Code  Gb  lcd.o [1]
lcdInit                  0x800'30c5   0x32  Code  Gb  lcd.o [1]
lcdInitHW                0x800'2fd1   0x62  Code  Gb  lcd.o [1]
lcdPrint                 0x800'3119   0x1a  Code  Gb  lcd.o [1]
lcdmDelay                0x800'2fb3   0x1e  Code  Lc  lcd.o [1]
lcduDelay                0x800'2e65  0x14e  Code  Lc  lcd.o [1]
ldexp                    0x800'1589         Code  Gb  ldexp.o [3]
ldexpl                   0x800'1589         Code  Gb  ldexp.o [3]
localeconv               0x800'12f9    0x4  Code  Gb  xlocale_c.o [2]
main                     0x800'25ad   0x9a  Code  Gb  main.o [1]
memchr                   0x800'13b9         Code  Gb  memchr.o [4]
memset                   0x800'2a87   0x14  Code  Gb  memset.o [4]
scalbln                  0x800'1589         Code  Gb  ldexp.o [3]
scalblnl                 0x800'1589         Code  Gb  ldexp.o [3]
scalbn                   0x800'1589         Code  Gb  ldexp.o [3]
scalbnl                  0x800'1589         Code  Gb  ldexp.o [3]
scale                    0x800'11a5   0x46  Code  Lc  xprintffull.o [2]
sec_hand                0x2000'015c    0x4  Data  Lc  xfail_s.o [2]
sprintf                  0x800'3135   0x40  Code  Gb  sprintf.o [2]
str                     0x2000'014c   0x10  Data  Gb  main.o [1]
strchr                   0x800'1305         Code  Gb  strchr.o [4]
strlen                   0x800'1379         Code  Gb  strlen.o [4]
uwTick                  0x2000'0004    0x4  Data  Gb  stm32f4xx_hal.o [1]
uwTickFreq              0x2000'0000    0x1  Data  Gb  stm32f4xx_hal.o [1]
uwTickPrio              0x2000'0008    0x4  Data  Gb  stm32f4xx_hal.o [1]
volt                    0x2000'0148    0x4  Data  Gb  main.o [1]


[1] = C:\Users\PKNU\Desktop\IOT\StudyARM\Cds_Votage_ADC_DMA\EWARM\Cds_Votage_ADC_DMA\Obj
[2] = dl7M_tlf.a
[3] = m7M_tls.a
[4] = rt7M_tl.a
[5] = shb_l.a

  14'849 bytes of readonly  code memory
      92 bytes of readonly  data memory
   1'376 bytes of readwrite data memory

Errors: none
Warnings: none
